Analyzing kudipay...                                            

   info - 'withOpacity' is deprecated and shouldn't be used. Use .withValues() to avoid precision loss - lib\core\constant\constant.dart:67:58 - deprecated_member_use
   info - 'withOpacity' is deprecated and shouldn't be used. Use .withValues() to avoid precision loss - lib\core\constant\constant.dart:67:58 - deprecated_member_use
   info - 'withOpacity' is deprecated and shouldn't be used. Use .withValues() to avoid precision loss - lib\core\constant\constant.dart:67:58 - deprecated_member_use
   info - 'withOpacity' is deprecated and shouldn't be used. Use .withValues() to avoid precision loss - lib\core\constant\constant.dart:67:58 - deprecated_member_use
   info - 'withOpacity' is deprecated and shouldn't be used. Use .withValues() to avoid precision loss - lib\core\utils\shared_widget.dart:143:64 - deprecated_member_use
   info - 'withOpacity' is deprecated and shouldn't be used. Use .withValues() to avoid precision loss - lib\core\utils\shared_widget.dart:143:64 - deprecated_member_use
   info - 'withOpacity' is deprecated and shouldn't be used. Use .withValues() to avoid precision loss - lib\core\utils\shared_widget.dart:143:64 - deprecated_member_use
   info - 'withOpacity' is deprecated and shouldn't be used. Use .withValues() to avoid precision loss - lib\core\utils\shared_widget.dart:143:64 - deprecated_member_use
   info - 'withOpacity' is deprecated and shouldn't be used. Use .withValues() to avoid precision loss - lib\core\utils\shared_widget.dart:144:44 - deprecated_member_use
   info - 'withOpacity' is deprecated and shouldn't be used. Use .withValues() to avoid precision loss - lib\core\utils\shared_widget.dart:144:44 - deprecated_member_use
   info - 'withOpacity' is deprecated and shouldn't be used. Use .withValues() to avoid precision loss - lib\core\utils\shared_widget.dart:144:44 - deprecated_member_use
   info - 'withOpacity' is deprecated and shouldn't be used. Use .withValues() to avoid precision loss - lib\core\utils\shared_widget.dart:144:44 - deprecated_member_use
   info - 'withOpacity' is deprecated and shouldn't be used. Use .withValues() to avoid precision loss - lib\core\utils\shared_widget.dart:272:22 - deprecated_member_use
   info - 'withOpacity' is deprecated and shouldn't be used. Use .withValues() to avoid precision loss - lib\core\utils\shared_widget.dart:272:22 - deprecated_member_use
   info - 'withOpacity' is deprecated and shouldn't be used. Use .withValues() to avoid precision loss - lib\core\utils\shared_widget.dart:272:22 - deprecated_member_use
   info - 'withOpacity' is deprecated and shouldn't be used. Use .withValues() to avoid precision loss - lib\core\utils\shared_widget.dart:272:22 - deprecated_member_use
   info - Dangling library doc comment - lib\formatting\dump\dump.dart:1:1 - dangling_library_doc_comments
   info - Dangling library doc comment - lib\formatting\dump\dump.dart:1:1 - dangling_library_doc_comments
   info - Dangling library doc comment - lib\formatting\dump\dump.dart:1:1 - dangling_library_doc_comments
   info - Dangling library doc comment - lib\formatting\dump\dump.dart:1:1 - dangling_library_doc_comments
   info - The file name 'KudiAppbar.dart' isn't a lower_case_with_underscores identifier - lib\formatting\widget\KudiAppbar.dart:1:1 - file_names
   info - The file name 'KudiAppbar.dart' isn't a lower_case_with_underscores identifier - lib\formatting\widget\KudiAppbar.dart:1:1 - file_names
   info - The file name 'KudiAppbar.dart' isn't a lower_case_with_underscores identifier - lib\formatting\widget\KudiAppbar.dart:1:1 - file_names
   info - The file name 'KudiAppbar.dart' isn't a lower_case_with_underscores identifier - lib\formatting\widget\KudiAppbar.dart:1:1 - file_names
   info - 'withOpacity' is deprecated and shouldn't be used. Use .withValues() to avoid precision loss - lib\formatting\widget\agent_list_tile.dart:140:40 - deprecated_member_use
   info - 'withOpacity' is deprecated and shouldn't be used. Use .withValues() to avoid precision loss - lib\formatting\widget\agent_list_tile.dart:140:40 - deprecated_member_use
   info - 'withOpacity' is deprecated and shouldn't be used. Use .withValues() to avoid precision loss - lib\formatting\widget\agent_list_tile.dart:140:40 - deprecated_member_use
   info - 'withOpacity' is deprecated and shouldn't be used. Use .withValues() to avoid precision loss - lib\formatting\widget\agent_list_tile.dart:140:40 - deprecated_member_use
   info - Constructors in '@immutable' classes should be declared as 'const' - lib\formatting\widget\app_loading_indicator.dart:44:3 - prefer_const_constructors_in_immutables
   info - Constructors in '@immutable' classes should be declared as 'const' - lib\formatting\widget\app_loading_indicator.dart:44:3 - prefer_const_constructors_in_immutables
   info - Constructors in '@immutable' classes should be declared as 'const' - lib\formatting\widget\app_loading_indicator.dart:44:3 - prefer_const_constructors_in_immutables
   info - Constructors in '@immutable' classes should be declared as 'const' - lib\formatting\widget\app_loading_indicator.dart:44:3 - prefer_const_constructors_in_immutables
   info - 'withOpacity' is deprecated and shouldn't be used. Use .withValues() to avoid precision loss - lib\formatting\widget\bottom_nav.dart:50:35 - deprecated_member_use
   info - 'withOpacity' is deprecated and shouldn't be used. Use .withValues() to avoid precision loss - lib\formatting\widget\bottom_nav.dart:50:35 - deprecated_member_use
   info - 'withOpacity' is deprecated and shouldn't be used. Use .withValues() to avoid precision loss - lib\formatting\widget\bottom_nav.dart:50:35 - deprecated_member_use
   info - 'withOpacity' is deprecated and shouldn't be used. Use .withValues() to avoid precision loss - lib\formatting\widget\bottom_nav.dart:50:35 - deprecated_member_use
   info - Parameter 'key' could be a super parameter - lib\formatting\widget\bulk_transfer_pin_dialog.dart:14:9 - use_super_parameters
   info - Parameter 'key' could be a super parameter - lib\formatting\widget\bulk_transfer_pin_dialog.dart:14:9 - use_super_parameters
   info - Parameter 'key' could be a super parameter - lib\formatting\widget\bulk_transfer_pin_dialog.dart:14:9 - use_super_parameters
   info - Parameter 'key' could be a super parameter - lib\formatting\widget\bulk_transfer_pin_dialog.dart:14:9 - use_super_parameters
   info - Parameter 'key' could be a super parameter - lib\formatting\widget\color_app_button.dart:10:9 - use_super_parameters
   info - Parameter 'key' could be a super parameter - lib\formatting\widget\color_app_button.dart:10:9 - use_super_parameters
   info - Parameter 'key' could be a super parameter - lib\formatting\widget\color_app_button.dart:10:9 - use_super_parameters
   info - Parameter 'key' could be a super parameter - lib\formatting\widget\color_app_button.dart:10:9 - use_super_parameters
   info - 'withOpacity' is deprecated and shouldn't be used. Use .withValues() to avoid precision loss - lib\formatting\widget\color_app_button.dart:23:47 - deprecated_member_use
   info - 'withOpacity' is deprecated and shouldn't be used. Use .withValues() to avoid precision loss - lib\formatting\widget\color_app_button.dart:23:47 - deprecated_member_use
   info - 'withOpacity' is deprecated and shouldn't be used. Use .withValues() to avoid precision loss - lib\formatting\widget\color_app_button.dart:23:47 - deprecated_member_use
   info - 'withOpacity' is deprecated and shouldn't be used. Use .withValues() to avoid precision loss - lib\formatting\widget\color_app_button.dart:23:47 - deprecated_member_use
   info - 'withOpacity' is deprecated and shouldn't be used. Use .withValues() to avoid precision loss - lib\formatting\widget\confirm_bottomsheet.dart:158:54 - deprecated_member_use
   info - 'withOpacity' is deprecated and shouldn't be used. Use .withValues() to avoid precision loss - lib\formatting\widget\confirm_bottomsheet.dart:158:54 - deprecated_member_use
   info - 'withOpacity' is deprecated and shouldn't be used. Use .withValues() to avoid precision loss - lib\formatting\widget\confirm_bottomsheet.dart:158:54 - deprecated_member_use
   info - 'withOpacity' is deprecated and shouldn't be used. Use .withValues() to avoid precision loss - lib\formatting\widget\confirm_bottomsheet.dart:158:54 - deprecated_member_use
   info - 'withOpacity' is deprecated and shouldn't be used. Use .withValues() to avoid precision loss - lib\formatting\widget\contact_list_item.dart:195:36 - deprecated_member_use
   info - 'withOpacity' is deprecated and shouldn't be used. Use .withValues() to avoid precision loss - lib\formatting\widget\contact_list_item.dart:195:36 - deprecated_member_use
   info - 'withOpacity' is deprecated and shouldn't be used. Use .withValues() to avoid precision loss - lib\formatting\widget\contact_list_item.dart:195:36 - deprecated_member_use
   info - 'withOpacity' is deprecated and shouldn't be used. Use .withValues() to avoid precision loss - lib\formatting\widget\contact_list_item.dart:195:36 - deprecated_member_use
   info - 'withOpacity' is deprecated and shouldn't be used. Use .withValues() to avoid precision loss - lib\formatting\widget\contact_picker_bottom_sheet.dart:942:22 - deprecated_member_use
   info - 'withOpacity' is deprecated and shouldn't be used. Use .withValues() to avoid precision loss - lib\formatting\widget\contact_picker_bottom_sheet.dart:942:22 - deprecated_member_use
   info - 'withOpacity' is deprecated and shouldn't be used. Use .withValues() to avoid precision loss - lib\formatting\widget\contact_picker_bottom_sheet.dart:942:22 - deprecated_member_use
   info - 'withOpacity' is deprecated and shouldn't be used. Use .withValues() to avoid precision loss - lib\formatting\widget\contact_picker_bottom_sheet.dart:942:22 - deprecated_member_use
   info - 'withOpacity' is deprecated and shouldn't be used. Use .withValues() to avoid precision loss - lib\formatting\widget\contact_picker_bottom_sheet.dart:944:41 - deprecated_member_use
   info - 'withOpacity' is deprecated and shouldn't be used. Use .withValues() to avoid precision loss - lib\formatting\widget\contact_picker_bottom_sheet.dart:944:41 - deprecated_member_use
   info - 'withOpacity' is deprecated and shouldn't be used. Use .withValues() to avoid precision loss - lib\formatting\widget\contact_picker_bottom_sheet.dart:944:41 - deprecated_member_use
   info - 'withOpacity' is deprecated and shouldn't be used. Use .withValues() to avoid precision loss - lib\formatting\widget\contact_picker_bottom_sheet.dart:944:41 - deprecated_member_use
   info - Parameter 'key' could be a super parameter - lib\formatting\widget\kudi_refresh_indicator.dart:27:9 - use_super_parameters
   info - Parameter 'key' could be a super parameter - lib\formatting\widget\kudi_refresh_indicator.dart:27:9 - use_super_parameters
   info - Parameter 'key' could be a super parameter - lib\formatting\widget\kudi_refresh_indicator.dart:27:9 - use_super_parameters
   info - Parameter 'key' could be a super parameter - lib\formatting\widget\kudi_refresh_indicator.dart:27:9 - use_super_parameters
   info - Parameter 'key' could be a super parameter - lib\formatting\widget\kyc_progress_widget.dart:15:9 - use_super_parameters
   info - Parameter 'key' could be a super parameter - lib\formatting\widget\kyc_progress_widget.dart:15:9 - use_super_parameters
   info - Parameter 'key' could be a super parameter - lib\formatting\widget\kyc_progress_widget.dart:15:9 - use_super_parameters
   info - Parameter 'key' could be a super parameter - lib\formatting\widget\kyc_progress_widget.dart:15:9 - use_super_parameters
   info - 'withOpacity' is deprecated and shouldn't be used. Use .withValues() to avoid precision loss - lib\formatting\widget\kyc_progress_widget.dart:45:33 - deprecated_member_use
   info - 'withOpacity' is deprecated and shouldn't be used. Use .withValues() to avoid precision loss - lib\formatting\widget\kyc_progress_widget.dart:45:33 - deprecated_member_use
   info - 'withOpacity' is deprecated and shouldn't be used. Use .withValues() to avoid precision loss - lib\formatting\widget\kyc_progress_widget.dart:45:33 - deprecated_member_use
   info - 'withOpacity' is deprecated and shouldn't be used. Use .withValues() to avoid precision loss - lib\formatting\widget\kyc_progress_widget.dart:45:33 - deprecated_member_use
   info - 'withOpacity' is deprecated and shouldn't be used. Use .withValues() to avoid precision loss - lib\formatting\widget\kyc_progress_widget.dart:114:44 - deprecated_member_use
   info - 'withOpacity' is deprecated and shouldn't be used. Use .withValues() to avoid precision loss - lib\formatting\widget\kyc_progress_widget.dart:114:44 - deprecated_member_use
   info - 'withOpacity' is deprecated and shouldn't be used. Use .withValues() to avoid precision loss - lib\formatting\widget\kyc_progress_widget.dart:114:44 - deprecated_member_use
   info - 'withOpacity' is deprecated and shouldn't be used. Use .withValues() to avoid precision loss - lib\formatting\widget\kyc_progress_widget.dart:114:44 - deprecated_member_use
   info - 'withOpacity' is deprecated and shouldn't be used. Use .withValues() to avoid precision loss - lib\formatting\widget\kyc_progress_widget.dart:137:39 - deprecated_member_use
   info - 'withOpacity' is deprecated and shouldn't be used. Use .withValues() to avoid precision loss - lib\formatting\widget\kyc_progress_widget.dart:137:39 - deprecated_member_use
   info - 'withOpacity' is deprecated and shouldn't be used. Use .withValues() to avoid precision loss - lib\formatting\widget\kyc_progress_widget.dart:137:39 - deprecated_member_use
   info - 'withOpacity' is deprecated and shouldn't be used. Use .withValues() to avoid precision loss - lib\formatting\widget\kyc_progress_widget.dart:137:39 - deprecated_member_use
   info - 'withOpacity' is deprecated and shouldn't be used. Use .withValues() to avoid precision loss - lib\formatting\widget\kyc_progress_widget.dart:157:45 - deprecated_member_use
   info - 'withOpacity' is deprecated and shouldn't be used. Use .withValues() to avoid precision loss - lib\formatting\widget\kyc_progress_widget.dart:157:45 - deprecated_member_use
   info - 'withOpacity' is deprecated and shouldn't be used. Use .withValues() to avoid precision loss - lib\formatting\widget\kyc_progress_widget.dart:157:45 - deprecated_member_use
   info - 'withOpacity' is deprecated and shouldn't be used. Use .withValues() to avoid precision loss - lib\formatting\widget\kyc_progress_widget.dart:157:45 - deprecated_member_use
   info - 'withOpacity' is deprecated and shouldn't be used. Use .withValues() to avoid precision loss - lib\formatting\widget\kyc_progress_widget.dart:239:37 - deprecated_member_use
   info - 'withOpacity' is deprecated and shouldn't be used. Use .withValues() to avoid precision loss - lib\formatting\widget\kyc_progress_widget.dart:239:37 - deprecated_member_use
   info - 'withOpacity' is deprecated and shouldn't be used. Use .withValues() to avoid precision loss - lib\formatting\widget\kyc_progress_widget.dart:239:37 - deprecated_member_use
   info - 'withOpacity' is deprecated and shouldn't be used. Use .withValues() to avoid precision loss - lib\formatting\widget\kyc_progress_widget.dart:239:37 - deprecated_member_use
   info - 'withOpacity' is deprecated and shouldn't be used. Use .withValues() to avoid precision loss - lib\formatting\widget\kyc_progress_widget.dart:290:31 - deprecated_member_use
   info - 'withOpacity' is deprecated and shouldn't be used. Use .withValues() to avoid precision loss - lib\formatting\widget\kyc_progress_widget.dart:290:31 - deprecated_member_use
   info - 'withOpacity' is deprecated and shouldn't be used. Use .withValues() to avoid precision loss - lib\formatting\widget\kyc_progress_widget.dart:290:31 - deprecated_member_use
   info - 'withOpacity' is deprecated and shouldn't be used. Use .withValues() to avoid precision loss - lib\formatting\widget\kyc_progress_widget.dart:290:31 - deprecated_member_use
   info - 'withOpacity' is deprecated and shouldn't be used. Use .withValues() to avoid precision loss - lib\formatting\widget\kyc_progress_widget.dart:293:33 - deprecated_member_use
   info - 'withOpacity' is deprecated and shouldn't be used. Use .withValues() to avoid precision loss - lib\formatting\widget\kyc_progress_widget.dart:293:33 - deprecated_member_use
   info - 'withOpacity' is deprecated and shouldn't be used. Use .withValues() to avoid precision loss - lib\formatting\widget\kyc_progress_widget.dart:293:33 - deprecated_member_use
   info - 'withOpacity' is deprecated and shouldn't be used. Use .withValues() to avoid precision loss - lib\formatting\widget\kyc_progress_widget.dart:293:33 - deprecated_member_use
   info - 'withOpacity' is deprecated and shouldn't be used. Use .withValues() to avoid precision loss - lib\formatting\widget\kyc_progress_widget.dart:304:36 - deprecated_member_use
   info - 'withOpacity' is deprecated and shouldn't be used. Use .withValues() to avoid precision loss - lib\formatting\widget\kyc_progress_widget.dart:304:36 - deprecated_member_use
   info - 'withOpacity' is deprecated and shouldn't be used. Use .withValues() to avoid precision loss - lib\formatting\widget\kyc_progress_widget.dart:304:36 - deprecated_member_use
   info - 'withOpacity' is deprecated and shouldn't be used. Use .withValues() to avoid precision loss - lib\formatting\widget\kyc_progress_widget.dart:304:36 - deprecated_member_use
   info - Missing type annotation - lib\formatting\widget\kyc_progress_widget.dart:360:30 - strict_top_level_inference
   info - Missing type annotation - lib\formatting\widget\kyc_progress_widget.dart:360:30 - strict_top_level_inference
   info - Missing type annotation - lib\formatting\widget\kyc_progress_widget.dart:360:30 - strict_top_level_inference
   info - Missing type annotation - lib\formatting\widget\kyc_progress_widget.dart:360:30 - strict_top_level_inference
   info - Parameter 'key' could be a super parameter - lib\formatting\widget\network_logo.dart:23:9 - use_super_parameters
   info - Parameter 'key' could be a super parameter - lib\formatting\widget\network_logo.dart:23:9 - use_super_parameters
   info - Parameter 'key' could be a super parameter - lib\formatting\widget\network_logo.dart:23:9 - use_super_parameters
   info - Parameter 'key' could be a super parameter - lib\formatting\widget\network_logo.dart:23:9 - use_super_parameters
   info - Parameter 'key' could be a super parameter - lib\formatting\widget\network_logo.dart:209:9 - use_super_parameters
   info - Parameter 'key' could be a super parameter - lib\formatting\widget\network_logo.dart:209:9 - use_super_parameters
   info - Parameter 'key' could be a super parameter - lib\formatting\widget\network_logo.dart:209:9 - use_super_parameters
   info - Parameter 'key' could be a super parameter - lib\formatting\widget\network_logo.dart:209:9 - use_super_parameters
   info - 'withOpacity' is deprecated and shouldn't be used. Use .withValues() to avoid precision loss - lib\formatting\widget\network_logo.dart:239:45 - deprecated_member_use
   info - 'withOpacity' is deprecated and shouldn't be used. Use .withValues() to avoid precision loss - lib\formatting\widget\network_logo.dart:239:45 - deprecated_member_use
   info - 'withOpacity' is deprecated and shouldn't be used. Use .withValues() to avoid precision loss - lib\formatting\widget\network_logo.dart:239:45 - deprecated_member_use
   info - 'withOpacity' is deprecated and shouldn't be used. Use .withValues() to avoid precision loss - lib\formatting\widget\network_logo.dart:239:45 - deprecated_member_use
   info - 'withOpacity' is deprecated and shouldn't be used. Use .withValues() to avoid precision loss - lib\formatting\widget\network_logo.dart:307:39 - deprecated_member_use
   info - 'withOpacity' is deprecated and shouldn't be used. Use .withValues() to avoid precision loss - lib\formatting\widget\network_logo.dart:307:39 - deprecated_member_use
   info - 'withOpacity' is deprecated and shouldn't be used. Use .withValues() to avoid precision loss - lib\formatting\widget\network_logo.dart:307:39 - deprecated_member_use
   info - 'withOpacity' is deprecated and shouldn't be used. Use .withValues() to avoid precision loss - lib\formatting\widget\network_logo.dart:307:39 - deprecated_member_use
   info - Parameter 'key' could be a super parameter - lib\formatting\widget\pin_entry_dialogue.dart:15:9 - use_super_parameters
   info - Parameter 'key' could be a super parameter - lib\formatting\widget\pin_entry_dialogue.dart:15:9 - use_super_parameters
   info - Parameter 'key' could be a super parameter - lib\formatting\widget\pin_entry_dialogue.dart:15:9 - use_super_parameters
   info - Parameter 'key' could be a super parameter - lib\formatting\widget\pin_entry_dialogue.dart:15:9 - use_super_parameters
warning - A value for optional parameter 'radius' isn't ever given - lib\formatting\widget\shimmer_widget.dart:16:10 - unused_element_parameter
warning - A value for optional parameter 'radius' isn't ever given - lib\formatting\widget\shimmer_widget.dart:16:10 - unused_element_parameter
warning - A value for optional parameter 'radius' isn't ever given - lib\formatting\widget\shimmer_widget.dart:16:10 - unused_element_parameter
warning - A value for optional parameter 'radius' isn't ever given - lib\formatting\widget\shimmer_widget.dart:16:10 - unused_element_parameter
   info - Parameter 'key' could be a super parameter - lib\formatting\widget\transaction_pin_bottom_sheet.dart:31:9 - use_super_parameters
   info - Parameter 'key' could be a super parameter - lib\formatting\widget\transaction_pin_bottom_sheet.dart:31:9 - use_super_parameters
   info - Parameter 'key' could be a super parameter - lib\formatting\widget\transaction_pin_bottom_sheet.dart:31:9 - use_super_parameters
   info - Parameter 'key' could be a super parameter - lib\formatting\widget\transaction_pin_bottom_sheet.dart:31:9 - use_super_parameters
   info - 'withOpacity' is deprecated and shouldn't be used. Use .withValues() to avoid precision loss - lib\formatting\widget\transaction_pin_bottom_sheet.dart:219:40 - deprecated_member_use
   info - 'withOpacity' is deprecated and shouldn't be used. Use .withValues() to avoid precision loss - lib\formatting\widget\transaction_pin_bottom_sheet.dart:219:40 - deprecated_member_use
   info - 'withOpacity' is deprecated and shouldn't be used. Use .withValues() to avoid precision loss - lib\formatting\widget\transaction_pin_bottom_sheet.dart:219:40 - deprecated_member_use
   info - 'withOpacity' is deprecated and shouldn't be used. Use .withValues() to avoid precision loss - lib\formatting\widget\transaction_pin_bottom_sheet.dart:219:40 - deprecated_member_use
   info - Parameter 'key' could be a super parameter - lib\formatting\widget\white_app_button.dart:10:9 - use_super_parameters
   info - Parameter 'key' could be a super parameter - lib\formatting\widget\white_app_button.dart:10:9 - use_super_parameters
   info - Parameter 'key' could be a super parameter - lib\formatting\widget\white_app_button.dart:10:9 - use_super_parameters
   info - Parameter 'key' could be a super parameter - lib\formatting\widget\white_app_button.dart:10:9 - use_super_parameters
   info - Parameter 'key' could be a super parameter - lib\model\tribe\tribe_card.dart:15:9 - use_super_parameters
   info - Parameter 'key' could be a super parameter - lib\model\tribe\tribe_card.dart:15:9 - use_super_parameters
   info - Parameter 'key' could be a super parameter - lib\model\tribe\tribe_card.dart:15:9 - use_super_parameters
   info - Parameter 'key' could be a super parameter - lib\model\tribe\tribe_card.dart:15:9 - use_super_parameters
   info - 'withOpacity' is deprecated and shouldn't be used. Use .withValues() to avoid precision loss - lib\model\tribe\tribe_card.dart:44:35 - deprecated_member_use
   info - 'withOpacity' is deprecated and shouldn't be used. Use .withValues() to avoid precision loss - lib\model\tribe\tribe_card.dart:44:35 - deprecated_member_use
   info - 'withOpacity' is deprecated and shouldn't be used. Use .withValues() to avoid precision loss - lib\model\tribe\tribe_card.dart:44:35 - deprecated_member_use
   info - 'withOpacity' is deprecated and shouldn't be used. Use .withValues() to avoid precision loss - lib\model\tribe\tribe_card.dart:44:35 - deprecated_member_use
   info - 'withOpacity' is deprecated and shouldn't be used. Use .withValues() to avoid precision loss - lib\model\tribe\tribe_card.dart:60:40 - deprecated_member_use
   info - 'withOpacity' is deprecated and shouldn't be used. Use .withValues() to avoid precision loss - lib\model\tribe\tribe_card.dart:60:40 - deprecated_member_use
   info - 'withOpacity' is deprecated and shouldn't be used. Use .withValues() to avoid precision loss - lib\model\tribe\tribe_card.dart:60:40 - deprecated_member_use
   info - 'withOpacity' is deprecated and shouldn't be used. Use .withValues() to avoid precision loss - lib\model\tribe\tribe_card.dart:60:40 - deprecated_member_use
   info - The constant name 'BVN' isn't a lowerCamelCase identifier - lib\model\user\user_verification.dart:42:3 - constant_identifier_names
   info - The constant name 'BVN' isn't a lowerCamelCase identifier - lib\model\user\user_verification.dart:42:3 - constant_identifier_names
   info - The constant name 'BVN' isn't a lowerCamelCase identifier - lib\model\user\user_verification.dart:42:3 - constant_identifier_names
   info - The constant name 'BVN' isn't a lowerCamelCase identifier - lib\model\user\user_verification.dart:42:3 - constant_identifier_names
   info - The constant name 'NIN' isn't a lowerCamelCase identifier - lib\model\user\user_verification.dart:43:3 - constant_identifier_names
   info - The constant name 'NIN' isn't a lowerCamelCase identifier - lib\model\user\user_verification.dart:43:3 - constant_identifier_names
   info - The constant name 'NIN' isn't a lowerCamelCase identifier - lib\model\user\user_verification.dart:43:3 - constant_identifier_names
   info - The constant name 'NIN' isn't a lowerCamelCase identifier - lib\model\user\user_verification.dart:43:3 - constant_identifier_names
   info - The file name 'chooseID.dart' isn't a lower_case_with_underscores identifier - lib\presentation\Identity\chooseID.dart:1:1 - file_names
   info - The file name 'chooseID.dart' isn't a lower_case_with_underscores identifier - lib\presentation\Identity\chooseID.dart:1:1 - file_names
   info - The file name 'chooseID.dart' isn't a lower_case_with_underscores identifier - lib\presentation\Identity\chooseID.dart:1:1 - file_names
   info - The file name 'chooseID.dart' isn't a lower_case_with_underscores identifier - lib\presentation\Identity\chooseID.dart:1:1 - file_names
   info - Parameter 'key' could be a super parameter - lib\presentation\Identity\chooseID.dart:13:9 - use_super_parameters
   info - Parameter 'key' could be a super parameter - lib\presentation\Identity\chooseID.dart:13:9 - use_super_parameters
   info - Parameter 'key' could be a super parameter - lib\presentation\Identity\chooseID.dart:13:9 - use_super_parameters
   info - Parameter 'key' could be a super parameter - lib\presentation\Identity\chooseID.dart:13:9 - use_super_parameters
   info - 'withOpacity' is deprecated and shouldn't be used. Use .withValues() to avoid precision loss - lib\presentation\Identity\chooseID.dart:410:33 - deprecated_member_use
   info - 'withOpacity' is deprecated and shouldn't be used. Use .withValues() to avoid precision loss - lib\presentation\Identity\chooseID.dart:410:33 - deprecated_member_use
   info - 'withOpacity' is deprecated and shouldn't be used. Use .withValues() to avoid precision loss - lib\presentation\Identity\chooseID.dart:410:33 - deprecated_member_use
   info - 'withOpacity' is deprecated and shouldn't be used. Use .withValues() to avoid precision loss - lib\presentation\Identity\chooseID.dart:410:33 - deprecated_member_use
   info - 'WillPopScope' is deprecated and shouldn't be used. Use PopScope instead. The Android predictive back feature will not work with WillPopScope. This feature was deprecated after v3.12.0-1.0.pre - lib\presentation\Identity\confirm_info.dart:111:12 - deprecated_member_use
   info - 'WillPopScope' is deprecated and shouldn't be used. Use PopScope instead. The Android predictive back feature will not work with WillPopScope. This feature was deprecated after v3.12.0-1.0.pre - lib\presentation\Identity\confirm_info.dart:111:12 - deprecated_member_use
   info - 'WillPopScope' is deprecated and shouldn't be used. Use PopScope instead. The Android predictive back feature will not work with WillPopScope. This feature was deprecated after v3.12.0-1.0.pre - lib\presentation\Identity\confirm_info.dart:111:12 - deprecated_member_use
   info - 'WillPopScope' is deprecated and shouldn't be used. Use PopScope instead. The Android predictive back feature will not work with WillPopScope. This feature was deprecated after v3.12.0-1.0.pre - lib\presentation\Identity\confirm_info.dart:111:12 - deprecated_member_use
   info - 'withOpacity' is deprecated and shouldn't be used. Use .withValues() to avoid precision loss - lib\presentation\Identity\confirm_info.dart:274:33 - deprecated_member_use
   info - 'withOpacity' is deprecated and shouldn't be used. Use .withValues() to avoid precision loss - lib\presentation\Identity\confirm_info.dart:274:33 - deprecated_member_use
   info - 'withOpacity' is deprecated and shouldn't be used. Use .withValues() to avoid precision loss - lib\presentation\Identity\confirm_info.dart:274:33 - deprecated_member_use
   info - 'withOpacity' is deprecated and shouldn't be used. Use .withValues() to avoid precision loss - lib\presentation\Identity\confirm_info.dart:274:33 - deprecated_member_use
   info - 'withOpacity' is deprecated and shouldn't be used. Use .withValues() to avoid precision loss - lib\presentation\Identity\confirm_info.dart:294:45 - deprecated_member_use
   info - 'withOpacity' is deprecated and shouldn't be used. Use .withValues() to avoid precision loss - lib\presentation\Identity\confirm_info.dart:294:45 - deprecated_member_use
   info - 'withOpacity' is deprecated and shouldn't be used. Use .withValues() to avoid precision loss - lib\presentation\Identity\confirm_info.dart:294:45 - deprecated_member_use
   info - 'withOpacity' is deprecated and shouldn't be used. Use .withValues() to avoid precision loss - lib\presentation\Identity\confirm_info.dart:294:45 - deprecated_member_use
  error - The function 'StateNotifierProvider' isn't defined - lib\presentation\Identity\id_verification_controller.dart:8:5 - undefined_function
  error - The function 'StateNotifierProvider' isn't defined - lib\presentation\Identity\id_verification_controller.dart:8:5 - undefined_function
  error - The function 'StateNotifierProvider' isn't defined - lib\presentation\Identity\id_verification_controller.dart:8:5 - undefined_function
  error - The function 'StateNotifierProvider' isn't defined - lib\presentation\Identity\id_verification_controller.dart:8:5 - undefined_function
  error - Classes can only extend other classes - lib\presentation\Identity\id_verification_controller.dart:13:13 - extends_non_class
  error - Classes can only extend other classes - lib\presentation\Identity\id_verification_controller.dart:13:13 - extends_non_class
  error - Classes can only extend other classes - lib\presentation\Identity\id_verification_controller.dart:13:13 - extends_non_class
  error - Classes can only extend other classes - lib\presentation\Identity\id_verification_controller.dart:13:13 - extends_non_class
  error - Too many positional arguments: 0 expected, but 1 found - lib\presentation\Identity\id_verification_controller.dart:15:15 - extra_positional_arguments
  error - Too many positional arguments: 0 expected, but 1 found - lib\presentation\Identity\id_verification_controller.dart:15:15 - extra_positional_arguments
  error - Too many positional arguments: 0 expected, but 1 found - lib\presentation\Identity\id_verification_controller.dart:15:15 - extra_positional_arguments
  error - Too many positional arguments: 0 expected, but 1 found - lib\presentation\Identity\id_verification_controller.dart:15:15 - extra_positional_arguments
  error - Undefined name 'state' - lib\presentation\Identity\id_verification_controller.dart:18:5 - undefined_identifier
  error - Undefined name 'state' - lib\presentation\Identity\id_verification_controller.dart:18:5 - undefined_identifier
  error - Undefined name 'state' - lib\presentation\Identity\id_verification_controller.dart:18:5 - undefined_identifier
  error - Undefined name 'state' - lib\presentation\Identity\id_verification_controller.dart:18:5 - undefined_identifier
  error - Undefined name 'state' - lib\presentation\Identity\id_verification_controller.dart:18:13 - undefined_identifier
  error - Undefined name 'state' - lib\presentation\Identity\id_verification_controller.dart:18:13 - undefined_identifier
  error - Undefined name 'state' - lib\presentation\Identity\id_verification_controller.dart:18:13 - undefined_identifier
  error - Undefined name 'state' - lib\presentation\Identity\id_verification_controller.dart:18:13 - undefined_identifier
  error - Undefined name 'state' - lib\presentation\Identity\id_verification_controller.dart:28:7 - undefined_identifier
  error - Undefined name 'state' - lib\presentation\Identity\id_verification_controller.dart:28:7 - undefined_identifier
  error - Undefined name 'state' - lib\presentation\Identity\id_verification_controller.dart:28:7 - undefined_identifier
  error - Undefined name 'state' - lib\presentation\Identity\id_verification_controller.dart:28:7 - undefined_identifier
  error - Undefined name 'state' - lib\presentation\Identity\id_verification_controller.dart:28:15 - undefined_identifier
  error - Undefined name 'state' - lib\presentation\Identity\id_verification_controller.dart:28:15 - undefined_identifier
  error - Undefined name 'state' - lib\presentation\Identity\id_verification_controller.dart:28:15 - undefined_identifier
  error - Undefined name 'state' - lib\presentation\Identity\id_verification_controller.dart:28:15 - undefined_identifier
  error - Undefined name 'state' - lib\presentation\Identity\id_verification_controller.dart:30:19 - undefined_identifier
  error - Undefined name 'state' - lib\presentation\Identity\id_verification_controller.dart:30:19 - undefined_identifier
  error - Undefined name 'state' - lib\presentation\Identity\id_verification_controller.dart:30:19 - undefined_identifier
  error - Undefined name 'state' - lib\presentation\Identity\id_verification_controller.dart:30:19 - undefined_identifier
  error - Undefined name 'state' - lib\presentation\Identity\id_verification_controller.dart:35:5 - undefined_identifier
  error - Undefined name 'state' - lib\presentation\Identity\id_verification_controller.dart:35:5 - undefined_identifier
  error - Undefined name 'state' - lib\presentation\Identity\id_verification_controller.dart:35:5 - undefined_identifier
  error - Undefined name 'state' - lib\presentation\Identity\id_verification_controller.dart:35:5 - undefined_identifier
  error - Undefined name 'state' - lib\presentation\Identity\id_verification_controller.dart:35:13 - undefined_identifier
  error - Undefined name 'state' - lib\presentation\Identity\id_verification_controller.dart:35:13 - undefined_identifier
  error - Undefined name 'state' - lib\presentation\Identity\id_verification_controller.dart:35:13 - undefined_identifier
  error - Undefined name 'state' - lib\presentation\Identity\id_verification_controller.dart:35:13 - undefined_identifier
  error - Undefined name 'state' - lib\presentation\Identity\id_verification_controller.dart:46:15 - undefined_identifier
  error - Undefined name 'state' - lib\presentation\Identity\id_verification_controller.dart:46:15 - undefined_identifier
  error - Undefined name 'state' - lib\presentation\Identity\id_verification_controller.dart:46:15 - undefined_identifier
  error - Undefined name 'state' - lib\presentation\Identity\id_verification_controller.dart:46:15 - undefined_identifier
  error - Undefined name 'state' - lib\presentation\Identity\id_verification_controller.dart:49:5 - undefined_identifier
  error - Undefined name 'state' - lib\presentation\Identity\id_verification_controller.dart:49:5 - undefined_identifier
  error - Undefined name 'state' - lib\presentation\Identity\id_verification_controller.dart:49:5 - undefined_identifier
  error - Undefined name 'state' - lib\presentation\Identity\id_verification_controller.dart:49:5 - undefined_identifier
  error - Undefined name 'state' - lib\presentation\Identity\id_verification_controller.dart:49:13 - undefined_identifier
  error - Undefined name 'state' - lib\presentation\Identity\id_verification_controller.dart:49:13 - undefined_identifier
  error - Undefined name 'state' - lib\presentation\Identity\id_verification_controller.dart:49:13 - undefined_identifier
  error - Undefined name 'state' - lib\presentation\Identity\id_verification_controller.dart:49:13 - undefined_identifier
  error - Undefined name 'state' - lib\presentation\Identity\id_verification_controller.dart:53:19 - undefined_identifier
  error - Undefined name 'state' - lib\presentation\Identity\id_verification_controller.dart:53:19 - undefined_identifier
  error - Undefined name 'state' - lib\presentation\Identity\id_verification_controller.dart:53:19 - undefined_identifier
  error - Undefined name 'state' - lib\presentation\Identity\id_verification_controller.dart:53:19 - undefined_identifier
  error - Undefined name 'state' - lib\presentation\Identity\id_verification_controller.dart:59:5 - undefined_identifier
  error - Undefined name 'state' - lib\presentation\Identity\id_verification_controller.dart:59:5 - undefined_identifier
  error - Undefined name 'state' - lib\presentation\Identity\id_verification_controller.dart:59:5 - undefined_identifier
  error - Undefined name 'state' - lib\presentation\Identity\id_verification_controller.dart:59:5 - undefined_identifier
  error - Undefined name 'state' - lib\presentation\Identity\id_verification_controller.dart:59:41 - undefined_identifier
  error - Undefined name 'state' - lib\presentation\Identity\id_verification_controller.dart:59:41 - undefined_identifier
  error - Undefined name 'state' - lib\presentation\Identity\id_verification_controller.dart:59:41 - undefined_identifier
  error - Undefined name 'state' - lib\presentation\Identity\id_verification_controller.dart:59:41 - undefined_identifier
   info - The file name 'upload_ID.dart' isn't a lower_case_with_underscores identifier - lib\presentation\Identity\upload_ID.dart:1:1 - file_names
   info - The file name 'upload_ID.dart' isn't a lower_case_with_underscores identifier - lib\presentation\Identity\upload_ID.dart:1:1 - file_names
   info - The file name 'upload_ID.dart' isn't a lower_case_with_underscores identifier - lib\presentation\Identity\upload_ID.dart:1:1 - file_names
   info - The file name 'upload_ID.dart' isn't a lower_case_with_underscores identifier - lib\presentation\Identity\upload_ID.dart:1:1 - file_names
   info - Parameter 'key' could be a super parameter - lib\presentation\Identity\upload_ID.dart:15:9 - use_super_parameters
   info - Parameter 'key' could be a super parameter - lib\presentation\Identity\upload_ID.dart:15:9 - use_super_parameters
   info - Parameter 'key' could be a super parameter - lib\presentation\Identity\upload_ID.dart:15:9 - use_super_parameters
   info - Parameter 'key' could be a super parameter - lib\presentation\Identity\upload_ID.dart:15:9 - use_super_parameters
  error - The getter 'platform' isn't defined for the type 'FilePicker' - lib\presentation\Identity\upload_ID.dart:19:51 - undefined_getter
  error - The getter 'platform' isn't defined for the type 'FilePicker' - lib\presentation\Identity\upload_ID.dart:19:51 - undefined_getter
  error - The getter 'platform' isn't defined for the type 'FilePicker' - lib\presentation\Identity\upload_ID.dart:19:51 - undefined_getter
  error - The getter 'platform' isn't defined for the type 'FilePicker' - lib\presentation\Identity\upload_ID.dart:19:51 - undefined_getter
   info - 'value' is deprecated and shouldn't be used. Use initialValue instead. This will set the initial value for the form field. This feature was deprecated after v3.33.0-1.0.pre - lib\presentation\Identity\upload_ID.dart:88:27 - deprecated_member_use
   info - 'value' is deprecated and shouldn't be used. Use initialValue instead. This will set the initial value for the form field. This feature was deprecated after v3.33.0-1.0.pre - lib\presentation\Identity\upload_ID.dart:88:27 - deprecated_member_use
   info - 'value' is deprecated and shouldn't be used. Use initialValue instead. This will set the initial value for the form field. This feature was deprecated after v3.33.0-1.0.pre - lib\presentation\Identity\upload_ID.dart:88:27 - deprecated_member_use
   info - 'value' is deprecated and shouldn't be used. Use initialValue instead. This will set the initial value for the form field. This feature was deprecated after v3.33.0-1.0.pre - lib\presentation\Identity\upload_ID.dart:88:27 - deprecated_member_use
   info - 'WillPopScope' is deprecated and shouldn't be used. Use PopScope instead. The Android predictive back feature will not work with WillPopScope. This feature was deprecated after v3.12.0-1.0.pre - lib\presentation\account_ready\account_ready.dart:141:12 - deprecated_member_use
   info - 'WillPopScope' is deprecated and shouldn't be used. Use PopScope instead. The Android predictive back feature will not work with WillPopScope. This feature was deprecated after v3.12.0-1.0.pre - lib\presentation\account_ready\account_ready.dart:141:12 - deprecated_member_use
   info - 'WillPopScope' is deprecated and shouldn't be used. Use PopScope instead. The Android predictive back feature will not work with WillPopScope. This feature was deprecated after v3.12.0-1.0.pre - lib\presentation\account_ready\account_ready.dart:141:12 - deprecated_member_use
   info - 'WillPopScope' is deprecated and shouldn't be used. Use PopScope instead. The Android predictive back feature will not work with WillPopScope. This feature was deprecated after v3.12.0-1.0.pre - lib\presentation\account_ready\account_ready.dart:141:12 - deprecated_member_use
   info - 'withOpacity' is deprecated and shouldn't be used. Use .withValues() to avoid precision loss - lib\presentation\account_ready\account_ready.dart:422:33 - deprecated_member_use
   info - 'withOpacity' is deprecated and shouldn't be used. Use .withValues() to avoid precision loss - lib\presentation\account_ready\account_ready.dart:422:33 - deprecated_member_use
   info - 'withOpacity' is deprecated and shouldn't be used. Use .withValues() to avoid precision loss - lib\presentation\account_ready\account_ready.dart:422:33 - deprecated_member_use
   info - 'withOpacity' is deprecated and shouldn't be used. Use .withValues() to avoid precision loss - lib\presentation\account_ready\account_ready.dart:422:33 - deprecated_member_use
   info - Parameter 'key' could be a super parameter - lib\presentation\addmoney\add_money_screen.dart:15:9 - use_super_parameters
   info - Parameter 'key' could be a super parameter - lib\presentation\addmoney\add_money_screen.dart:15:9 - use_super_parameters
   info - Parameter 'key' could be a super parameter - lib\presentation\addmoney\add_money_screen.dart:15:9 - use_super_parameters
   info - Parameter 'key' could be a super parameter - lib\presentation\addmoney\add_money_screen.dart:15:9 - use_super_parameters
   info - Unnecessary use of 'toList' in a spread - lib\presentation\addmoney\add_money_screen.dart:126:18 - unnecessary_to_list_in_spreads
   info - Unnecessary use of 'toList' in a spread - lib\presentation\addmoney\add_money_screen.dart:126:18 - unnecessary_to_list_in_spreads
   info - Unnecessary use of 'toList' in a spread - lib\presentation\addmoney\add_money_screen.dart:126:18 - unnecessary_to_list_in_spreads
   info - Unnecessary use of 'toList' in a spread - lib\presentation\addmoney\add_money_screen.dart:126:18 - unnecessary_to_list_in_spreads
   info - 'withOpacity' is deprecated and shouldn't be used. Use .withValues() to avoid precision loss - lib\presentation\addmoney\add_money_screen.dart:146:33 - deprecated_member_use
   info - 'withOpacity' is deprecated and shouldn't be used. Use .withValues() to avoid precision loss - lib\presentation\addmoney\add_money_screen.dart:146:33 - deprecated_member_use
   info - 'withOpacity' is deprecated and shouldn't be used. Use .withValues() to avoid precision loss - lib\presentation\addmoney\add_money_screen.dart:146:33 - deprecated_member_use
   info - 'withOpacity' is deprecated and shouldn't be used. Use .withValues() to avoid precision loss - lib\presentation\addmoney\add_money_screen.dart:146:33 - deprecated_member_use
   info - 'withOpacity' is deprecated and shouldn't be used. Use .withValues() to avoid precision loss - lib\presentation\addmoney\add_money_screen.dart:349:35 - deprecated_member_use
   info - 'withOpacity' is deprecated and shouldn't be used. Use .withValues() to avoid precision loss - lib\presentation\addmoney\add_money_screen.dart:349:35 - deprecated_member_use
   info - 'withOpacity' is deprecated and shouldn't be used. Use .withValues() to avoid precision loss - lib\presentation\addmoney\add_money_screen.dart:349:35 - deprecated_member_use
   info - 'withOpacity' is deprecated and shouldn't be used. Use .withValues() to avoid precision loss - lib\presentation\addmoney\add_money_screen.dart:349:35 - deprecated_member_use
   info - Parameter 'key' could be a super parameter - lib\presentation\addmoney\cash_deposit.dart:9:9 - use_super_parameters
   info - Parameter 'key' could be a super parameter - lib\presentation\addmoney\cash_deposit.dart:9:9 - use_super_parameters
   info - Parameter 'key' could be a super parameter - lib\presentation\addmoney\cash_deposit.dart:9:9 - use_super_parameters
   info - Parameter 'key' could be a super parameter - lib\presentation\addmoney\cash_deposit.dart:9:9 - use_super_parameters
   info - 'withOpacity' is deprecated and shouldn't be used. Use .withValues() to avoid precision loss - lib\presentation\addmoney\cash_deposit.dart:111:33 - deprecated_member_use
   info - 'withOpacity' is deprecated and shouldn't be used. Use .withValues() to avoid precision loss - lib\presentation\addmoney\cash_deposit.dart:111:33 - deprecated_member_use
   info - 'withOpacity' is deprecated and shouldn't be used. Use .withValues() to avoid precision loss - lib\presentation\addmoney\cash_deposit.dart:111:33 - deprecated_member_use
   info - 'withOpacity' is deprecated and shouldn't be used. Use .withValues() to avoid precision loss - lib\presentation\addmoney\cash_deposit.dart:111:33 - deprecated_member_use
   info - Parameter 'key' could be a super parameter - lib\presentation\addmoney\top_up_with_card.dart:10:9 - use_super_parameters
   info - Parameter 'key' could be a super parameter - lib\presentation\addmoney\top_up_with_card.dart:10:9 - use_super_parameters
   info - Parameter 'key' could be a super parameter - lib\presentation\addmoney\top_up_with_card.dart:10:9 - use_super_parameters
   info - Parameter 'key' could be a super parameter - lib\presentation\addmoney\top_up_with_card.dart:10:9 - use_super_parameters
   info - 'withOpacity' is deprecated and shouldn't be used. Use .withValues() to avoid precision loss - lib\presentation\addmoney\top_up_with_card.dart:435:48 - deprecated_member_use
   info - 'withOpacity' is deprecated and shouldn't be used. Use .withValues() to avoid precision loss - lib\presentation\addmoney\top_up_with_card.dart:435:48 - deprecated_member_use
   info - 'withOpacity' is deprecated and shouldn't be used. Use .withValues() to avoid precision loss - lib\presentation\addmoney\top_up_with_card.dart:435:48 - deprecated_member_use
   info - 'withOpacity' is deprecated and shouldn't be used. Use .withValues() to avoid precision loss - lib\presentation\addmoney\top_up_with_card.dart:435:48 - deprecated_member_use
  error - Classes can only extend other classes - lib\presentation\address\address_notifier.dart:4:31 - extends_non_class
  error - Classes can only extend other classes - lib\presentation\address\address_notifier.dart:4:31 - extends_non_class
  error - Classes can only extend other classes - lib\presentation\address\address_notifier.dart:4:31 - extends_non_class
  error - Classes can only extend other classes - lib\presentation\address\address_notifier.dart:4:31 - extends_non_class
  error - Too many positional arguments: 0 expected, but 1 found - lib\presentation\address\address_notifier.dart:5:29 - extra_positional_arguments
  error - Too many positional arguments: 0 expected, but 1 found - lib\presentation\address\address_notifier.dart:5:29 - extra_positional_arguments
  error - Too many positional arguments: 0 expected, but 1 found - lib\presentation\address\address_notifier.dart:5:29 - extra_positional_arguments
  error - Too many positional arguments: 0 expected, but 1 found - lib\presentation\address\address_notifier.dart:5:29 - extra_positional_arguments
  error - Undefined name 'state' - lib\presentation\address\address_notifier.dart:8:5 - undefined_identifier
  error - Undefined name 'state' - lib\presentation\address\address_notifier.dart:8:5 - undefined_identifier
  error - Undefined name 'state' - lib\presentation\address\address_notifier.dart:8:5 - undefined_identifier
  error - Undefined name 'state' - lib\presentation\address\address_notifier.dart:8:5 - undefined_identifier
  error - Undefined name 'state' - lib\presentation\address\address_notifier.dart:10:13 - undefined_identifier
  error - Undefined name 'state' - lib\presentation\address\address_notifier.dart:10:13 - undefined_identifier
  error - Undefined name 'state' - lib\presentation\address\address_notifier.dart:10:13 - undefined_identifier
  error - Undefined name 'state' - lib\presentation\address\address_notifier.dart:10:13 - undefined_identifier
  error - Undefined name 'state' - lib\presentation\address\address_notifier.dart:12:17 - undefined_identifier
  error - Undefined name 'state' - lib\presentation\address\address_notifier.dart:12:17 - undefined_identifier
  error - Undefined name 'state' - lib\presentation\address\address_notifier.dart:12:17 - undefined_identifier
  error - Undefined name 'state' - lib\presentation\address\address_notifier.dart:12:17 - undefined_identifier
  error - Undefined name 'state' - lib\presentation\address\address_notifier.dart:13:19 - undefined_identifier
  error - Undefined name 'state' - lib\presentation\address\address_notifier.dart:13:19 - undefined_identifier
  error - Undefined name 'state' - lib\presentation\address\address_notifier.dart:13:19 - undefined_identifier
  error - Undefined name 'state' - lib\presentation\address\address_notifier.dart:13:19 - undefined_identifier
  error - Undefined name 'state' - lib\presentation\address\address_notifier.dart:14:20 - undefined_identifier
  error - Undefined name 'state' - lib\presentation\address\address_notifier.dart:14:20 - undefined_identifier
  error - Undefined name 'state' - lib\presentation\address\address_notifier.dart:14:20 - undefined_identifier
  error - Undefined name 'state' - lib\presentation\address\address_notifier.dart:14:20 - undefined_identifier
  error - Undefined name 'state' - lib\presentation\address\address_notifier.dart:19:5 - undefined_identifier
  error - Undefined name 'state' - lib\presentation\address\address_notifier.dart:19:5 - undefined_identifier
  error - Undefined name 'state' - lib\presentation\address\address_notifier.dart:19:5 - undefined_identifier
  error - Undefined name 'state' - lib\presentation\address\address_notifier.dart:19:5 - undefined_identifier
  error - Undefined name 'state' - lib\presentation\address\address_notifier.dart:20:14 - undefined_identifier
  error - Undefined name 'state' - lib\presentation\address\address_notifier.dart:20:14 - undefined_identifier
  error - Undefined name 'state' - lib\presentation\address\address_notifier.dart:20:14 - undefined_identifier
  error - Undefined name 'state' - lib\presentation\address\address_notifier.dart:20:14 - undefined_identifier
  error - Undefined name 'state' - lib\presentation\address\address_notifier.dart:22:12 - undefined_identifier
  error - Undefined name 'state' - lib\presentation\address\address_notifier.dart:22:12 - undefined_identifier
  error - Undefined name 'state' - lib\presentation\address\address_notifier.dart:22:12 - undefined_identifier
  error - Undefined name 'state' - lib\presentation\address\address_notifier.dart:22:12 - undefined_identifier
  error - Undefined name 'state' - lib\presentation\address\address_notifier.dart:23:17 - undefined_identifier
  error - Undefined name 'state' - lib\presentation\address\address_notifier.dart:23:17 - undefined_identifier
  error - Undefined name 'state' - lib\presentation\address\address_notifier.dart:23:17 - undefined_identifier
  error - Undefined name 'state' - lib\presentation\address\address_notifier.dart:23:17 - undefined_identifier
  error - Undefined name 'state' - lib\presentation\address\address_notifier.dart:24:19 - undefined_identifier
  error - Undefined name 'state' - lib\presentation\address\address_notifier.dart:24:19 - undefined_identifier
  error - Undefined name 'state' - lib\presentation\address\address_notifier.dart:24:19 - undefined_identifier
  error - Undefined name 'state' - lib\presentation\address\address_notifier.dart:24:19 - undefined_identifier
  error - Undefined name 'state' - lib\presentation\address\address_notifier.dart:25:20 - undefined_identifier
  error - Undefined name 'state' - lib\presentation\address\address_notifier.dart:25:20 - undefined_identifier
  error - Undefined name 'state' - lib\presentation\address\address_notifier.dart:25:20 - undefined_identifier
  error - Undefined name 'state' - lib\presentation\address\address_notifier.dart:25:20 - undefined_identifier
  error - Undefined name 'state' - lib\presentation\address\address_notifier.dart:30:5 - undefined_identifier
  error - Undefined name 'state' - lib\presentation\address\address_notifier.dart:30:5 - undefined_identifier
  error - Undefined name 'state' - lib\presentation\address\address_notifier.dart:30:5 - undefined_identifier
  error - Undefined name 'state' - lib\presentation\address\address_notifier.dart:30:5 - undefined_identifier
  error - Undefined name 'state' - lib\presentation\address\address_notifier.dart:31:14 - undefined_identifier
  error - Undefined name 'state' - lib\presentation\address\address_notifier.dart:31:14 - undefined_identifier
  error - Undefined name 'state' - lib\presentation\address\address_notifier.dart:31:14 - undefined_identifier
  error - Undefined name 'state' - lib\presentation\address\address_notifier.dart:31:14 - undefined_identifier
  error - Undefined name 'state' - lib\presentation\address\address_notifier.dart:32:13 - undefined_identifier
  error - Undefined name 'state' - lib\presentation\address\address_notifier.dart:32:13 - undefined_identifier
  error - Undefined name 'state' - lib\presentation\address\address_notifier.dart:32:13 - undefined_identifier
  error - Undefined name 'state' - lib\presentation\address\address_notifier.dart:32:13 - undefined_identifier
  error - Undefined name 'state' - lib\presentation\address\address_notifier.dart:34:17 - undefined_identifier
  error - Undefined name 'state' - lib\presentation\address\address_notifier.dart:34:17 - undefined_identifier
  error - Undefined name 'state' - lib\presentation\address\address_notifier.dart:34:17 - undefined_identifier
  error - Undefined name 'state' - lib\presentation\address\address_notifier.dart:34:17 - undefined_identifier
  error - Undefined name 'state' - lib\presentation\address\address_notifier.dart:35:19 - undefined_identifier
  error - Undefined name 'state' - lib\presentation\address\address_notifier.dart:35:19 - undefined_identifier
  error - Undefined name 'state' - lib\presentation\address\address_notifier.dart:35:19 - undefined_identifier
  error - Undefined name 'state' - lib\presentation\address\address_notifier.dart:35:19 - undefined_identifier
  error - Undefined name 'state' - lib\presentation\address\address_notifier.dart:36:20 - undefined_identifier
  error - Undefined name 'state' - lib\presentation\address\address_notifier.dart:36:20 - undefined_identifier
  error - Undefined name 'state' - lib\presentation\address\address_notifier.dart:36:20 - undefined_identifier
  error - Undefined name 'state' - lib\presentation\address\address_notifier.dart:36:20 - undefined_identifier
  error - Undefined name 'state' - lib\presentation\address\address_notifier.dart:41:5 - undefined_identifier
  error - Undefined name 'state' - lib\presentation\address\address_notifier.dart:41:5 - undefined_identifier
  error - Undefined name 'state' - lib\presentation\address\address_notifier.dart:41:5 - undefined_identifier
  error - Undefined name 'state' - lib\presentation\address\address_notifier.dart:41:5 - undefined_identifier
  error - Undefined name 'state' - lib\presentation\address\address_notifier.dart:42:14 - undefined_identifier
  error - Undefined name 'state' - lib\presentation\address\address_notifier.dart:42:14 - undefined_identifier
  error - Undefined name 'state' - lib\presentation\address\address_notifier.dart:42:14 - undefined_identifier
  error - Undefined name 'state' - lib\presentation\address\address_notifier.dart:42:14 - undefined_identifier
  error - Undefined name 'state' - lib\presentation\address\address_notifier.dart:43:13 - undefined_identifier
  error - Undefined name 'state' - lib\presentation\address\address_notifier.dart:43:13 - undefined_identifier
  error - Undefined name 'state' - lib\presentation\address\address_notifier.dart:43:13 - undefined_identifier
  error - Undefined name 'state' - lib\presentation\address\address_notifier.dart:43:13 - undefined_identifier
  error - Undefined name 'state' - lib\presentation\address\address_notifier.dart:44:12 - undefined_identifier
  error - Undefined name 'state' - lib\presentation\address\address_notifier.dart:44:12 - undefined_identifier
  error - Undefined name 'state' - lib\presentation\address\address_notifier.dart:44:12 - undefined_identifier
  error - Undefined name 'state' - lib\presentation\address\address_notifier.dart:44:12 - undefined_identifier
  error - Undefined name 'state' - lib\presentation\address\address_notifier.dart:46:19 - undefined_identifier
  error - Undefined name 'state' - lib\presentation\address\address_notifier.dart:46:19 - undefined_identifier
  error - Undefined name 'state' - lib\presentation\address\address_notifier.dart:46:19 - undefined_identifier
  error - Undefined name 'state' - lib\presentation\address\address_notifier.dart:46:19 - undefined_identifier
  error - Undefined name 'state' - lib\presentation\address\address_notifier.dart:47:20 - undefined_identifier
  error - Undefined name 'state' - lib\presentation\address\address_notifier.dart:47:20 - undefined_identifier
  error - Undefined name 'state' - lib\presentation\address\address_notifier.dart:47:20 - undefined_identifier
  error - Undefined name 'state' - lib\presentation\address\address_notifier.dart:47:20 - undefined_identifier
  error - Undefined name 'state' - lib\presentation\address\address_notifier.dart:52:5 - undefined_identifier
  error - Undefined name 'state' - lib\presentation\address\address_notifier.dart:52:5 - undefined_identifier
  error - Undefined name 'state' - lib\presentation\address\address_notifier.dart:52:5 - undefined_identifier
  error - Undefined name 'state' - lib\presentation\address\address_notifier.dart:52:5 - undefined_identifier
  error - Undefined name 'state' - lib\presentation\address\address_notifier.dart:53:14 - undefined_identifier
  error - Undefined name 'state' - lib\presentation\address\address_notifier.dart:53:14 - undefined_identifier
  error - Undefined name 'state' - lib\presentation\address\address_notifier.dart:53:14 - undefined_identifier
  error - Undefined name 'state' - lib\presentation\address\address_notifier.dart:53:14 - undefined_identifier
  error - Undefined name 'state' - lib\presentation\address\address_notifier.dart:54:13 - undefined_identifier
  error - Undefined name 'state' - lib\presentation\address\address_notifier.dart:54:13 - undefined_identifier
  error - Undefined name 'state' - lib\presentation\address\address_notifier.dart:54:13 - undefined_identifier
  error - Undefined name 'state' - lib\presentation\address\address_notifier.dart:54:13 - undefined_identifier
  error - Undefined name 'state' - lib\presentation\address\address_notifier.dart:55:12 - undefined_identifier
  error - Undefined name 'state' - lib\presentation\address\address_notifier.dart:55:12 - undefined_identifier
  error - Undefined name 'state' - lib\presentation\address\address_notifier.dart:55:12 - undefined_identifier
  error - Undefined name 'state' - lib\presentation\address\address_notifier.dart:55:12 - undefined_identifier
  error - Undefined name 'state' - lib\presentation\address\address_notifier.dart:56:17 - undefined_identifier
  error - Undefined name 'state' - lib\presentation\address\address_notifier.dart:56:17 - undefined_identifier
  error - Undefined name 'state' - lib\presentation\address\address_notifier.dart:56:17 - undefined_identifier
  error - Undefined name 'state' - lib\presentation\address\address_notifier.dart:56:17 - undefined_identifier
  error - Undefined name 'state' - lib\presentation\address\address_notifier.dart:58:20 - undefined_identifier
  error - Undefined name 'state' - lib\presentation\address\address_notifier.dart:58:20 - undefined_identifier
  error - Undefined name 'state' - lib\presentation\address\address_notifier.dart:58:20 - undefined_identifier
  error - Undefined name 'state' - lib\presentation\address\address_notifier.dart:58:20 - undefined_identifier
  error - Undefined name 'state' - lib\presentation\address\address_notifier.dart:63:5 - undefined_identifier
  error - Undefined name 'state' - lib\presentation\address\address_notifier.dart:63:5 - undefined_identifier
  error - Undefined name 'state' - lib\presentation\address\address_notifier.dart:63:5 - undefined_identifier
  error - Undefined name 'state' - lib\presentation\address\address_notifier.dart:63:5 - undefined_identifier
  error - Undefined name 'state' - lib\presentation\address\address_notifier.dart:64:14 - undefined_identifier
  error - Undefined name 'state' - lib\presentation\address\address_notifier.dart:64:14 - undefined_identifier
  error - Undefined name 'state' - lib\presentation\address\address_notifier.dart:64:14 - undefined_identifier
  error - Undefined name 'state' - lib\presentation\address\address_notifier.dart:64:14 - undefined_identifier
  error - Undefined name 'state' - lib\presentation\address\address_notifier.dart:65:13 - undefined_identifier
  error - Undefined name 'state' - lib\presentation\address\address_notifier.dart:65:13 - undefined_identifier
  error - Undefined name 'state' - lib\presentation\address\address_notifier.dart:65:13 - undefined_identifier
  error - Undefined name 'state' - lib\presentation\address\address_notifier.dart:65:13 - undefined_identifier
  error - Undefined name 'state' - lib\presentation\address\address_notifier.dart:66:12 - undefined_identifier
  error - Undefined name 'state' - lib\presentation\address\address_notifier.dart:66:12 - undefined_identifier
  error - Undefined name 'state' - lib\presentation\address\address_notifier.dart:66:12 - undefined_identifier
  error - Undefined name 'state' - lib\presentation\address\address_notifier.dart:66:12 - undefined_identifier
  error - Undefined name 'state' - lib\presentation\address\address_notifier.dart:67:17 - undefined_identifier
  error - Undefined name 'state' - lib\presentation\address\address_notifier.dart:67:17 - undefined_identifier
  error - Undefined name 'state' - lib\presentation\address\address_notifier.dart:67:17 - undefined_identifier
  error - Undefined name 'state' - lib\presentation\address\address_notifier.dart:67:17 - undefined_identifier
  error - Undefined name 'state' - lib\presentation\address\address_notifier.dart:68:19 - undefined_identifier
  error - Undefined name 'state' - lib\presentation\address\address_notifier.dart:68:19 - undefined_identifier
  error - Undefined name 'state' - lib\presentation\address\address_notifier.dart:68:19 - undefined_identifier
  error - Undefined name 'state' - lib\presentation\address\address_notifier.dart:68:19 - undefined_identifier
  error - Undefined name 'state' - lib\presentation\address\address_notifier.dart:74:5 - undefined_identifier
  error - Undefined name 'state' - lib\presentation\address\address_notifier.dart:74:5 - undefined_identifier
  error - Undefined name 'state' - lib\presentation\address\address_notifier.dart:74:5 - undefined_identifier
  error - Undefined name 'state' - lib\presentation\address\address_notifier.dart:74:5 - undefined_identifier
   info - The import of 'package:kudipay/provider/auth/auth_provider.dart' is unnecessary because all of the used elements are also provided by the import of 'package:kudipay/provider/provider.dart' - lib\presentation\address\verify_address.dart:5:8 - unnecessary_import
   info - The import of 'package:kudipay/provider/auth/auth_provider.dart' is unnecessary because all of the used elements are also provided by the import of 'package:kudipay/provider/provider.dart' - lib\presentation\address\verify_address.dart:5:8 - unnecessary_import
   info - The import of 'package:kudipay/provider/auth/auth_provider.dart' is unnecessary because all of the used elements are also provided by the import of 'package:kudipay/provider/provider.dart' - lib\presentation\address\verify_address.dart:5:8 - unnecessary_import
   info - The import of 'package:kudipay/provider/auth/auth_provider.dart' is unnecessary because all of the used elements are also provided by the import of 'package:kudipay/provider/provider.dart' - lib\presentation\address\verify_address.dart:5:8 - unnecessary_import
   info - The import of 'package:kudipay/provider/kyc/kyc_provider.dart' is unnecessary because all of the used elements are also provided by the import of 'package:kudipay/provider/provider.dart' - lib\presentation\address\verify_address.dart:6:8 - unnecessary_import
   info - The import of 'package:kudipay/provider/kyc/kyc_provider.dart' is unnecessary because all of the used elements are also provided by the import of 'package:kudipay/provider/provider.dart' - lib\presentation\address\verify_address.dart:6:8 - unnecessary_import
   info - The import of 'package:kudipay/provider/kyc/kyc_provider.dart' is unnecessary because all of the used elements are also provided by the import of 'package:kudipay/provider/provider.dart' - lib\presentation\address\verify_address.dart:6:8 - unnecessary_import
   info - The import of 'package:kudipay/provider/kyc/kyc_provider.dart' is unnecessary because all of the used elements are also provided by the import of 'package:kudipay/provider/provider.dart' - lib\presentation\address\verify_address.dart:6:8 - unnecessary_import
   info - Parameter 'key' could be a super parameter - lib\presentation\address\verify_address.dart:12:9 - use_super_parameters
   info - Parameter 'key' could be a super parameter - lib\presentation\address\verify_address.dart:12:9 - use_super_parameters
   info - Parameter 'key' could be a super parameter - lib\presentation\address\verify_address.dart:12:9 - use_super_parameters
   info - Parameter 'key' could be a super parameter - lib\presentation\address\verify_address.dart:12:9 - use_super_parameters
   info - 'value' is deprecated and shouldn't be used. Use initialValue instead. This will set the initial value for the form field. This feature was deprecated after v3.33.0-1.0.pre - lib\presentation\address\verify_address.dart:57:19 - deprecated_member_use
   info - 'value' is deprecated and shouldn't be used. Use initialValue instead. This will set the initial value for the form field. This feature was deprecated after v3.33.0-1.0.pre - lib\presentation\address\verify_address.dart:57:19 - deprecated_member_use
   info - 'value' is deprecated and shouldn't be used. Use initialValue instead. This will set the initial value for the form field. This feature was deprecated after v3.33.0-1.0.pre - lib\presentation\address\verify_address.dart:57:19 - deprecated_member_use
   info - 'value' is deprecated and shouldn't be used. Use initialValue instead. This will set the initial value for the form field. This feature was deprecated after v3.33.0-1.0.pre - lib\presentation\address\verify_address.dart:57:19 - deprecated_member_use
   info - 'value' is deprecated and shouldn't be used. Use initialValue instead. This will set the initial value for the form field. This feature was deprecated after v3.33.0-1.0.pre - lib\presentation\address\verify_address.dart:88:19 - deprecated_member_use
   info - 'value' is deprecated and shouldn't be used. Use initialValue instead. This will set the initial value for the form field. This feature was deprecated after v3.33.0-1.0.pre - lib\presentation\address\verify_address.dart:88:19 - deprecated_member_use
   info - 'value' is deprecated and shouldn't be used. Use initialValue instead. This will set the initial value for the form field. This feature was deprecated after v3.33.0-1.0.pre - lib\presentation\address\verify_address.dart:88:19 - deprecated_member_use
   info - 'value' is deprecated and shouldn't be used. Use initialValue instead. This will set the initial value for the form field. This feature was deprecated after v3.33.0-1.0.pre - lib\presentation\address\verify_address.dart:88:19 - deprecated_member_use
   info - 'activeColor' is deprecated and shouldn't be used. Use activeThumbColor instead. This feature was deprecated after v3.31.0-2.0.pre - lib\presentation\agent\agent_dashboard_screen.dart:99:21 - deprecated_member_use
   info - 'activeColor' is deprecated and shouldn't be used. Use activeThumbColor instead. This feature was deprecated after v3.31.0-2.0.pre - lib\presentation\agent\agent_dashboard_screen.dart:99:21 - deprecated_member_use
   info - 'activeColor' is deprecated and shouldn't be used. Use activeThumbColor instead. This feature was deprecated after v3.31.0-2.0.pre - lib\presentation\agent\agent_dashboard_screen.dart:99:21 - deprecated_member_use
   info - 'activeColor' is deprecated and shouldn't be used. Use activeThumbColor instead. This feature was deprecated after v3.31.0-2.0.pre - lib\presentation\agent\agent_dashboard_screen.dart:99:21 - deprecated_member_use
   info - 'withOpacity' is deprecated and shouldn't be used. Use .withValues() to avoid precision loss - lib\presentation\agent\agent_dashboard_screen.dart:154:35 - deprecated_member_use
   info - 'withOpacity' is deprecated and shouldn't be used. Use .withValues() to avoid precision loss - lib\presentation\agent\agent_dashboard_screen.dart:154:35 - deprecated_member_use
   info - 'withOpacity' is deprecated and shouldn't be used. Use .withValues() to avoid precision loss - lib\presentation\agent\agent_dashboard_screen.dart:154:35 - deprecated_member_use
   info - 'withOpacity' is deprecated and shouldn't be used. Use .withValues() to avoid precision loss - lib\presentation\agent\agent_dashboard_screen.dart:154:35 - deprecated_member_use
   info - 'withOpacity' is deprecated and shouldn't be used. Use .withValues() to avoid precision loss - lib\presentation\agent\agent_dashboard_screen.dart:161:43 - deprecated_member_use
   info - 'withOpacity' is deprecated and shouldn't be used. Use .withValues() to avoid precision loss - lib\presentation\agent\agent_dashboard_screen.dart:161:43 - deprecated_member_use
   info - 'withOpacity' is deprecated and shouldn't be used. Use .withValues() to avoid precision loss - lib\presentation\agent\agent_dashboard_screen.dart:161:43 - deprecated_member_use
   info - 'withOpacity' is deprecated and shouldn't be used. Use .withValues() to avoid precision loss - lib\presentation\agent\agent_dashboard_screen.dart:161:43 - deprecated_member_use
   info - 'withOpacity' is deprecated and shouldn't be used. Use .withValues() to avoid precision loss - lib\presentation\agent\agent_dashboard_screen.dart:168:41 - deprecated_member_use
   info - 'withOpacity' is deprecated and shouldn't be used. Use .withValues() to avoid precision loss - lib\presentation\agent\agent_dashboard_screen.dart:168:41 - deprecated_member_use
   info - 'withOpacity' is deprecated and shouldn't be used. Use .withValues() to avoid precision loss - lib\presentation\agent\agent_dashboard_screen.dart:168:41 - deprecated_member_use
   info - 'withOpacity' is deprecated and shouldn't be used. Use .withValues() to avoid precision loss - lib\presentation\agent\agent_dashboard_screen.dart:168:41 - deprecated_member_use
   info - 'onPopInvoked' is deprecated and shouldn't be used. Use onPopInvokedWithResult instead. This feature was deprecated after v3.22.0-12.0.pre - lib\presentation\agent\agent_registration_flow.dart:50:7 - deprecated_member_use
   info - 'onPopInvoked' is deprecated and shouldn't be used. Use onPopInvokedWithResult instead. This feature was deprecated after v3.22.0-12.0.pre - lib\presentation\agent\agent_registration_flow.dart:50:7 - deprecated_member_use
   info - 'onPopInvoked' is deprecated and shouldn't be used. Use onPopInvokedWithResult instead. This feature was deprecated after v3.22.0-12.0.pre - lib\presentation\agent\agent_registration_flow.dart:50:7 - deprecated_member_use
   info - 'onPopInvoked' is deprecated and shouldn't be used. Use onPopInvokedWithResult instead. This feature was deprecated after v3.22.0-12.0.pre - lib\presentation\agent\agent_registration_flow.dart:50:7 - deprecated_member_use
   info - 'withOpacity' is deprecated and shouldn't be used. Use .withValues() to avoid precision loss - lib\presentation\agent\agent_registration_flow.dart:244:33 - deprecated_member_use
   info - 'withOpacity' is deprecated and shouldn't be used. Use .withValues() to avoid precision loss - lib\presentation\agent\agent_registration_flow.dart:244:33 - deprecated_member_use
   info - 'withOpacity' is deprecated and shouldn't be used. Use .withValues() to avoid precision loss - lib\presentation\agent\agent_registration_flow.dart:244:33 - deprecated_member_use
   info - 'withOpacity' is deprecated and shouldn't be used. Use .withValues() to avoid precision loss - lib\presentation\agent\agent_registration_flow.dart:244:33 - deprecated_member_use
   info - 'withOpacity' is deprecated and shouldn't be used. Use .withValues() to avoid precision loss - lib\presentation\agent\agent_registration_flow.dart:364:38 - deprecated_member_use
   info - 'withOpacity' is deprecated and shouldn't be used. Use .withValues() to avoid precision loss - lib\presentation\agent\agent_registration_flow.dart:364:38 - deprecated_member_use
   info - 'withOpacity' is deprecated and shouldn't be used. Use .withValues() to avoid precision loss - lib\presentation\agent\agent_registration_flow.dart:364:38 - deprecated_member_use
   info - 'withOpacity' is deprecated and shouldn't be used. Use .withValues() to avoid precision loss - lib\presentation\agent\agent_registration_flow.dart:364:38 - deprecated_member_use
   info - 'withOpacity' is deprecated and shouldn't be used. Use .withValues() to avoid precision loss - lib\presentation\agent\agent_registration_flow.dart:422:41 - deprecated_member_use
   info - 'withOpacity' is deprecated and shouldn't be used. Use .withValues() to avoid precision loss - lib\presentation\agent\agent_registration_flow.dart:422:41 - deprecated_member_use
   info - 'withOpacity' is deprecated and shouldn't be used. Use .withValues() to avoid precision loss - lib\presentation\agent\agent_registration_flow.dart:422:41 - deprecated_member_use
   info - 'withOpacity' is deprecated and shouldn't be used. Use .withValues() to avoid precision loss - lib\presentation\agent\agent_registration_flow.dart:422:41 - deprecated_member_use
   info - 'withOpacity' is deprecated and shouldn't be used. Use .withValues() to avoid precision loss - lib\presentation\agent\agent_registration_flow.dart:423:60 - deprecated_member_use
   info - 'withOpacity' is deprecated and shouldn't be used. Use .withValues() to avoid precision loss - lib\presentation\agent\agent_registration_flow.dart:423:60 - deprecated_member_use
   info - 'withOpacity' is deprecated and shouldn't be used. Use .withValues() to avoid precision loss - lib\presentation\agent\agent_registration_flow.dart:423:60 - deprecated_member_use
   info - 'withOpacity' is deprecated and shouldn't be used. Use .withValues() to avoid precision loss - lib\presentation\agent\agent_registration_flow.dart:423:60 - deprecated_member_use
   info - 'onPopInvoked' is deprecated and shouldn't be used. Use onPopInvokedWithResult instead. This feature was deprecated after v3.22.0-12.0.pre - lib\presentation\agent\agent_registration_screen.dart:46:7 - deprecated_member_use
   info - 'onPopInvoked' is deprecated and shouldn't be used. Use onPopInvokedWithResult instead. This feature was deprecated after v3.22.0-12.0.pre - lib\presentation\agent\agent_registration_screen.dart:46:7 - deprecated_member_use
   info - 'onPopInvoked' is deprecated and shouldn't be used. Use onPopInvokedWithResult instead. This feature was deprecated after v3.22.0-12.0.pre - lib\presentation\agent\agent_registration_screen.dart:46:7 - deprecated_member_use
   info - 'onPopInvoked' is deprecated and shouldn't be used. Use onPopInvokedWithResult instead. This feature was deprecated after v3.22.0-12.0.pre - lib\presentation\agent\agent_registration_screen.dart:46:7 - deprecated_member_use
   info - 'withOpacity' is deprecated and shouldn't be used. Use .withValues() to avoid precision loss - lib\presentation\agent\agent_registration_screen.dart:237:33 - deprecated_member_use
   info - 'withOpacity' is deprecated and shouldn't be used. Use .withValues() to avoid precision loss - lib\presentation\agent\agent_registration_screen.dart:237:33 - deprecated_member_use
   info - 'withOpacity' is deprecated and shouldn't be used. Use .withValues() to avoid precision loss - lib\presentation\agent\agent_registration_screen.dart:237:33 - deprecated_member_use
   info - 'withOpacity' is deprecated and shouldn't be used. Use .withValues() to avoid precision loss - lib\presentation\agent\agent_registration_screen.dart:237:33 - deprecated_member_use
warning - A value for optional parameter 'keyboardType' isn't ever given - lib\presentation\agent\agent_registration_screen.dart:292:10 - unused_element_parameter
warning - A value for optional parameter 'keyboardType' isn't ever given - lib\presentation\agent\agent_registration_screen.dart:292:10 - unused_element_parameter
warning - A value for optional parameter 'keyboardType' isn't ever given - lib\presentation\agent\agent_registration_screen.dart:292:10 - unused_element_parameter
warning - A value for optional parameter 'keyboardType' isn't ever given - lib\presentation\agent\agent_registration_screen.dart:292:10 - unused_element_parameter
warning - A value for optional parameter 'suffix' isn't ever given - lib\presentation\agent\agent_registration_screen.dart:293:10 - unused_element_parameter
warning - A value for optional parameter 'suffix' isn't ever given - lib\presentation\agent\agent_registration_screen.dart:293:10 - unused_element_parameter
warning - A value for optional parameter 'suffix' isn't ever given - lib\presentation\agent\agent_registration_screen.dart:293:10 - unused_element_parameter
warning - A value for optional parameter 'suffix' isn't ever given - lib\presentation\agent\agent_registration_screen.dart:293:10 - unused_element_parameter
warning - A value for optional parameter 'prefixText' isn't ever given - lib\presentation\agent\agent_registration_screen.dart:294:10 - unused_element_parameter
warning - A value for optional parameter 'prefixText' isn't ever given - lib\presentation\agent\agent_registration_screen.dart:294:10 - unused_element_parameter
warning - A value for optional parameter 'prefixText' isn't ever given - lib\presentation\agent\agent_registration_screen.dart:294:10 - unused_element_parameter
warning - A value for optional parameter 'prefixText' isn't ever given - lib\presentation\agent\agent_registration_screen.dart:294:10 - unused_element_parameter
   info - 'withOpacity' is deprecated and shouldn't be used. Use .withValues() to avoid precision loss - lib\presentation\agent\agent_registration_screen.dart:351:38 - deprecated_member_use
   info - 'withOpacity' is deprecated and shouldn't be used. Use .withValues() to avoid precision loss - lib\presentation\agent\agent_registration_screen.dart:351:38 - deprecated_member_use
   info - 'withOpacity' is deprecated and shouldn't be used. Use .withValues() to avoid precision loss - lib\presentation\agent\agent_registration_screen.dart:351:38 - deprecated_member_use
   info - 'withOpacity' is deprecated and shouldn't be used. Use .withValues() to avoid precision loss - lib\presentation\agent\agent_registration_screen.dart:351:38 - deprecated_member_use
warning - A value for optional parameter 'isLoading' isn't ever given - lib\presentation\agent\agent_registration_screen.dart:386:10 - unused_element_parameter
warning - A value for optional parameter 'isLoading' isn't ever given - lib\presentation\agent\agent_registration_screen.dart:386:10 - unused_element_parameter
warning - A value for optional parameter 'isLoading' isn't ever given - lib\presentation\agent\agent_registration_screen.dart:386:10 - unused_element_parameter
warning - A value for optional parameter 'isLoading' isn't ever given - lib\presentation\agent\agent_registration_screen.dart:386:10 - unused_element_parameter
   info - 'withOpacity' is deprecated and shouldn't be used. Use .withValues() to avoid precision loss - lib\presentation\agent\agent_registration_screen.dart:407:41 - deprecated_member_use
   info - 'withOpacity' is deprecated and shouldn't be used. Use .withValues() to avoid precision loss - lib\presentation\agent\agent_registration_screen.dart:407:41 - deprecated_member_use
   info - 'withOpacity' is deprecated and shouldn't be used. Use .withValues() to avoid precision loss - lib\presentation\agent\agent_registration_screen.dart:407:41 - deprecated_member_use
   info - 'withOpacity' is deprecated and shouldn't be used. Use .withValues() to avoid precision loss - lib\presentation\agent\agent_registration_screen.dart:407:41 - deprecated_member_use
   info - 'withOpacity' is deprecated and shouldn't be used. Use .withValues() to avoid precision loss - lib\presentation\agent\agent_registration_screen.dart:408:60 - deprecated_member_use
   info - 'withOpacity' is deprecated and shouldn't be used. Use .withValues() to avoid precision loss - lib\presentation\agent\agent_registration_screen.dart:408:60 - deprecated_member_use
   info - 'withOpacity' is deprecated and shouldn't be used. Use .withValues() to avoid precision loss - lib\presentation\agent\agent_registration_screen.dart:408:60 - deprecated_member_use
   info - 'withOpacity' is deprecated and shouldn't be used. Use .withValues() to avoid precision loss - lib\presentation\agent\agent_registration_screen.dart:408:60 - deprecated_member_use
   info - 'withOpacity' is deprecated and shouldn't be used. Use .withValues() to avoid precision loss - lib\presentation\agent\become_agent_screen.dart:173:42 - deprecated_member_use
   info - 'withOpacity' is deprecated and shouldn't be used. Use .withValues() to avoid precision loss - lib\presentation\agent\become_agent_screen.dart:173:42 - deprecated_member_use
   info - 'withOpacity' is deprecated and shouldn't be used. Use .withValues() to avoid precision loss - lib\presentation\agent\become_agent_screen.dart:173:42 - deprecated_member_use
   info - 'withOpacity' is deprecated and shouldn't be used. Use .withValues() to avoid precision loss - lib\presentation\agent\become_agent_screen.dart:173:42 - deprecated_member_use
   info - 'withOpacity' is deprecated and shouldn't be used. Use .withValues() to avoid precision loss - lib\presentation\agent\become_agent_screen.dart:255:33 - deprecated_member_use
   info - 'withOpacity' is deprecated and shouldn't be used. Use .withValues() to avoid precision loss - lib\presentation\agent\become_agent_screen.dart:255:33 - deprecated_member_use
   info - 'withOpacity' is deprecated and shouldn't be used. Use .withValues() to avoid precision loss - lib\presentation\agent\become_agent_screen.dart:255:33 - deprecated_member_use
   info - 'withOpacity' is deprecated and shouldn't be used. Use .withValues() to avoid precision loss - lib\presentation\agent\become_agent_screen.dart:255:33 - deprecated_member_use
warning - A value for optional parameter 'isLoading' isn't ever given - lib\presentation\agent\become_agent_screen.dart:274:10 - unused_element_parameter
warning - A value for optional parameter 'isLoading' isn't ever given - lib\presentation\agent\become_agent_screen.dart:274:10 - unused_element_parameter
warning - A value for optional parameter 'isLoading' isn't ever given - lib\presentation\agent\become_agent_screen.dart:274:10 - unused_element_parameter
warning - A value for optional parameter 'isLoading' isn't ever given - lib\presentation\agent\become_agent_screen.dart:274:10 - unused_element_parameter
   info - 'withOpacity' is deprecated and shouldn't be used. Use .withValues() to avoid precision loss - lib\presentation\agent\become_agent_screen.dart:295:41 - deprecated_member_use
   info - 'withOpacity' is deprecated and shouldn't be used. Use .withValues() to avoid precision loss - lib\presentation\agent\become_agent_screen.dart:295:41 - deprecated_member_use
   info - 'withOpacity' is deprecated and shouldn't be used. Use .withValues() to avoid precision loss - lib\presentation\agent\become_agent_screen.dart:295:41 - deprecated_member_use
   info - 'withOpacity' is deprecated and shouldn't be used. Use .withValues() to avoid precision loss - lib\presentation\agent\become_agent_screen.dart:295:41 - deprecated_member_use
   info - 'withOpacity' is deprecated and shouldn't be used. Use .withValues() to avoid precision loss - lib\presentation\agent\become_agent_screen.dart:296:60 - deprecated_member_use
   info - 'withOpacity' is deprecated and shouldn't be used. Use .withValues() to avoid precision loss - lib\presentation\agent\become_agent_screen.dart:296:60 - deprecated_member_use
   info - 'withOpacity' is deprecated and shouldn't be used. Use .withValues() to avoid precision loss - lib\presentation\agent\become_agent_screen.dart:296:60 - deprecated_member_use
   info - 'withOpacity' is deprecated and shouldn't be used. Use .withValues() to avoid precision loss - lib\presentation\agent\become_agent_screen.dart:296:60 - deprecated_member_use
   info - 'withOpacity' is deprecated and shouldn't be used. Use .withValues() to avoid precision loss - lib\presentation\agent\business_location_step2.dart:167:42 - deprecated_member_use
   info - 'withOpacity' is deprecated and shouldn't be used. Use .withValues() to avoid precision loss - lib\presentation\agent\business_location_step2.dart:167:42 - deprecated_member_use
   info - 'withOpacity' is deprecated and shouldn't be used. Use .withValues() to avoid precision loss - lib\presentation\agent\business_location_step2.dart:167:42 - deprecated_member_use
   info - 'withOpacity' is deprecated and shouldn't be used. Use .withValues() to avoid precision loss - lib\presentation\agent\business_location_step2.dart:167:42 - deprecated_member_use
   info - Don't use 'BuildContext's across async gaps, guarded by an unrelated 'mounted' check - lib\presentation\agent\business_setup_step3.dart:88:39 - use_build_context_synchronously
   info - Don't use 'BuildContext's across async gaps, guarded by an unrelated 'mounted' check - lib\presentation\agent\business_setup_step3.dart:88:39 - use_build_context_synchronously
   info - Don't use 'BuildContext's across async gaps, guarded by an unrelated 'mounted' check - lib\presentation\agent\business_setup_step3.dart:88:39 - use_build_context_synchronously
   info - Don't use 'BuildContext's across async gaps, guarded by an unrelated 'mounted' check - lib\presentation\agent\business_setup_step3.dart:88:39 - use_build_context_synchronously
   info - 'withOpacity' is deprecated and shouldn't be used. Use .withValues() to avoid precision loss - lib\presentation\agent\review_application_screen.dart:250:37 - deprecated_member_use
   info - 'withOpacity' is deprecated and shouldn't be used. Use .withValues() to avoid precision loss - lib\presentation\agent\review_application_screen.dart:250:37 - deprecated_member_use
   info - 'withOpacity' is deprecated and shouldn't be used. Use .withValues() to avoid precision loss - lib\presentation\agent\review_application_screen.dart:250:37 - deprecated_member_use
   info - 'withOpacity' is deprecated and shouldn't be used. Use .withValues() to avoid precision loss - lib\presentation\agent\review_application_screen.dart:250:37 - deprecated_member_use
   info - 'activeColor' is deprecated and shouldn't be used. Use activeThumbColor instead. This feature was deprecated after v3.31.0-2.0.pre - lib\presentation\agent\review_application_screen.dart:531:21 - deprecated_member_use
   info - 'activeColor' is deprecated and shouldn't be used. Use activeThumbColor instead. This feature was deprecated after v3.31.0-2.0.pre - lib\presentation\agent\review_application_screen.dart:531:21 - deprecated_member_use
   info - 'activeColor' is deprecated and shouldn't be used. Use activeThumbColor instead. This feature was deprecated after v3.31.0-2.0.pre - lib\presentation\agent\review_application_screen.dart:531:21 - deprecated_member_use
   info - 'activeColor' is deprecated and shouldn't be used. Use activeThumbColor instead. This feature was deprecated after v3.31.0-2.0.pre - lib\presentation\agent\review_application_screen.dart:531:21 - deprecated_member_use
   info - 'withOpacity' is deprecated and shouldn't be used. Use .withValues() to avoid precision loss - lib\presentation\agent\review_application_screen.dart:584:51 - deprecated_member_use
   info - 'withOpacity' is deprecated and shouldn't be used. Use .withValues() to avoid precision loss - lib\presentation\agent\review_application_screen.dart:584:51 - deprecated_member_use
   info - 'withOpacity' is deprecated and shouldn't be used. Use .withValues() to avoid precision loss - lib\presentation\agent\review_application_screen.dart:584:51 - deprecated_member_use
   info - 'withOpacity' is deprecated and shouldn't be used. Use .withValues() to avoid precision loss - lib\presentation\agent\review_application_screen.dart:584:51 - deprecated_member_use
   info - 'withOpacity' is deprecated and shouldn't be used. Use .withValues() to avoid precision loss - lib\presentation\agent\review_application_screen.dart:591:43 - deprecated_member_use
   info - 'withOpacity' is deprecated and shouldn't be used. Use .withValues() to avoid precision loss - lib\presentation\agent\review_application_screen.dart:591:43 - deprecated_member_use
   info - 'withOpacity' is deprecated and shouldn't be used. Use .withValues() to avoid precision loss - lib\presentation\agent\review_application_screen.dart:591:43 - deprecated_member_use
   info - 'withOpacity' is deprecated and shouldn't be used. Use .withValues() to avoid precision loss - lib\presentation\agent\review_application_screen.dart:591:43 - deprecated_member_use
   info - 'withOpacity' is deprecated and shouldn't be used. Use .withValues() to avoid precision loss - lib\presentation\agent\review_application_screen.dart:598:41 - deprecated_member_use
   info - 'withOpacity' is deprecated and shouldn't be used. Use .withValues() to avoid precision loss - lib\presentation\agent\review_application_screen.dart:598:41 - deprecated_member_use
   info - 'withOpacity' is deprecated and shouldn't be used. Use .withValues() to avoid precision loss - lib\presentation\agent\review_application_screen.dart:598:41 - deprecated_member_use
   info - 'withOpacity' is deprecated and shouldn't be used. Use .withValues() to avoid precision loss - lib\presentation\agent\review_application_screen.dart:598:41 - deprecated_member_use
   info - 'withOpacity' is deprecated and shouldn't be used. Use .withValues() to avoid precision loss - lib\presentation\agent\review_application_screen.dart:675:33 - deprecated_member_use
   info - 'withOpacity' is deprecated and shouldn't be used. Use .withValues() to avoid precision loss - lib\presentation\agent\review_application_screen.dart:675:33 - deprecated_member_use
   info - 'withOpacity' is deprecated and shouldn't be used. Use .withValues() to avoid precision loss - lib\presentation\agent\review_application_screen.dart:675:33 - deprecated_member_use
   info - 'withOpacity' is deprecated and shouldn't be used. Use .withValues() to avoid precision loss - lib\presentation\agent\review_application_screen.dart:675:33 - deprecated_member_use
   info - 'withOpacity' is deprecated and shouldn't be used. Use .withValues() to avoid precision loss - lib\presentation\agent\tier_check_screen.dart:70:48 - deprecated_member_use
   info - 'withOpacity' is deprecated and shouldn't be used. Use .withValues() to avoid precision loss - lib\presentation\agent\tier_check_screen.dart:70:48 - deprecated_member_use
   info - 'withOpacity' is deprecated and shouldn't be used. Use .withValues() to avoid precision loss - lib\presentation\agent\tier_check_screen.dart:70:48 - deprecated_member_use
   info - 'withOpacity' is deprecated and shouldn't be used. Use .withValues() to avoid precision loss - lib\presentation\agent\tier_check_screen.dart:70:48 - deprecated_member_use
   info - Parameter 'key' could be a super parameter - lib\presentation\bankdeposit\bank_ussd_screen.dart:12:9 - use_super_parameters
   info - Parameter 'key' could be a super parameter - lib\presentation\bankdeposit\bank_ussd_screen.dart:12:9 - use_super_parameters
   info - Parameter 'key' could be a super parameter - lib\presentation\bankdeposit\bank_ussd_screen.dart:12:9 - use_super_parameters
   info - Parameter 'key' could be a super parameter - lib\presentation\bankdeposit\bank_ussd_screen.dart:12:9 - use_super_parameters
   info - 'withOpacity' is deprecated and shouldn't be used. Use .withValues() to avoid precision loss - lib\presentation\bankdeposit\bank_ussd_screen.dart:321:39 - deprecated_member_use
   info - 'withOpacity' is deprecated and shouldn't be used. Use .withValues() to avoid precision loss - lib\presentation\bankdeposit\bank_ussd_screen.dart:321:39 - deprecated_member_use
   info - 'withOpacity' is deprecated and shouldn't be used. Use .withValues() to avoid precision loss - lib\presentation\bankdeposit\bank_ussd_screen.dart:321:39 - deprecated_member_use
   info - 'withOpacity' is deprecated and shouldn't be used. Use .withValues() to avoid precision loss - lib\presentation\bankdeposit\bank_ussd_screen.dart:321:39 - deprecated_member_use
   info - 'withOpacity' is deprecated and shouldn't be used. Use .withValues() to avoid precision loss - lib\presentation\bankdeposit\bank_ussd_screen.dart:389:58 - deprecated_member_use
   info - 'withOpacity' is deprecated and shouldn't be used. Use .withValues() to avoid precision loss - lib\presentation\bankdeposit\bank_ussd_screen.dart:389:58 - deprecated_member_use
   info - 'withOpacity' is deprecated and shouldn't be used. Use .withValues() to avoid precision loss - lib\presentation\bankdeposit\bank_ussd_screen.dart:389:58 - deprecated_member_use
   info - 'withOpacity' is deprecated and shouldn't be used. Use .withValues() to avoid precision loss - lib\presentation\bankdeposit\bank_ussd_screen.dart:389:58 - deprecated_member_use
   info - Parameter 'key' could be a super parameter - lib\presentation\bankdeposit\select_bank.dart:9:9 - use_super_parameters
   info - Parameter 'key' could be a super parameter - lib\presentation\bankdeposit\select_bank.dart:9:9 - use_super_parameters
   info - Parameter 'key' could be a super parameter - lib\presentation\bankdeposit\select_bank.dart:9:9 - use_super_parameters
   info - Parameter 'key' could be a super parameter - lib\presentation\bankdeposit\select_bank.dart:9:9 - use_super_parameters
   info - Parameter 'key' could be a super parameter - lib\presentation\bankdeposit\ussd_code_display_screen.dart:11:9 - use_super_parameters
   info - Parameter 'key' could be a super parameter - lib\presentation\bankdeposit\ussd_code_display_screen.dart:11:9 - use_super_parameters
   info - Parameter 'key' could be a super parameter - lib\presentation\bankdeposit\ussd_code_display_screen.dart:11:9 - use_super_parameters
   info - Parameter 'key' could be a super parameter - lib\presentation\bankdeposit\ussd_code_display_screen.dart:11:9 - use_super_parameters
   info - 'withOpacity' is deprecated and shouldn't be used. Use .withValues() to avoid precision loss - lib\presentation\bankdeposit\ussd_code_display_screen.dart:57:34 - deprecated_member_use
   info - 'withOpacity' is deprecated and shouldn't be used. Use .withValues() to avoid precision loss - lib\presentation\bankdeposit\ussd_code_display_screen.dart:57:34 - deprecated_member_use
   info - 'withOpacity' is deprecated and shouldn't be used. Use .withValues() to avoid precision loss - lib\presentation\bankdeposit\ussd_code_display_screen.dart:57:34 - deprecated_member_use
   info - 'withOpacity' is deprecated and shouldn't be used. Use .withValues() to avoid precision loss - lib\presentation\bankdeposit\ussd_code_display_screen.dart:57:34 - deprecated_member_use
   info - Parameter 'key' could be a super parameter - lib\presentation\bill\airtime\airtime_amount_screen.dart:32:9 - use_super_parameters
   info - Parameter 'key' could be a super parameter - lib\presentation\bill\airtime\airtime_amount_screen.dart:32:9 - use_super_parameters
   info - Parameter 'key' could be a super parameter - lib\presentation\bill\airtime\airtime_amount_screen.dart:32:9 - use_super_parameters
   info - Parameter 'key' could be a super parameter - lib\presentation\bill\airtime\airtime_amount_screen.dart:32:9 - use_super_parameters
   info - 'withOpacity' is deprecated and shouldn't be used. Use .withValues() to avoid precision loss - lib\presentation\bill\airtime\airtime_amount_screen.dart:240:49 - deprecated_member_use
   info - 'withOpacity' is deprecated and shouldn't be used. Use .withValues() to avoid precision loss - lib\presentation\bill\airtime\airtime_amount_screen.dart:240:49 - deprecated_member_use
   info - 'withOpacity' is deprecated and shouldn't be used. Use .withValues() to avoid precision loss - lib\presentation\bill\airtime\airtime_amount_screen.dart:240:49 - deprecated_member_use
   info - 'withOpacity' is deprecated and shouldn't be used. Use .withValues() to avoid precision loss - lib\presentation\bill\airtime\airtime_amount_screen.dart:240:49 - deprecated_member_use
   info - 'withOpacity' is deprecated and shouldn't be used. Use .withValues() to avoid precision loss - lib\presentation\bill\airtime\airtime_amount_screen.dart:327:49 - deprecated_member_use
   info - 'withOpacity' is deprecated and shouldn't be used. Use .withValues() to avoid precision loss - lib\presentation\bill\airtime\airtime_amount_screen.dart:327:49 - deprecated_member_use
   info - 'withOpacity' is deprecated and shouldn't be used. Use .withValues() to avoid precision loss - lib\presentation\bill\airtime\airtime_amount_screen.dart:327:49 - deprecated_member_use
   info - 'withOpacity' is deprecated and shouldn't be used. Use .withValues() to avoid precision loss - lib\presentation\bill\airtime\airtime_amount_screen.dart:327:49 - deprecated_member_use
   info - 'withOpacity' is deprecated and shouldn't be used. Use .withValues() to avoid precision loss - lib\presentation\bill\airtime\airtime_amount_screen.dart:478:70 - deprecated_member_use
   info - 'withOpacity' is deprecated and shouldn't be used. Use .withValues() to avoid precision loss - lib\presentation\bill\airtime\airtime_amount_screen.dart:478:70 - deprecated_member_use
   info - 'withOpacity' is deprecated and shouldn't be used. Use .withValues() to avoid precision loss - lib\presentation\bill\airtime\airtime_amount_screen.dart:478:70 - deprecated_member_use
   info - 'withOpacity' is deprecated and shouldn't be used. Use .withValues() to avoid precision loss - lib\presentation\bill\airtime\airtime_amount_screen.dart:478:70 - deprecated_member_use
   info - Parameter 'key' could be a super parameter - lib\presentation\bill\airtime\airtime_amount_screen.dart:523:9 - use_super_parameters
   info - Parameter 'key' could be a super parameter - lib\presentation\bill\airtime\airtime_amount_screen.dart:523:9 - use_super_parameters
   info - Parameter 'key' could be a super parameter - lib\presentation\bill\airtime\airtime_amount_screen.dart:523:9 - use_super_parameters
   info - Parameter 'key' could be a super parameter - lib\presentation\bill\airtime\airtime_amount_screen.dart:523:9 - use_super_parameters
   info - Parameter 'key' could be a super parameter - lib\presentation\bill\airtime\airtime_amount_screen.dart:709:9 - use_super_parameters
   info - Parameter 'key' could be a super parameter - lib\presentation\bill\airtime\airtime_amount_screen.dart:709:9 - use_super_parameters
   info - Parameter 'key' could be a super parameter - lib\presentation\bill\airtime\airtime_amount_screen.dart:709:9 - use_super_parameters
   info - Parameter 'key' could be a super parameter - lib\presentation\bill\airtime\airtime_amount_screen.dart:709:9 - use_super_parameters
   info - 'activeColor' is deprecated and shouldn't be used. Use activeThumbColor instead. This feature was deprecated after v3.31.0-2.0.pre - lib\presentation\bill\airtime\airtime_amount_screen.dart:833:27 - deprecated_member_use
   info - 'activeColor' is deprecated and shouldn't be used. Use activeThumbColor instead. This feature was deprecated after v3.31.0-2.0.pre - lib\presentation\bill\airtime\airtime_amount_screen.dart:833:27 - deprecated_member_use
   info - 'activeColor' is deprecated and shouldn't be used. Use activeThumbColor instead. This feature was deprecated after v3.31.0-2.0.pre - lib\presentation\bill\airtime\airtime_amount_screen.dart:833:27 - deprecated_member_use
   info - 'activeColor' is deprecated and shouldn't be used. Use activeThumbColor instead. This feature was deprecated after v3.31.0-2.0.pre - lib\presentation\bill\airtime\airtime_amount_screen.dart:833:27 - deprecated_member_use
   info - The import of 'package:kudipay/provider/bill/bill_provider.dart' is unnecessary because all of the used elements are also provided by the import of 'package:kudipay/provider/provider.dart' - lib\presentation\bill\airtime\airtime_phone_screen.dart:10:8 - unnecessary_import
   info - The import of 'package:kudipay/provider/bill/bill_provider.dart' is unnecessary because all of the used elements are also provided by the import of 'package:kudipay/provider/provider.dart' - lib\presentation\bill\airtime\airtime_phone_screen.dart:10:8 - unnecessary_import
   info - The import of 'package:kudipay/provider/bill/bill_provider.dart' is unnecessary because all of the used elements are also provided by the import of 'package:kudipay/provider/provider.dart' - lib\presentation\bill\airtime\airtime_phone_screen.dart:10:8 - unnecessary_import
   info - The import of 'package:kudipay/provider/bill/bill_provider.dart' is unnecessary because all of the used elements are also provided by the import of 'package:kudipay/provider/provider.dart' - lib\presentation\bill\airtime\airtime_phone_screen.dart:10:8 - unnecessary_import
   info - The import of 'package:kudipay/provider/wallet/wallet_provider.dart' is unnecessary because all of the used elements are also provided by the import of 'package:kudipay/provider/provider.dart' - lib\presentation\bill\airtime\airtime_phone_screen.dart:13:8 - unnecessary_import
   info - The import of 'package:kudipay/provider/wallet/wallet_provider.dart' is unnecessary because all of the used elements are also provided by the import of 'package:kudipay/provider/provider.dart' - lib\presentation\bill\airtime\airtime_phone_screen.dart:13:8 - unnecessary_import
   info - The import of 'package:kudipay/provider/wallet/wallet_provider.dart' is unnecessary because all of the used elements are also provided by the import of 'package:kudipay/provider/provider.dart' - lib\presentation\bill\airtime\airtime_phone_screen.dart:13:8 - unnecessary_import
   info - The import of 'package:kudipay/provider/wallet/wallet_provider.dart' is unnecessary because all of the used elements are also provided by the import of 'package:kudipay/provider/provider.dart' - lib\presentation\bill\airtime\airtime_phone_screen.dart:13:8 - unnecessary_import
   info - Parameter 'key' could be a super parameter - lib\presentation\bill\airtime\airtime_phone_screen.dart:26:9 - use_super_parameters
   info - Parameter 'key' could be a super parameter - lib\presentation\bill\airtime\airtime_phone_screen.dart:26:9 - use_super_parameters
   info - Parameter 'key' could be a super parameter - lib\presentation\bill\airtime\airtime_phone_screen.dart:26:9 - use_super_parameters
   info - Parameter 'key' could be a super parameter - lib\presentation\bill\airtime\airtime_phone_screen.dart:26:9 - use_super_parameters
   info - 'withOpacity' is deprecated and shouldn't be used. Use .withValues() to avoid precision loss - lib\presentation\bill\airtime\airtime_phone_screen.dart:179:51 - deprecated_member_use
   info - 'withOpacity' is deprecated and shouldn't be used. Use .withValues() to avoid precision loss - lib\presentation\bill\airtime\airtime_phone_screen.dart:179:51 - deprecated_member_use
   info - 'withOpacity' is deprecated and shouldn't be used. Use .withValues() to avoid precision loss - lib\presentation\bill\airtime\airtime_phone_screen.dart:179:51 - deprecated_member_use
   info - 'withOpacity' is deprecated and shouldn't be used. Use .withValues() to avoid precision loss - lib\presentation\bill\airtime\airtime_phone_screen.dart:179:51 - deprecated_member_use
   info - 'withOpacity' is deprecated and shouldn't be used. Use .withValues() to avoid precision loss - lib\presentation\bill\airtime\airtime_phone_screen.dart:335:53 - deprecated_member_use
   info - 'withOpacity' is deprecated and shouldn't be used. Use .withValues() to avoid precision loss - lib\presentation\bill\airtime\airtime_phone_screen.dart:335:53 - deprecated_member_use
   info - 'withOpacity' is deprecated and shouldn't be used. Use .withValues() to avoid precision loss - lib\presentation\bill\airtime\airtime_phone_screen.dart:335:53 - deprecated_member_use
   info - 'withOpacity' is deprecated and shouldn't be used. Use .withValues() to avoid precision loss - lib\presentation\bill\airtime\airtime_phone_screen.dart:335:53 - deprecated_member_use
   info - 'withOpacity' is deprecated and shouldn't be used. Use .withValues() to avoid precision loss - lib\presentation\bill\airtime\airtime_phone_screen.dart:431:70 - deprecated_member_use
   info - 'withOpacity' is deprecated and shouldn't be used. Use .withValues() to avoid precision loss - lib\presentation\bill\airtime\airtime_phone_screen.dart:431:70 - deprecated_member_use
   info - 'withOpacity' is deprecated and shouldn't be used. Use .withValues() to avoid precision loss - lib\presentation\bill\airtime\airtime_phone_screen.dart:431:70 - deprecated_member_use
   info - 'withOpacity' is deprecated and shouldn't be used. Use .withValues() to avoid precision loss - lib\presentation\bill\airtime\airtime_phone_screen.dart:431:70 - deprecated_member_use
   info - Parameter 'key' could be a super parameter - lib\presentation\bill\bill_payment_success.dart:19:9 - use_super_parameters
   info - Parameter 'key' could be a super parameter - lib\presentation\bill\bill_payment_success.dart:19:9 - use_super_parameters
   info - Parameter 'key' could be a super parameter - lib\presentation\bill\bill_payment_success.dart:19:9 - use_super_parameters
   info - Parameter 'key' could be a super parameter - lib\presentation\bill\bill_payment_success.dart:19:9 - use_super_parameters
   info - 'withOpacity' is deprecated and shouldn't be used. Use .withValues() to avoid precision loss - lib\presentation\bill\bill_payment_success.dart:266:55 - deprecated_member_use
   info - 'withOpacity' is deprecated and shouldn't be used. Use .withValues() to avoid precision loss - lib\presentation\bill\bill_payment_success.dart:266:55 - deprecated_member_use
   info - 'withOpacity' is deprecated and shouldn't be used. Use .withValues() to avoid precision loss - lib\presentation\bill\bill_payment_success.dart:266:55 - deprecated_member_use
   info - 'withOpacity' is deprecated and shouldn't be used. Use .withValues() to avoid precision loss - lib\presentation\bill\bill_payment_success.dart:266:55 - deprecated_member_use
   info - Parameter 'key' could be a super parameter - lib\presentation\bill\bill_transaction_detail.dart:27:9 - use_super_parameters
   info - Parameter 'key' could be a super parameter - lib\presentation\bill\bill_transaction_detail.dart:27:9 - use_super_parameters
   info - Parameter 'key' could be a super parameter - lib\presentation\bill\bill_transaction_detail.dart:27:9 - use_super_parameters
   info - Parameter 'key' could be a super parameter - lib\presentation\bill\bill_transaction_detail.dart:27:9 - use_super_parameters
   info - 'withOpacity' is deprecated and shouldn't be used. Use .withValues() to avoid precision loss - lib\presentation\bill\bill_transaction_detail.dart:207:51 - deprecated_member_use
   info - 'withOpacity' is deprecated and shouldn't be used. Use .withValues() to avoid precision loss - lib\presentation\bill\bill_transaction_detail.dart:207:51 - deprecated_member_use
   info - 'withOpacity' is deprecated and shouldn't be used. Use .withValues() to avoid precision loss - lib\presentation\bill\bill_transaction_detail.dart:207:51 - deprecated_member_use
   info - 'withOpacity' is deprecated and shouldn't be used. Use .withValues() to avoid precision loss - lib\presentation\bill\bill_transaction_detail.dart:207:51 - deprecated_member_use
   info - 'withOpacity' is deprecated and shouldn't be used. Use .withValues() to avoid precision loss - lib\presentation\bill\bill_transaction_detail.dart:344:33 - deprecated_member_use
   info - 'withOpacity' is deprecated and shouldn't be used. Use .withValues() to avoid precision loss - lib\presentation\bill\bill_transaction_detail.dart:344:33 - deprecated_member_use
   info - 'withOpacity' is deprecated and shouldn't be used. Use .withValues() to avoid precision loss - lib\presentation\bill\bill_transaction_detail.dart:344:33 - deprecated_member_use
   info - 'withOpacity' is deprecated and shouldn't be used. Use .withValues() to avoid precision loss - lib\presentation\bill\bill_transaction_detail.dart:344:33 - deprecated_member_use
warning - A value for optional parameter 'valueColor' isn't ever given - lib\presentation\bill\bill_transaction_detail.dart:371:10 - unused_element_parameter
warning - A value for optional parameter 'valueColor' isn't ever given - lib\presentation\bill\bill_transaction_detail.dart:371:10 - unused_element_parameter
warning - A value for optional parameter 'valueColor' isn't ever given - lib\presentation\bill\bill_transaction_detail.dart:371:10 - unused_element_parameter
warning - A value for optional parameter 'valueColor' isn't ever given - lib\presentation\bill\bill_transaction_detail.dart:371:10 - unused_element_parameter
   info - Parameter 'key' could be a super parameter - lib\presentation\bill\cable_tv\cable_tv_screen.dart:30:9 - use_super_parameters
   info - Parameter 'key' could be a super parameter - lib\presentation\bill\cable_tv\cable_tv_screen.dart:30:9 - use_super_parameters
   info - Parameter 'key' could be a super parameter - lib\presentation\bill\cable_tv\cable_tv_screen.dart:30:9 - use_super_parameters
   info - Parameter 'key' could be a super parameter - lib\presentation\bill\cable_tv\cable_tv_screen.dart:30:9 - use_super_parameters
   info - 'withOpacity' is deprecated and shouldn't be used. Use .withValues() to avoid precision loss - lib\presentation\bill\cable_tv\cable_tv_screen.dart:103:43 - deprecated_member_use
   info - 'withOpacity' is deprecated and shouldn't be used. Use .withValues() to avoid precision loss - lib\presentation\bill\cable_tv\cable_tv_screen.dart:103:43 - deprecated_member_use
   info - 'withOpacity' is deprecated and shouldn't be used. Use .withValues() to avoid precision loss - lib\presentation\bill\cable_tv\cable_tv_screen.dart:103:43 - deprecated_member_use
   info - 'withOpacity' is deprecated and shouldn't be used. Use .withValues() to avoid precision loss - lib\presentation\bill\cable_tv\cable_tv_screen.dart:103:43 - deprecated_member_use
   info - Parameter 'key' could be a super parameter - lib\presentation\bill\cable_tv\cable_tv_screen.dart:189:9 - use_super_parameters
   info - Parameter 'key' could be a super parameter - lib\presentation\bill\cable_tv\cable_tv_screen.dart:189:9 - use_super_parameters
   info - Parameter 'key' could be a super parameter - lib\presentation\bill\cable_tv\cable_tv_screen.dart:189:9 - use_super_parameters
   info - Parameter 'key' could be a super parameter - lib\presentation\bill\cable_tv\cable_tv_screen.dart:189:9 - use_super_parameters
  error - The property 'selectedPlan' can't be unconditionally accessed because the receiver can be 'null' - lib\presentation\bill\cable_tv\cable_tv_screen.dart:251:16 - unchecked_use_of_nullable_value
  error - The getter 'selectedPlan' isn't defined for the type 'Object' - lib\presentation\bill\cable_tv\cable_tv_screen.dart:252:17 - undefined_getter
  error - The property 'selectedPlan' can't be unconditionally accessed because the receiver can be 'null' - lib\presentation\bill\cable_tv\cable_tv_screen.dart:252:38 - unchecked_use_of_nullable_value
  error - The property 'selectedPlan' can't be unconditionally accessed because the receiver can be 'null' - lib\presentation\bill\cable_tv\cable_tv_screen.dart:254:32 - unchecked_use_of_nullable_value
   info - 'withOpacity' is deprecated and shouldn't be used. Use .withValues() to avoid precision loss - lib\presentation\bill\cable_tv\cable_tv_screen.dart:332:49 - deprecated_member_use
   info - 'withOpacity' is deprecated and shouldn't be used. Use .withValues() to avoid precision loss - lib\presentation\bill\cable_tv\cable_tv_screen.dart:332:49 - deprecated_member_use
   info - 'withOpacity' is deprecated and shouldn't be used. Use .withValues() to avoid precision loss - lib\presentation\bill\cable_tv\cable_tv_screen.dart:332:49 - deprecated_member_use
   info - 'withOpacity' is deprecated and shouldn't be used. Use .withValues() to avoid precision loss - lib\presentation\bill\cable_tv\cable_tv_screen.dart:332:49 - deprecated_member_use
   info - 'withOpacity' is deprecated and shouldn't be used. Use .withValues() to avoid precision loss - lib\presentation\bill\cable_tv\cable_tv_screen.dart:406:49 - deprecated_member_use
   info - 'withOpacity' is deprecated and shouldn't be used. Use .withValues() to avoid precision loss - lib\presentation\bill\cable_tv\cable_tv_screen.dart:406:49 - deprecated_member_use
   info - 'withOpacity' is deprecated and shouldn't be used. Use .withValues() to avoid precision loss - lib\presentation\bill\cable_tv\cable_tv_screen.dart:406:49 - deprecated_member_use
   info - 'withOpacity' is deprecated and shouldn't be used. Use .withValues() to avoid precision loss - lib\presentation\bill\cable_tv\cable_tv_screen.dart:406:49 - deprecated_member_use
   info - 'withOpacity' is deprecated and shouldn't be used. Use .withValues() to avoid precision loss - lib\presentation\bill\cable_tv\cable_tv_screen.dart:561:49 - deprecated_member_use
   info - 'withOpacity' is deprecated and shouldn't be used. Use .withValues() to avoid precision loss - lib\presentation\bill\cable_tv\cable_tv_screen.dart:561:49 - deprecated_member_use
   info - 'withOpacity' is deprecated and shouldn't be used. Use .withValues() to avoid precision loss - lib\presentation\bill\cable_tv\cable_tv_screen.dart:561:49 - deprecated_member_use
   info - 'withOpacity' is deprecated and shouldn't be used. Use .withValues() to avoid precision loss - lib\presentation\bill\cable_tv\cable_tv_screen.dart:561:49 - deprecated_member_use
   info - 'withOpacity' is deprecated and shouldn't be used. Use .withValues() to avoid precision loss - lib\presentation\bill\cable_tv\cable_tv_screen.dart:665:70 - deprecated_member_use
   info - 'withOpacity' is deprecated and shouldn't be used. Use .withValues() to avoid precision loss - lib\presentation\bill\cable_tv\cable_tv_screen.dart:665:70 - deprecated_member_use
   info - 'withOpacity' is deprecated and shouldn't be used. Use .withValues() to avoid precision loss - lib\presentation\bill\cable_tv\cable_tv_screen.dart:665:70 - deprecated_member_use
   info - 'withOpacity' is deprecated and shouldn't be used. Use .withValues() to avoid precision loss - lib\presentation\bill\cable_tv\cable_tv_screen.dart:665:70 - deprecated_member_use
   info - 'activeColor' is deprecated and shouldn't be used. Use activeThumbColor instead. This feature was deprecated after v3.31.0-2.0.pre - lib\presentation\bill\cable_tv\cable_tv_screen.dart:1128:23 - deprecated_member_use
   info - 'activeColor' is deprecated and shouldn't be used. Use activeThumbColor instead. This feature was deprecated after v3.31.0-2.0.pre - lib\presentation\bill\cable_tv\cable_tv_screen.dart:1128:23 - deprecated_member_use
   info - 'activeColor' is deprecated and shouldn't be used. Use activeThumbColor instead. This feature was deprecated after v3.31.0-2.0.pre - lib\presentation\bill\cable_tv\cable_tv_screen.dart:1128:23 - deprecated_member_use
   info - 'activeColor' is deprecated and shouldn't be used. Use activeThumbColor instead. This feature was deprecated after v3.31.0-2.0.pre - lib\presentation\bill\cable_tv\cable_tv_screen.dart:1128:23 - deprecated_member_use
   info - The import of 'package:kudipay/provider/bill/bill_provider.dart' is unnecessary because all of the used elements are also provided by the import of 'package:kudipay/provider/provider.dart' - lib\presentation\bill\data\data_phone_screen.dart:11:8 - unnecessary_import
   info - The import of 'package:kudipay/provider/bill/bill_provider.dart' is unnecessary because all of the used elements are also provided by the import of 'package:kudipay/provider/provider.dart' - lib\presentation\bill\data\data_phone_screen.dart:11:8 - unnecessary_import
   info - The import of 'package:kudipay/provider/bill/bill_provider.dart' is unnecessary because all of the used elements are also provided by the import of 'package:kudipay/provider/provider.dart' - lib\presentation\bill\data\data_phone_screen.dart:11:8 - unnecessary_import
   info - The import of 'package:kudipay/provider/bill/bill_provider.dart' is unnecessary because all of the used elements are also provided by the import of 'package:kudipay/provider/provider.dart' - lib\presentation\bill\data\data_phone_screen.dart:11:8 - unnecessary_import
   info - The import of 'package:kudipay/provider/wallet/wallet_provider.dart' is unnecessary because all of the used elements are also provided by the import of 'package:kudipay/provider/provider.dart' - lib\presentation\bill\data\data_phone_screen.dart:14:8 - unnecessary_import
   info - The import of 'package:kudipay/provider/wallet/wallet_provider.dart' is unnecessary because all of the used elements are also provided by the import of 'package:kudipay/provider/provider.dart' - lib\presentation\bill\data\data_phone_screen.dart:14:8 - unnecessary_import
   info - The import of 'package:kudipay/provider/wallet/wallet_provider.dart' is unnecessary because all of the used elements are also provided by the import of 'package:kudipay/provider/provider.dart' - lib\presentation\bill\data\data_phone_screen.dart:14:8 - unnecessary_import
   info - The import of 'package:kudipay/provider/wallet/wallet_provider.dart' is unnecessary because all of the used elements are also provided by the import of 'package:kudipay/provider/provider.dart' - lib\presentation\bill\data\data_phone_screen.dart:14:8 - unnecessary_import
   info - Parameter 'key' could be a super parameter - lib\presentation\bill\data\data_phone_screen.dart:27:9 - use_super_parameters
   info - Parameter 'key' could be a super parameter - lib\presentation\bill\data\data_phone_screen.dart:27:9 - use_super_parameters
   info - Parameter 'key' could be a super parameter - lib\presentation\bill\data\data_phone_screen.dart:27:9 - use_super_parameters
   info - Parameter 'key' could be a super parameter - lib\presentation\bill\data\data_phone_screen.dart:27:9 - use_super_parameters
   info - 'withOpacity' is deprecated and shouldn't be used. Use .withValues() to avoid precision loss - lib\presentation\bill\data\data_phone_screen.dart:172:51 - deprecated_member_use
   info - 'withOpacity' is deprecated and shouldn't be used. Use .withValues() to avoid precision loss - lib\presentation\bill\data\data_phone_screen.dart:172:51 - deprecated_member_use
   info - 'withOpacity' is deprecated and shouldn't be used. Use .withValues() to avoid precision loss - lib\presentation\bill\data\data_phone_screen.dart:172:51 - deprecated_member_use
   info - 'withOpacity' is deprecated and shouldn't be used. Use .withValues() to avoid precision loss - lib\presentation\bill\data\data_phone_screen.dart:172:51 - deprecated_member_use
   info - 'withOpacity' is deprecated and shouldn't be used. Use .withValues() to avoid precision loss - lib\presentation\bill\data\data_phone_screen.dart:325:53 - deprecated_member_use
   info - 'withOpacity' is deprecated and shouldn't be used. Use .withValues() to avoid precision loss - lib\presentation\bill\data\data_phone_screen.dart:325:53 - deprecated_member_use
   info - 'withOpacity' is deprecated and shouldn't be used. Use .withValues() to avoid precision loss - lib\presentation\bill\data\data_phone_screen.dart:325:53 - deprecated_member_use
   info - 'withOpacity' is deprecated and shouldn't be used. Use .withValues() to avoid precision loss - lib\presentation\bill\data\data_phone_screen.dart:325:53 - deprecated_member_use
   info - 'withOpacity' is deprecated and shouldn't be used. Use .withValues() to avoid precision loss - lib\presentation\bill\data\data_phone_screen.dart:420:70 - deprecated_member_use
   info - 'withOpacity' is deprecated and shouldn't be used. Use .withValues() to avoid precision loss - lib\presentation\bill\data\data_phone_screen.dart:420:70 - deprecated_member_use
   info - 'withOpacity' is deprecated and shouldn't be used. Use .withValues() to avoid precision loss - lib\presentation\bill\data\data_phone_screen.dart:420:70 - deprecated_member_use
   info - 'withOpacity' is deprecated and shouldn't be used. Use .withValues() to avoid precision loss - lib\presentation\bill\data\data_phone_screen.dart:420:70 - deprecated_member_use
   info - Parameter 'key' could be a super parameter - lib\presentation\bill\data\data_plan_screen.dart:26:9 - use_super_parameters
   info - Parameter 'key' could be a super parameter - lib\presentation\bill\data\data_plan_screen.dart:26:9 - use_super_parameters
   info - Parameter 'key' could be a super parameter - lib\presentation\bill\data\data_plan_screen.dart:26:9 - use_super_parameters
   info - Parameter 'key' could be a super parameter - lib\presentation\bill\data\data_plan_screen.dart:26:9 - use_super_parameters
warning - The value of the field '_fmt' isn't used - lib\presentation\bill\data\data_plan_screen.dart:36:9 - unused_field
warning - The value of the field '_fmt' isn't used - lib\presentation\bill\data\data_plan_screen.dart:36:9 - unused_field
warning - The value of the field '_fmt' isn't used - lib\presentation\bill\data\data_plan_screen.dart:36:9 - unused_field
warning - The value of the field '_fmt' isn't used - lib\presentation\bill\data\data_plan_screen.dart:36:9 - unused_field
   info - 'withOpacity' is deprecated and shouldn't be used. Use .withValues() to avoid precision loss - lib\presentation\bill\data\data_plan_screen.dart:210:53 - deprecated_member_use
   info - 'withOpacity' is deprecated and shouldn't be used. Use .withValues() to avoid precision loss - lib\presentation\bill\data\data_plan_screen.dart:210:53 - deprecated_member_use
   info - 'withOpacity' is deprecated and shouldn't be used. Use .withValues() to avoid precision loss - lib\presentation\bill\data\data_plan_screen.dart:210:53 - deprecated_member_use
   info - 'withOpacity' is deprecated and shouldn't be used. Use .withValues() to avoid precision loss - lib\presentation\bill\data\data_plan_screen.dart:210:53 - deprecated_member_use
   info - 'withOpacity' is deprecated and shouldn't be used. Use .withValues() to avoid precision loss - lib\presentation\bill\data\data_plan_screen.dart:293:53 - deprecated_member_use
   info - 'withOpacity' is deprecated and shouldn't be used. Use .withValues() to avoid precision loss - lib\presentation\bill\data\data_plan_screen.dart:293:53 - deprecated_member_use
   info - 'withOpacity' is deprecated and shouldn't be used. Use .withValues() to avoid precision loss - lib\presentation\bill\data\data_plan_screen.dart:293:53 - deprecated_member_use
   info - 'withOpacity' is deprecated and shouldn't be used. Use .withValues() to avoid precision loss - lib\presentation\bill\data\data_plan_screen.dart:293:53 - deprecated_member_use
   info - 'withOpacity' is deprecated and shouldn't be used. Use .withValues() to avoid precision loss - lib\presentation\bill\data\data_plan_screen.dart:467:70 - deprecated_member_use
   info - 'withOpacity' is deprecated and shouldn't be used. Use .withValues() to avoid precision loss - lib\presentation\bill\data\data_plan_screen.dart:467:70 - deprecated_member_use
   info - 'withOpacity' is deprecated and shouldn't be used. Use .withValues() to avoid precision loss - lib\presentation\bill\data\data_plan_screen.dart:467:70 - deprecated_member_use
   info - 'withOpacity' is deprecated and shouldn't be used. Use .withValues() to avoid precision loss - lib\presentation\bill\data\data_plan_screen.dart:467:70 - deprecated_member_use
warning - The value of the field '_fmt' isn't used - lib\presentation\bill\data\data_plan_screen.dart:558:9 - unused_field
warning - The value of the field '_fmt' isn't used - lib\presentation\bill\data\data_plan_screen.dart:558:9 - unused_field
warning - The value of the field '_fmt' isn't used - lib\presentation\bill\data\data_plan_screen.dart:558:9 - unused_field
warning - The value of the field '_fmt' isn't used - lib\presentation\bill\data\data_plan_screen.dart:558:9 - unused_field
   info - 'withOpacity' is deprecated and shouldn't be used. Use .withValues() to avoid precision loss - lib\presentation\bill\data\data_plan_screen.dart:586:35 - deprecated_member_use
   info - 'withOpacity' is deprecated and shouldn't be used. Use .withValues() to avoid precision loss - lib\presentation\bill\data\data_plan_screen.dart:586:35 - deprecated_member_use
   info - 'withOpacity' is deprecated and shouldn't be used. Use .withValues() to avoid precision loss - lib\presentation\bill\data\data_plan_screen.dart:586:35 - deprecated_member_use
   info - 'withOpacity' is deprecated and shouldn't be used. Use .withValues() to avoid precision loss - lib\presentation\bill\data\data_plan_screen.dart:586:35 - deprecated_member_use
   info - 'withOpacity' is deprecated and shouldn't be used. Use .withValues() to avoid precision loss - lib\presentation\bill\data\data_plan_screen.dart:637:53 - deprecated_member_use
   info - 'withOpacity' is deprecated and shouldn't be used. Use .withValues() to avoid precision loss - lib\presentation\bill\data\data_plan_screen.dart:637:53 - deprecated_member_use
   info - 'withOpacity' is deprecated and shouldn't be used. Use .withValues() to avoid precision loss - lib\presentation\bill\data\data_plan_screen.dart:637:53 - deprecated_member_use
   info - 'withOpacity' is deprecated and shouldn't be used. Use .withValues() to avoid precision loss - lib\presentation\bill\data\data_plan_screen.dart:637:53 - deprecated_member_use
   info - Parameter 'key' could be a super parameter - lib\presentation\bill\data\data_plan_screen.dart:689:9 - use_super_parameters
   info - Parameter 'key' could be a super parameter - lib\presentation\bill\data\data_plan_screen.dart:689:9 - use_super_parameters
   info - Parameter 'key' could be a super parameter - lib\presentation\bill\data\data_plan_screen.dart:689:9 - use_super_parameters
   info - Parameter 'key' could be a super parameter - lib\presentation\bill\data\data_plan_screen.dart:689:9 - use_super_parameters
warning - The value of the local variable 'wallet' isn't used - lib\presentation\bill\data\data_plan_screen.dart:700:11 - unused_local_variable
warning - The value of the local variable 'wallet' isn't used - lib\presentation\bill\data\data_plan_screen.dart:700:11 - unused_local_variable
warning - The value of the local variable 'wallet' isn't used - lib\presentation\bill\data\data_plan_screen.dart:700:11 - unused_local_variable
warning - The value of the local variable 'wallet' isn't used - lib\presentation\bill\data\data_plan_screen.dart:700:11 - unused_local_variable
   info - Parameter 'key' could be a super parameter - lib\presentation\bill\data\data_plan_screen.dart:986:9 - use_super_parameters
   info - Parameter 'key' could be a super parameter - lib\presentation\bill\data\data_plan_screen.dart:986:9 - use_super_parameters
   info - Parameter 'key' could be a super parameter - lib\presentation\bill\data\data_plan_screen.dart:986:9 - use_super_parameters
   info - Parameter 'key' could be a super parameter - lib\presentation\bill\data\data_plan_screen.dart:986:9 - use_super_parameters
   info - 'activeColor' is deprecated and shouldn't be used. Use activeThumbColor instead. This feature was deprecated after v3.31.0-2.0.pre - lib\presentation\bill\data\data_plan_screen.dart:1114:27 - deprecated_member_use
   info - 'activeColor' is deprecated and shouldn't be used. Use activeThumbColor instead. This feature was deprecated after v3.31.0-2.0.pre - lib\presentation\bill\data\data_plan_screen.dart:1114:27 - deprecated_member_use
   info - 'activeColor' is deprecated and shouldn't be used. Use activeThumbColor instead. This feature was deprecated after v3.31.0-2.0.pre - lib\presentation\bill\data\data_plan_screen.dart:1114:27 - deprecated_member_use
   info - 'activeColor' is deprecated and shouldn't be used. Use activeThumbColor instead. This feature was deprecated after v3.31.0-2.0.pre - lib\presentation\bill\data\data_plan_screen.dart:1114:27 - deprecated_member_use
   info - Parameter 'key' could be a super parameter - lib\presentation\bill\electricity\electricity_screen.dart:23:9 - use_super_parameters
   info - Parameter 'key' could be a super parameter - lib\presentation\bill\electricity\electricity_screen.dart:23:9 - use_super_parameters
   info - Parameter 'key' could be a super parameter - lib\presentation\bill\electricity\electricity_screen.dart:23:9 - use_super_parameters
   info - Parameter 'key' could be a super parameter - lib\presentation\bill\electricity\electricity_screen.dart:23:9 - use_super_parameters
   info - 'withOpacity' is deprecated and shouldn't be used. Use .withValues() to avoid precision loss - lib\presentation\bill\electricity\electricity_screen.dart:149:51 - deprecated_member_use
   info - 'withOpacity' is deprecated and shouldn't be used. Use .withValues() to avoid precision loss - lib\presentation\bill\electricity\electricity_screen.dart:149:51 - deprecated_member_use
   info - 'withOpacity' is deprecated and shouldn't be used. Use .withValues() to avoid precision loss - lib\presentation\bill\electricity\electricity_screen.dart:149:51 - deprecated_member_use
   info - 'withOpacity' is deprecated and shouldn't be used. Use .withValues() to avoid precision loss - lib\presentation\bill\electricity\electricity_screen.dart:149:51 - deprecated_member_use
   info - 'withOpacity' is deprecated and shouldn't be used. Use .withValues() to avoid precision loss - lib\presentation\bill\electricity\electricity_screen.dart:186:49 - deprecated_member_use
   info - 'withOpacity' is deprecated and shouldn't be used. Use .withValues() to avoid precision loss - lib\presentation\bill\electricity\electricity_screen.dart:186:49 - deprecated_member_use
   info - 'withOpacity' is deprecated and shouldn't be used. Use .withValues() to avoid precision loss - lib\presentation\bill\electricity\electricity_screen.dart:186:49 - deprecated_member_use
   info - 'withOpacity' is deprecated and shouldn't be used. Use .withValues() to avoid precision loss - lib\presentation\bill\electricity\electricity_screen.dart:186:49 - deprecated_member_use
   info - 'withOpacity' is deprecated and shouldn't be used. Use .withValues() to avoid precision loss - lib\presentation\bill\electricity\electricity_screen.dart:221:49 - deprecated_member_use
   info - 'withOpacity' is deprecated and shouldn't be used. Use .withValues() to avoid precision loss - lib\presentation\bill\electricity\electricity_screen.dart:221:49 - deprecated_member_use
   info - 'withOpacity' is deprecated and shouldn't be used. Use .withValues() to avoid precision loss - lib\presentation\bill\electricity\electricity_screen.dart:221:49 - deprecated_member_use
   info - 'withOpacity' is deprecated and shouldn't be used. Use .withValues() to avoid precision loss - lib\presentation\bill\electricity\electricity_screen.dart:221:49 - deprecated_member_use
   info - 'withOpacity' is deprecated and shouldn't be used. Use .withValues() to avoid precision loss - lib\presentation\bill\electricity\electricity_screen.dart:362:49 - deprecated_member_use
   info - 'withOpacity' is deprecated and shouldn't be used. Use .withValues() to avoid precision loss - lib\presentation\bill\electricity\electricity_screen.dart:362:49 - deprecated_member_use
   info - 'withOpacity' is deprecated and shouldn't be used. Use .withValues() to avoid precision loss - lib\presentation\bill\electricity\electricity_screen.dart:362:49 - deprecated_member_use
   info - 'withOpacity' is deprecated and shouldn't be used. Use .withValues() to avoid precision loss - lib\presentation\bill\electricity\electricity_screen.dart:362:49 - deprecated_member_use
warning - A value for optional parameter 'valueColor' isn't ever given - lib\presentation\bill\electricity\electricity_screen.dart:620:10 - unused_element_parameter
warning - A value for optional parameter 'valueColor' isn't ever given - lib\presentation\bill\electricity\electricity_screen.dart:620:10 - unused_element_parameter
warning - A value for optional parameter 'valueColor' isn't ever given - lib\presentation\bill\electricity\electricity_screen.dart:620:10 - unused_element_parameter
warning - A value for optional parameter 'valueColor' isn't ever given - lib\presentation\bill\electricity\electricity_screen.dart:620:10 - unused_element_parameter
   info - Statements in an if should be enclosed in a block - lib\presentation\cashout\agent_detail_screen.dart:355:7 - curly_braces_in_flow_control_structures
   info - Statements in an if should be enclosed in a block - lib\presentation\cashout\agent_detail_screen.dart:355:7 - curly_braces_in_flow_control_structures
   info - Statements in an if should be enclosed in a block - lib\presentation\cashout\agent_detail_screen.dart:355:7 - curly_braces_in_flow_control_structures
   info - Statements in an if should be enclosed in a block - lib\presentation\cashout\agent_detail_screen.dart:355:7 - curly_braces_in_flow_control_structures
   info - 'withOpacity' is deprecated and shouldn't be used. Use .withValues() to avoid precision loss - lib\presentation\cashout\agent_detail_screen.dart:421:40 - deprecated_member_use
   info - 'withOpacity' is deprecated and shouldn't be used. Use .withValues() to avoid precision loss - lib\presentation\cashout\agent_detail_screen.dart:421:40 - deprecated_member_use
   info - 'withOpacity' is deprecated and shouldn't be used. Use .withValues() to avoid precision loss - lib\presentation\cashout\agent_detail_screen.dart:421:40 - deprecated_member_use
   info - 'withOpacity' is deprecated and shouldn't be used. Use .withValues() to avoid precision loss - lib\presentation\cashout\agent_detail_screen.dart:421:40 - deprecated_member_use
   info - 'withOpacity' is deprecated and shouldn't be used. Use .withValues() to avoid precision loss - lib\presentation\cashout\cashout_map_screen.dart:180:41 - deprecated_member_use
   info - 'withOpacity' is deprecated and shouldn't be used. Use .withValues() to avoid precision loss - lib\presentation\cashout\cashout_map_screen.dart:180:41 - deprecated_member_use
   info - 'withOpacity' is deprecated and shouldn't be used. Use .withValues() to avoid precision loss - lib\presentation\cashout\cashout_map_screen.dart:180:41 - deprecated_member_use
   info - 'withOpacity' is deprecated and shouldn't be used. Use .withValues() to avoid precision loss - lib\presentation\cashout\cashout_map_screen.dart:180:41 - deprecated_member_use
   info - 'withOpacity' is deprecated and shouldn't be used. Use .withValues() to avoid precision loss - lib\presentation\cashout\cashout_map_screen.dart:255:43 - deprecated_member_use
   info - 'withOpacity' is deprecated and shouldn't be used. Use .withValues() to avoid precision loss - lib\presentation\cashout\cashout_map_screen.dart:255:43 - deprecated_member_use
   info - 'withOpacity' is deprecated and shouldn't be used. Use .withValues() to avoid precision loss - lib\presentation\cashout\cashout_map_screen.dart:255:43 - deprecated_member_use
   info - 'withOpacity' is deprecated and shouldn't be used. Use .withValues() to avoid precision loss - lib\presentation\cashout\cashout_map_screen.dart:255:43 - deprecated_member_use
   info - 'withOpacity' is deprecated and shouldn't be used. Use .withValues() to avoid precision loss - lib\presentation\cashout\cashout_menu_screen.dart:117:37 - deprecated_member_use
   info - 'withOpacity' is deprecated and shouldn't be used. Use .withValues() to avoid precision loss - lib\presentation\cashout\cashout_menu_screen.dart:117:37 - deprecated_member_use
   info - 'withOpacity' is deprecated and shouldn't be used. Use .withValues() to avoid precision loss - lib\presentation\cashout\cashout_menu_screen.dart:117:37 - deprecated_member_use
   info - 'withOpacity' is deprecated and shouldn't be used. Use .withValues() to avoid precision loss - lib\presentation\cashout\cashout_menu_screen.dart:117:37 - deprecated_member_use
   info - 'withOpacity' is deprecated and shouldn't be used. Use .withValues() to avoid precision loss - lib\presentation\cashout\enter_amount_screen.dart:253:63 - deprecated_member_use
   info - 'withOpacity' is deprecated and shouldn't be used. Use .withValues() to avoid precision loss - lib\presentation\cashout\enter_amount_screen.dart:253:63 - deprecated_member_use
   info - 'withOpacity' is deprecated and shouldn't be used. Use .withValues() to avoid precision loss - lib\presentation\cashout\enter_amount_screen.dart:253:63 - deprecated_member_use
   info - 'withOpacity' is deprecated and shouldn't be used. Use .withValues() to avoid precision loss - lib\presentation\cashout\enter_amount_screen.dart:253:63 - deprecated_member_use
   info - 'withOpacity' is deprecated and shouldn't be used. Use .withValues() to avoid precision loss - lib\presentation\cashout\enter_amount_screen.dart:332:48 - deprecated_member_use
   info - 'withOpacity' is deprecated and shouldn't be used. Use .withValues() to avoid precision loss - lib\presentation\cashout\enter_amount_screen.dart:332:48 - deprecated_member_use
   info - 'withOpacity' is deprecated and shouldn't be used. Use .withValues() to avoid precision loss - lib\presentation\cashout\enter_amount_screen.dart:332:48 - deprecated_member_use
   info - 'withOpacity' is deprecated and shouldn't be used. Use .withValues() to avoid precision loss - lib\presentation\cashout\enter_amount_screen.dart:332:48 - deprecated_member_use
   info - 'withOpacity' is deprecated and shouldn't be used. Use .withValues() to avoid precision loss - lib\presentation\cashout\enter_amount_screen.dart:371:64 - deprecated_member_use
   info - 'withOpacity' is deprecated and shouldn't be used. Use .withValues() to avoid precision loss - lib\presentation\cashout\enter_amount_screen.dart:371:64 - deprecated_member_use
   info - 'withOpacity' is deprecated and shouldn't be used. Use .withValues() to avoid precision loss - lib\presentation\cashout\enter_amount_screen.dart:371:64 - deprecated_member_use
   info - 'withOpacity' is deprecated and shouldn't be used. Use .withValues() to avoid precision loss - lib\presentation\cashout\enter_amount_screen.dart:371:64 - deprecated_member_use
   info - 'withOpacity' is deprecated and shouldn't be used. Use .withValues() to avoid precision loss - lib\presentation\cashout\transaction_code_screen.dart:200:46 - deprecated_member_use
   info - 'withOpacity' is deprecated and shouldn't be used. Use .withValues() to avoid precision loss - lib\presentation\cashout\transaction_code_screen.dart:200:46 - deprecated_member_use
   info - 'withOpacity' is deprecated and shouldn't be used. Use .withValues() to avoid precision loss - lib\presentation\cashout\transaction_code_screen.dart:200:46 - deprecated_member_use
   info - 'withOpacity' is deprecated and shouldn't be used. Use .withValues() to avoid precision loss - lib\presentation\cashout\transaction_code_screen.dart:200:46 - deprecated_member_use
   info - Don't use 'BuildContext's across async gaps, guarded by an unrelated 'mounted' check - lib\presentation\email\verify_otp_email_screen.dart:151:52 - use_build_context_synchronously
   info - Don't use 'BuildContext's across async gaps, guarded by an unrelated 'mounted' check - lib\presentation\email\verify_otp_email_screen.dart:151:52 - use_build_context_synchronously
   info - Don't use 'BuildContext's across async gaps, guarded by an unrelated 'mounted' check - lib\presentation\email\verify_otp_email_screen.dart:151:52 - use_build_context_synchronously
   info - Don't use 'BuildContext's across async gaps, guarded by an unrelated 'mounted' check - lib\presentation\email\verify_otp_email_screen.dart:151:52 - use_build_context_synchronously
   info - The import of 'package:kudipay/provider/connectivity/connectivity_provider.dart' is unnecessary because all of the used elements are also provided by the import of 'package:kudipay/provider/provider.dart' - lib\presentation\homescreen\home_screen.dart:16:8 - unnecessary_import
   info - The import of 'package:kudipay/provider/connectivity/connectivity_provider.dart' is unnecessary because all of the used elements are also provided by the import of 'package:kudipay/provider/provider.dart' - lib\presentation\homescreen\home_screen.dart:16:8 - unnecessary_import
   info - The import of 'package:kudipay/provider/connectivity/connectivity_provider.dart' is unnecessary because all of the used elements are also provided by the import of 'package:kudipay/provider/provider.dart' - lib\presentation\homescreen\home_screen.dart:16:8 - unnecessary_import
   info - The import of 'package:kudipay/provider/connectivity/connectivity_provider.dart' is unnecessary because all of the used elements are also provided by the import of 'package:kudipay/provider/provider.dart' - lib\presentation\homescreen\home_screen.dart:16:8 - unnecessary_import
   info - The import of 'package:kudipay/provider/kyc/kyc_provider.dart' is unnecessary because all of the used elements are also provided by the import of 'package:kudipay/provider/provider.dart' - lib\presentation\homescreen\home_screen.dart:17:8 - unnecessary_import
   info - The import of 'package:kudipay/provider/kyc/kyc_provider.dart' is unnecessary because all of the used elements are also provided by the import of 'package:kudipay/provider/provider.dart' - lib\presentation\homescreen\home_screen.dart:17:8 - unnecessary_import
   info - The import of 'package:kudipay/provider/kyc/kyc_provider.dart' is unnecessary because all of the used elements are also provided by the import of 'package:kudipay/provider/provider.dart' - lib\presentation\homescreen\home_screen.dart:17:8 - unnecessary_import
   info - The import of 'package:kudipay/provider/kyc/kyc_provider.dart' is unnecessary because all of the used elements are also provided by the import of 'package:kudipay/provider/provider.dart' - lib\presentation\homescreen\home_screen.dart:17:8 - unnecessary_import
   info - The import of 'package:kudipay/provider/tier/tier_provider.dart' is unnecessary because all of the used elements are also provided by the import of 'package:kudipay/provider/provider.dart' - lib\presentation\homescreen\home_screen.dart:20:8 - unnecessary_import
   info - The import of 'package:kudipay/provider/tier/tier_provider.dart' is unnecessary because all of the used elements are also provided by the import of 'package:kudipay/provider/provider.dart' - lib\presentation\homescreen\home_screen.dart:20:8 - unnecessary_import
   info - The import of 'package:kudipay/provider/tier/tier_provider.dart' is unnecessary because all of the used elements are also provided by the import of 'package:kudipay/provider/provider.dart' - lib\presentation\homescreen\home_screen.dart:20:8 - unnecessary_import
   info - The import of 'package:kudipay/provider/tier/tier_provider.dart' is unnecessary because all of the used elements are also provided by the import of 'package:kudipay/provider/provider.dart' - lib\presentation\homescreen\home_screen.dart:20:8 - unnecessary_import
   info - The import of 'package:kudipay/provider/wallet/wallet_provider.dart' is unnecessary because all of the used elements are also provided by the import of 'package:kudipay/provider/provider.dart' - lib\presentation\homescreen\home_screen.dart:21:8 - unnecessary_import
   info - The import of 'package:kudipay/provider/wallet/wallet_provider.dart' is unnecessary because all of the used elements are also provided by the import of 'package:kudipay/provider/provider.dart' - lib\presentation\homescreen\home_screen.dart:21:8 - unnecessary_import
   info - The import of 'package:kudipay/provider/wallet/wallet_provider.dart' is unnecessary because all of the used elements are also provided by the import of 'package:kudipay/provider/provider.dart' - lib\presentation\homescreen\home_screen.dart:21:8 - unnecessary_import
   info - The import of 'package:kudipay/provider/wallet/wallet_provider.dart' is unnecessary because all of the used elements are also provided by the import of 'package:kudipay/provider/provider.dart' - lib\presentation\homescreen\home_screen.dart:21:8 - unnecessary_import
   info - Parameter 'key' could be a super parameter - lib\presentation\homescreen\home_screen.dart:25:9 - use_super_parameters
   info - Parameter 'key' could be a super parameter - lib\presentation\homescreen\home_screen.dart:25:9 - use_super_parameters
   info - Parameter 'key' could be a super parameter - lib\presentation\homescreen\home_screen.dart:25:9 - use_super_parameters
   info - Parameter 'key' could be a super parameter - lib\presentation\homescreen\home_screen.dart:25:9 - use_super_parameters
warning - The value of the field '_svgPerson' isn't used - lib\presentation\homescreen\home_screen.dart:49:16 - unused_field
warning - The value of the field '_svgPerson' isn't used - lib\presentation\homescreen\home_screen.dart:49:16 - unused_field
warning - The value of the field '_svgPerson' isn't used - lib\presentation\homescreen\home_screen.dart:49:16 - unused_field
warning - The value of the field '_svgPerson' isn't used - lib\presentation\homescreen\home_screen.dart:49:16 - unused_field
   info - 'withOpacity' is deprecated and shouldn't be used. Use .withValues() to avoid precision loss - lib\presentation\homescreen\home_screen.dart:205:70 - deprecated_member_use
   info - 'withOpacity' is deprecated and shouldn't be used. Use .withValues() to avoid precision loss - lib\presentation\homescreen\home_screen.dart:205:70 - deprecated_member_use
   info - 'withOpacity' is deprecated and shouldn't be used. Use .withValues() to avoid precision loss - lib\presentation\homescreen\home_screen.dart:205:70 - deprecated_member_use
   info - 'withOpacity' is deprecated and shouldn't be used. Use .withValues() to avoid precision loss - lib\presentation\homescreen\home_screen.dart:205:70 - deprecated_member_use
   info - 'withOpacity' is deprecated and shouldn't be used. Use .withValues() to avoid precision loss - lib\presentation\homescreen\home_screen.dart:383:58 - deprecated_member_use
   info - 'withOpacity' is deprecated and shouldn't be used. Use .withValues() to avoid precision loss - lib\presentation\homescreen\home_screen.dart:383:58 - deprecated_member_use
   info - 'withOpacity' is deprecated and shouldn't be used. Use .withValues() to avoid precision loss - lib\presentation\homescreen\home_screen.dart:383:58 - deprecated_member_use
   info - 'withOpacity' is deprecated and shouldn't be used. Use .withValues() to avoid precision loss - lib\presentation\homescreen\home_screen.dart:383:58 - deprecated_member_use
   info - 'withOpacity' is deprecated and shouldn't be used. Use .withValues() to avoid precision loss - lib\presentation\homescreen\home_screen.dart:399:52 - deprecated_member_use
   info - 'withOpacity' is deprecated and shouldn't be used. Use .withValues() to avoid precision loss - lib\presentation\homescreen\home_screen.dart:399:52 - deprecated_member_use
   info - 'withOpacity' is deprecated and shouldn't be used. Use .withValues() to avoid precision loss - lib\presentation\homescreen\home_screen.dart:399:52 - deprecated_member_use
   info - 'withOpacity' is deprecated and shouldn't be used. Use .withValues() to avoid precision loss - lib\presentation\homescreen\home_screen.dart:399:52 - deprecated_member_use
   info - 'withOpacity' is deprecated and shouldn't be used. Use .withValues() to avoid precision loss - lib\presentation\homescreen\home_screen.dart:410:54 - deprecated_member_use
   info - 'withOpacity' is deprecated and shouldn't be used. Use .withValues() to avoid precision loss - lib\presentation\homescreen\home_screen.dart:410:54 - deprecated_member_use
   info - 'withOpacity' is deprecated and shouldn't be used. Use .withValues() to avoid precision loss - lib\presentation\homescreen\home_screen.dart:410:54 - deprecated_member_use
   info - 'withOpacity' is deprecated and shouldn't be used. Use .withValues() to avoid precision loss - lib\presentation\homescreen\home_screen.dart:410:54 - deprecated_member_use
warning - The left operand can't be null, so the right operand is never executed - lib\presentation\homescreen\home_screen.dart:417:97 - dead_null_aware_expression
warning - The left operand can't be null, so the right operand is never executed - lib\presentation\homescreen\home_screen.dart:417:97 - dead_null_aware_expression
warning - The left operand can't be null, so the right operand is never executed - lib\presentation\homescreen\home_screen.dart:417:97 - dead_null_aware_expression
   info - 'withOpacity' is deprecated and shouldn't be used. Use .withValues() to avoid precision loss - lib\presentation\homescreen\home_screen.dart:424:54 - deprecated_member_use
   info - 'withOpacity' is deprecated and shouldn't be used. Use .withValues() to avoid precision loss - lib\presentation\homescreen\home_screen.dart:424:54 - deprecated_member_use
   info - 'withOpacity' is deprecated and shouldn't be used. Use .withValues() to avoid precision loss - lib\presentation\homescreen\home_screen.dart:424:54 - deprecated_member_use
   info - 'withOpacity' is deprecated and shouldn't be used. Use .withValues() to avoid precision loss - lib\presentation\homescreen\home_screen.dart:424:54 - deprecated_member_use
   info - 'withOpacity' is deprecated and shouldn't be used. Use .withValues() to avoid precision loss - lib\presentation\homescreen\home_screen.dart:435:50 - deprecated_member_use
   info - 'withOpacity' is deprecated and shouldn't be used. Use .withValues() to avoid precision loss - lib\presentation\homescreen\home_screen.dart:435:50 - deprecated_member_use
   info - 'withOpacity' is deprecated and shouldn't be used. Use .withValues() to avoid precision loss - lib\presentation\homescreen\home_screen.dart:435:50 - deprecated_member_use
   info - 'withOpacity' is deprecated and shouldn't be used. Use .withValues() to avoid precision loss - lib\presentation\homescreen\home_screen.dart:435:50 - deprecated_member_use
   info - 'withOpacity' is deprecated and shouldn't be used. Use .withValues() to avoid precision loss - lib\presentation\homescreen\home_screen.dart:932:46 - deprecated_member_use
   info - 'withOpacity' is deprecated and shouldn't be used. Use .withValues() to avoid precision loss - lib\presentation\homescreen\home_screen.dart:932:46 - deprecated_member_use
   info - 'withOpacity' is deprecated and shouldn't be used. Use .withValues() to avoid precision loss - lib\presentation\homescreen\home_screen.dart:932:46 - deprecated_member_use
   info - 'withOpacity' is deprecated and shouldn't be used. Use .withValues() to avoid precision loss - lib\presentation\homescreen\home_screen.dart:932:46 - deprecated_member_use
   info - 'withOpacity' is deprecated and shouldn't be used. Use .withValues() to avoid precision loss - lib\presentation\homescreen\home_screen.dart:981:49 - deprecated_member_use
   info - 'withOpacity' is deprecated and shouldn't be used. Use .withValues() to avoid precision loss - lib\presentation\homescreen\home_screen.dart:981:49 - deprecated_member_use
   info - 'withOpacity' is deprecated and shouldn't be used. Use .withValues() to avoid precision loss - lib\presentation\homescreen\home_screen.dart:981:49 - deprecated_member_use
   info - 'withOpacity' is deprecated and shouldn't be used. Use .withValues() to avoid precision loss - lib\presentation\homescreen\home_screen.dart:981:49 - deprecated_member_use
warning - The declaration 'capitalize' isn't referenced - lib\presentation\homescreen\home_screen.dart:1018:10 - unused_element
warning - The declaration 'capitalize' isn't referenced - lib\presentation\homescreen\home_screen.dart:1018:10 - unused_element
warning - The declaration 'capitalize' isn't referenced - lib\presentation\homescreen\home_screen.dart:1018:10 - unused_element
warning - The declaration 'capitalize' isn't referenced - lib\presentation\homescreen\home_screen.dart:1018:10 - unused_element
   info - 'withOpacity' is deprecated and shouldn't be used. Use .withValues() to avoid precision loss - lib\presentation\intro\intro_view.dart:66:53 - deprecated_member_use
   info - 'withOpacity' is deprecated and shouldn't be used. Use .withValues() to avoid precision loss - lib\presentation\intro\intro_view.dart:66:53 - deprecated_member_use
   info - 'withOpacity' is deprecated and shouldn't be used. Use .withValues() to avoid precision loss - lib\presentation\intro\intro_view.dart:66:53 - deprecated_member_use
   info - 'withOpacity' is deprecated and shouldn't be used. Use .withValues() to avoid precision loss - lib\presentation\intro\intro_view.dart:66:53 - deprecated_member_use
   info - Parameter 'key' could be a super parameter - lib\presentation\kyc\kyc_flow_manager.dart:49:9 - use_super_parameters
   info - Parameter 'key' could be a super parameter - lib\presentation\kyc\kyc_flow_manager.dart:49:9 - use_super_parameters
   info - Parameter 'key' could be a super parameter - lib\presentation\kyc\kyc_flow_manager.dart:49:9 - use_super_parameters
   info - Parameter 'key' could be a super parameter - lib\presentation\kyc\kyc_flow_manager.dart:49:9 - use_super_parameters
   info - Parameter 'key' could be a super parameter - lib\presentation\linkdevice\account_active.dart:7:9 - use_super_parameters
   info - Parameter 'key' could be a super parameter - lib\presentation\linkdevice\account_active.dart:7:9 - use_super_parameters
   info - Parameter 'key' could be a super parameter - lib\presentation\linkdevice\account_active.dart:7:9 - use_super_parameters
   info - Parameter 'key' could be a super parameter - lib\presentation\linkdevice\account_active.dart:7:9 - use_super_parameters
   info - Parameter 'key' could be a super parameter - lib\presentation\linkdevice\data_sync.dart:9:9 - use_super_parameters
   info - Parameter 'key' could be a super parameter - lib\presentation\linkdevice\data_sync.dart:9:9 - use_super_parameters
   info - Parameter 'key' could be a super parameter - lib\presentation\linkdevice\data_sync.dart:9:9 - use_super_parameters
   info - Parameter 'key' could be a super parameter - lib\presentation\linkdevice\data_sync.dart:9:9 - use_super_parameters
   info - 'withOpacity' is deprecated and shouldn't be used. Use .withValues() to avoid precision loss - lib\presentation\linkdevice\data_sync.dart:138:33 - deprecated_member_use
   info - 'withOpacity' is deprecated and shouldn't be used. Use .withValues() to avoid precision loss - lib\presentation\linkdevice\data_sync.dart:138:33 - deprecated_member_use
   info - 'withOpacity' is deprecated and shouldn't be used. Use .withValues() to avoid precision loss - lib\presentation\linkdevice\data_sync.dart:138:33 - deprecated_member_use
   info - 'withOpacity' is deprecated and shouldn't be used. Use .withValues() to avoid precision loss - lib\presentation\linkdevice\data_sync.dart:138:33 - deprecated_member_use
   info - Don't use 'BuildContext's across async gaps, guarded by an unrelated 'mounted' check - lib\presentation\linkdevice\data_sync.dart:209:27 - use_build_context_synchronously
   info - Don't use 'BuildContext's across async gaps, guarded by an unrelated 'mounted' check - lib\presentation\linkdevice\data_sync.dart:209:27 - use_build_context_synchronously
   info - Don't use 'BuildContext's across async gaps, guarded by an unrelated 'mounted' check - lib\presentation\linkdevice\data_sync.dart:209:27 - use_build_context_synchronously
   info - Don't use 'BuildContext's across async gaps, guarded by an unrelated 'mounted' check - lib\presentation\linkdevice\data_sync.dart:209:27 - use_build_context_synchronously
   info - Parameter 'key' could be a super parameter - lib\presentation\linkdevice\enable_biometrics.dart:8:9 - use_super_parameters
   info - Parameter 'key' could be a super parameter - lib\presentation\linkdevice\enable_biometrics.dart:8:9 - use_super_parameters
   info - Parameter 'key' could be a super parameter - lib\presentation\linkdevice\enable_biometrics.dart:8:9 - use_super_parameters
   info - Parameter 'key' could be a super parameter - lib\presentation\linkdevice\enable_biometrics.dart:8:9 - use_super_parameters
   info - 'withOpacity' is deprecated and shouldn't be used. Use .withValues() to avoid precision loss - lib\presentation\linkdevice\enable_biometrics.dart:140:33 - deprecated_member_use
   info - 'withOpacity' is deprecated and shouldn't be used. Use .withValues() to avoid precision loss - lib\presentation\linkdevice\enable_biometrics.dart:140:33 - deprecated_member_use
   info - 'withOpacity' is deprecated and shouldn't be used. Use .withValues() to avoid precision loss - lib\presentation\linkdevice\enable_biometrics.dart:140:33 - deprecated_member_use
   info - 'withOpacity' is deprecated and shouldn't be used. Use .withValues() to avoid precision loss - lib\presentation\linkdevice\enable_biometrics.dart:140:33 - deprecated_member_use
   info - 'withOpacity' is deprecated and shouldn't be used. Use .withValues() to avoid precision loss - lib\presentation\linkdevice\enable_biometrics.dart:153:32 - deprecated_member_use
   info - 'withOpacity' is deprecated and shouldn't be used. Use .withValues() to avoid precision loss - lib\presentation\linkdevice\enable_biometrics.dart:153:32 - deprecated_member_use
   info - 'withOpacity' is deprecated and shouldn't be used. Use .withValues() to avoid precision loss - lib\presentation\linkdevice\enable_biometrics.dart:153:32 - deprecated_member_use
   info - 'withOpacity' is deprecated and shouldn't be used. Use .withValues() to avoid precision loss - lib\presentation\linkdevice\enable_biometrics.dart:153:32 - deprecated_member_use
   info - Parameter 'key' could be a super parameter - lib\presentation\linkdevice\get_verification_code_screen.dart:7:9 - use_super_parameters
   info - Parameter 'key' could be a super parameter - lib\presentation\linkdevice\get_verification_code_screen.dart:7:9 - use_super_parameters
   info - Parameter 'key' could be a super parameter - lib\presentation\linkdevice\get_verification_code_screen.dart:7:9 - use_super_parameters
   info - Parameter 'key' could be a super parameter - lib\presentation\linkdevice\get_verification_code_screen.dart:7:9 - use_super_parameters
   info - 'withOpacity' is deprecated and shouldn't be used. Use .withValues() to avoid precision loss - lib\presentation\linkdevice\get_verification_code_screen.dart:145:35 - deprecated_member_use
   info - 'withOpacity' is deprecated and shouldn't be used. Use .withValues() to avoid precision loss - lib\presentation\linkdevice\get_verification_code_screen.dart:145:35 - deprecated_member_use
   info - 'withOpacity' is deprecated and shouldn't be used. Use .withValues() to avoid precision loss - lib\presentation\linkdevice\get_verification_code_screen.dart:145:35 - deprecated_member_use
   info - 'withOpacity' is deprecated and shouldn't be used. Use .withValues() to avoid precision loss - lib\presentation\linkdevice\get_verification_code_screen.dart:145:35 - deprecated_member_use
   info - 'withOpacity' is deprecated and shouldn't be used. Use .withValues() to avoid precision loss - lib\presentation\linkdevice\get_verification_code_screen.dart:158:47 - deprecated_member_use
   info - 'withOpacity' is deprecated and shouldn't be used. Use .withValues() to avoid precision loss - lib\presentation\linkdevice\get_verification_code_screen.dart:158:47 - deprecated_member_use
   info - 'withOpacity' is deprecated and shouldn't be used. Use .withValues() to avoid precision loss - lib\presentation\linkdevice\get_verification_code_screen.dart:158:47 - deprecated_member_use
   info - 'withOpacity' is deprecated and shouldn't be used. Use .withValues() to avoid precision loss - lib\presentation\linkdevice\get_verification_code_screen.dart:158:47 - deprecated_member_use
   info - Parameter 'key' could be a super parameter - lib\presentation\linkdevice\link_device_screen.dart:9:9 - use_super_parameters
   info - Parameter 'key' could be a super parameter - lib\presentation\linkdevice\link_device_screen.dart:9:9 - use_super_parameters
   info - Parameter 'key' could be a super parameter - lib\presentation\linkdevice\link_device_screen.dart:9:9 - use_super_parameters
   info - Parameter 'key' could be a super parameter - lib\presentation\linkdevice\link_device_screen.dart:9:9 - use_super_parameters
   info - 'withOpacity' is deprecated and shouldn't be used. Use .withValues() to avoid precision loss - lib\presentation\linkdevice\link_device_screen.dart:134:33 - deprecated_member_use
   info - 'withOpacity' is deprecated and shouldn't be used. Use .withValues() to avoid precision loss - lib\presentation\linkdevice\link_device_screen.dart:134:33 - deprecated_member_use
   info - 'withOpacity' is deprecated and shouldn't be used. Use .withValues() to avoid precision loss - lib\presentation\linkdevice\link_device_screen.dart:134:33 - deprecated_member_use
   info - 'withOpacity' is deprecated and shouldn't be used. Use .withValues() to avoid precision loss - lib\presentation\linkdevice\link_device_screen.dart:134:33 - deprecated_member_use
   info - Parameter 'key' could be a super parameter - lib\presentation\linkdevice\upload_id_screen.dart:9:9 - use_super_parameters
   info - Parameter 'key' could be a super parameter - lib\presentation\linkdevice\upload_id_screen.dart:9:9 - use_super_parameters
   info - Parameter 'key' could be a super parameter - lib\presentation\linkdevice\upload_id_screen.dart:9:9 - use_super_parameters
   info - Parameter 'key' could be a super parameter - lib\presentation\linkdevice\upload_id_screen.dart:9:9 - use_super_parameters
   info - Parameter 'key' could be a super parameter - lib\presentation\linkdevice\upload_selfie_screen.dart:9:9 - use_super_parameters
   info - Parameter 'key' could be a super parameter - lib\presentation\linkdevice\upload_selfie_screen.dart:9:9 - use_super_parameters
   info - Parameter 'key' could be a super parameter - lib\presentation\linkdevice\upload_selfie_screen.dart:9:9 - use_super_parameters
   info - Parameter 'key' could be a super parameter - lib\presentation\linkdevice\upload_selfie_screen.dart:9:9 - use_super_parameters
   info - Parameter 'key' could be a super parameter - lib\presentation\linkdevice\verification_in_progress.dart:7:9 - use_super_parameters
   info - Parameter 'key' could be a super parameter - lib\presentation\linkdevice\verification_in_progress.dart:7:9 - use_super_parameters
   info - Parameter 'key' could be a super parameter - lib\presentation\linkdevice\verification_in_progress.dart:7:9 - use_super_parameters
   info - Parameter 'key' could be a super parameter - lib\presentation\linkdevice\verification_in_progress.dart:7:9 - use_super_parameters
   info - 'withOpacity' is deprecated and shouldn't be used. Use .withValues() to avoid precision loss - lib\presentation\linkdevice\verification_in_progress.dart:138:33 - deprecated_member_use
   info - 'withOpacity' is deprecated and shouldn't be used. Use .withValues() to avoid precision loss - lib\presentation\linkdevice\verification_in_progress.dart:138:33 - deprecated_member_use
   info - 'withOpacity' is deprecated and shouldn't be used. Use .withValues() to avoid precision loss - lib\presentation\linkdevice\verification_in_progress.dart:138:33 - deprecated_member_use
   info - 'withOpacity' is deprecated and shouldn't be used. Use .withValues() to avoid precision loss - lib\presentation\linkdevice\verification_in_progress.dart:138:33 - deprecated_member_use
   info - 'withOpacity' is deprecated and shouldn't be used. Use .withValues() to avoid precision loss - lib\presentation\linkdevice\verification_in_progress.dart:151:32 - deprecated_member_use
   info - 'withOpacity' is deprecated and shouldn't be used. Use .withValues() to avoid precision loss - lib\presentation\linkdevice\verification_in_progress.dart:151:32 - deprecated_member_use
   info - 'withOpacity' is deprecated and shouldn't be used. Use .withValues() to avoid precision loss - lib\presentation\linkdevice\verification_in_progress.dart:151:32 - deprecated_member_use
   info - 'withOpacity' is deprecated and shouldn't be used. Use .withValues() to avoid precision loss - lib\presentation\linkdevice\verification_in_progress.dart:151:32 - deprecated_member_use
   info - 'withOpacity' is deprecated and shouldn't be used. Use .withValues() to avoid precision loss - lib\presentation\linkdevice\verification_in_progress.dart:233:33 - deprecated_member_use
   info - 'withOpacity' is deprecated and shouldn't be used. Use .withValues() to avoid precision loss - lib\presentation\linkdevice\verification_in_progress.dart:233:33 - deprecated_member_use
   info - 'withOpacity' is deprecated and shouldn't be used. Use .withValues() to avoid precision loss - lib\presentation\linkdevice\verification_in_progress.dart:233:33 - deprecated_member_use
   info - 'withOpacity' is deprecated and shouldn't be used. Use .withValues() to avoid precision loss - lib\presentation\linkdevice\verification_in_progress.dart:233:33 - deprecated_member_use
   info - Parameter 'key' could be a super parameter - lib\presentation\linkdevice\verify_id.dart:9:9 - use_super_parameters
   info - Parameter 'key' could be a super parameter - lib\presentation\linkdevice\verify_id.dart:9:9 - use_super_parameters
   info - Parameter 'key' could be a super parameter - lib\presentation\linkdevice\verify_id.dart:9:9 - use_super_parameters
   info - Parameter 'key' could be a super parameter - lib\presentation\linkdevice\verify_id.dart:9:9 - use_super_parameters
warning - The value of the field '_idDocument' isn't used - lib\presentation\linkdevice\verify_id.dart:18:9 - unused_field
warning - The value of the field '_idDocument' isn't used - lib\presentation\linkdevice\verify_id.dart:18:9 - unused_field
warning - The value of the field '_idDocument' isn't used - lib\presentation\linkdevice\verify_id.dart:18:9 - unused_field
warning - The value of the field '_idDocument' isn't used - lib\presentation\linkdevice\verify_id.dart:18:9 - unused_field
warning - The value of the field '_selfie' isn't used - lib\presentation\linkdevice\verify_id.dart:19:9 - unused_field
warning - The value of the field '_selfie' isn't used - lib\presentation\linkdevice\verify_id.dart:19:9 - unused_field
warning - The value of the field '_selfie' isn't used - lib\presentation\linkdevice\verify_id.dart:19:9 - unused_field
warning - The value of the field '_selfie' isn't used - lib\presentation\linkdevice\verify_id.dart:19:9 - unused_field
   info - 'withOpacity' is deprecated and shouldn't be used. Use .withValues() to avoid precision loss - lib\presentation\linkdevice\verify_id.dart:233:35 - deprecated_member_use
   info - 'withOpacity' is deprecated and shouldn't be used. Use .withValues() to avoid precision loss - lib\presentation\linkdevice\verify_id.dart:233:35 - deprecated_member_use
   info - 'withOpacity' is deprecated and shouldn't be used. Use .withValues() to avoid precision loss - lib\presentation\linkdevice\verify_id.dart:233:35 - deprecated_member_use
   info - 'withOpacity' is deprecated and shouldn't be used. Use .withValues() to avoid precision loss - lib\presentation\linkdevice\verify_id.dart:233:35 - deprecated_member_use
   info - 'withOpacity' is deprecated and shouldn't be used. Use .withValues() to avoid precision loss - lib\presentation\linkdevice\verify_id.dart:247:33 - deprecated_member_use
   info - 'withOpacity' is deprecated and shouldn't be used. Use .withValues() to avoid precision loss - lib\presentation\linkdevice\verify_id.dart:247:33 - deprecated_member_use
   info - 'withOpacity' is deprecated and shouldn't be used. Use .withValues() to avoid precision loss - lib\presentation\linkdevice\verify_id.dart:247:33 - deprecated_member_use
   info - 'withOpacity' is deprecated and shouldn't be used. Use .withValues() to avoid precision loss - lib\presentation\linkdevice\verify_id.dart:247:33 - deprecated_member_use
   info - 'withOpacity' is deprecated and shouldn't be used. Use .withValues() to avoid precision loss - lib\presentation\login\login_page.dart:704:64 - deprecated_member_use
   info - 'withOpacity' is deprecated and shouldn't be used. Use .withValues() to avoid precision loss - lib\presentation\login\login_page.dart:704:64 - deprecated_member_use
   info - 'withOpacity' is deprecated and shouldn't be used. Use .withValues() to avoid precision loss - lib\presentation\login\login_page.dart:704:64 - deprecated_member_use
   info - 'withOpacity' is deprecated and shouldn't be used. Use .withValues() to avoid precision loss - lib\presentation\login\login_page.dart:704:64 - deprecated_member_use
   info - 'withOpacity' is deprecated and shouldn't be used. Use .withValues() to avoid precision loss - lib\presentation\login\login_page.dart:917:32 - deprecated_member_use
   info - 'withOpacity' is deprecated and shouldn't be used. Use .withValues() to avoid precision loss - lib\presentation\login\login_page.dart:917:32 - deprecated_member_use
   info - 'withOpacity' is deprecated and shouldn't be used. Use .withValues() to avoid precision loss - lib\presentation\login\login_page.dart:917:32 - deprecated_member_use
   info - 'withOpacity' is deprecated and shouldn't be used. Use .withValues() to avoid precision loss - lib\presentation\login\login_page.dart:917:32 - deprecated_member_use
   info - 'withOpacity' is deprecated and shouldn't be used. Use .withValues() to avoid precision loss - lib\presentation\login\login_page.dart:962:46 - deprecated_member_use
   info - 'withOpacity' is deprecated and shouldn't be used. Use .withValues() to avoid precision loss - lib\presentation\login\login_page.dart:962:46 - deprecated_member_use
   info - 'withOpacity' is deprecated and shouldn't be used. Use .withValues() to avoid precision loss - lib\presentation\login\login_page.dart:962:46 - deprecated_member_use
   info - 'withOpacity' is deprecated and shouldn't be used. Use .withValues() to avoid precision loss - lib\presentation\login\login_page.dart:962:46 - deprecated_member_use
   info - 'withOpacity' is deprecated and shouldn't be used. Use .withValues() to avoid precision loss - lib\presentation\notification\notification_category_screen.dart:129:39 - deprecated_member_use
   info - 'withOpacity' is deprecated and shouldn't be used. Use .withValues() to avoid precision loss - lib\presentation\notification\notification_category_screen.dart:129:39 - deprecated_member_use
   info - 'withOpacity' is deprecated and shouldn't be used. Use .withValues() to avoid precision loss - lib\presentation\notification\notification_category_screen.dart:129:39 - deprecated_member_use
   info - 'withOpacity' is deprecated and shouldn't be used. Use .withValues() to avoid precision loss - lib\presentation\notification\notification_category_screen.dart:129:39 - deprecated_member_use
   info - 'activeColor' is deprecated and shouldn't be used. Use activeThumbColor instead. This feature was deprecated after v3.31.0-2.0.pre - lib\presentation\notification\notification_category_screen.dart:332:15 - deprecated_member_use
   info - 'activeColor' is deprecated and shouldn't be used. Use activeThumbColor instead. This feature was deprecated after v3.31.0-2.0.pre - lib\presentation\notification\notification_category_screen.dart:332:15 - deprecated_member_use
   info - 'activeColor' is deprecated and shouldn't be used. Use activeThumbColor instead. This feature was deprecated after v3.31.0-2.0.pre - lib\presentation\notification\notification_category_screen.dart:332:15 - deprecated_member_use
   info - 'activeColor' is deprecated and shouldn't be used. Use activeThumbColor instead. This feature was deprecated after v3.31.0-2.0.pre - lib\presentation\notification\notification_category_screen.dart:332:15 - deprecated_member_use
   info - 'withOpacity' is deprecated and shouldn't be used. Use .withValues() to avoid precision loss - lib\presentation\notification\notification_preference_screen.dart:118:39 - deprecated_member_use
   info - 'withOpacity' is deprecated and shouldn't be used. Use .withValues() to avoid precision loss - lib\presentation\notification\notification_preference_screen.dart:118:39 - deprecated_member_use
   info - 'withOpacity' is deprecated and shouldn't be used. Use .withValues() to avoid precision loss - lib\presentation\notification\notification_preference_screen.dart:118:39 - deprecated_member_use
   info - 'withOpacity' is deprecated and shouldn't be used. Use .withValues() to avoid precision loss - lib\presentation\notification\notification_preference_screen.dart:118:39 - deprecated_member_use
warning - Unused import: 'package:flutter/material.dart' - lib\presentation\onboarding\onboarding_content.dart:1:8 - unused_import
warning - Unused import: 'package:flutter/material.dart' - lib\presentation\onboarding\onboarding_content.dart:1:8 - unused_import
warning - Unused import: 'package:flutter/material.dart' - lib\presentation\onboarding\onboarding_content.dart:1:8 - unused_import
warning - Unused import: 'package:flutter/material.dart' - lib\presentation\onboarding\onboarding_content.dart:1:8 - unused_import
   info - Parameter 'key' could be a super parameter - lib\presentation\onboarding\onboarding_screen.dart:14:9 - use_super_parameters
   info - Parameter 'key' could be a super parameter - lib\presentation\onboarding\onboarding_screen.dart:14:9 - use_super_parameters
   info - Parameter 'key' could be a super parameter - lib\presentation\onboarding\onboarding_screen.dart:14:9 - use_super_parameters
   info - Parameter 'key' could be a super parameter - lib\presentation\onboarding\onboarding_screen.dart:14:9 - use_super_parameters
warning - The value of the local variable 'size' isn't used - lib\presentation\onboarding\onboarding_screen.dart:49:11 - unused_local_variable
warning - The value of the local variable 'size' isn't used - lib\presentation\onboarding\onboarding_screen.dart:49:11 - unused_local_variable
warning - The value of the local variable 'size' isn't used - lib\presentation\onboarding\onboarding_screen.dart:49:11 - unused_local_variable
warning - The value of the local variable 'size' isn't used - lib\presentation\onboarding\onboarding_screen.dart:49:11 - unused_local_variable
   info - The import of 'package:kudipay/provider/connectivity/connectivity_provider.dart' is unnecessary because all of the used elements are also provided by the import of 'package:kudipay/provider/provider.dart' - lib\presentation\otp\otp_verification_screen.dart:9:8 - unnecessary_import
   info - The import of 'package:kudipay/provider/connectivity/connectivity_provider.dart' is unnecessary because all of the used elements are also provided by the import of 'package:kudipay/provider/provider.dart' - lib\presentation\otp\otp_verification_screen.dart:9:8 - unnecessary_import
   info - The import of 'package:kudipay/provider/connectivity/connectivity_provider.dart' is unnecessary because all of the used elements are also provided by the import of 'package:kudipay/provider/provider.dart' - lib\presentation\otp\otp_verification_screen.dart:9:8 - unnecessary_import
   info - The import of 'package:kudipay/provider/connectivity/connectivity_provider.dart' is unnecessary because all of the used elements are also provided by the import of 'package:kudipay/provider/provider.dart' - lib\presentation\otp\otp_verification_screen.dart:9:8 - unnecessary_import
   info - Parameter 'key' could be a super parameter - lib\presentation\otp\otp_verification_screen.dart:14:9 - use_super_parameters
   info - Parameter 'key' could be a super parameter - lib\presentation\otp\otp_verification_screen.dart:14:9 - use_super_parameters
   info - Parameter 'key' could be a super parameter - lib\presentation\otp\otp_verification_screen.dart:14:9 - use_super_parameters
   info - Parameter 'key' could be a super parameter - lib\presentation\otp\otp_verification_screen.dart:14:9 - use_super_parameters
  error - The function 'StateNotifierProvider' isn't defined - lib\presentation\passcode\confirm_passcode.dart:10:26 - undefined_function
  error - The function 'StateNotifierProvider' isn't defined - lib\presentation\passcode\confirm_passcode.dart:10:26 - undefined_function
  error - The function 'StateNotifierProvider' isn't defined - lib\presentation\passcode\confirm_passcode.dart:10:26 - undefined_function
  error - The function 'StateNotifierProvider' isn't defined - lib\presentation\passcode\confirm_passcode.dart:10:26 - undefined_function
   info - Parameter 'key' could be a super parameter - lib\presentation\passcode\confirm_passcode.dart:16:9 - use_super_parameters
   info - Parameter 'key' could be a super parameter - lib\presentation\passcode\confirm_passcode.dart:16:9 - use_super_parameters
   info - Parameter 'key' could be a super parameter - lib\presentation\passcode\confirm_passcode.dart:16:9 - use_super_parameters
   info - Parameter 'key' could be a super parameter - lib\presentation\passcode\confirm_passcode.dart:16:9 - use_super_parameters
warning - The value of the field '_isLoading' isn't used - lib\presentation\passcode\confirm_passcode.dart:23:14 - unused_field
warning - The value of the field '_isLoading' isn't used - lib\presentation\passcode\confirm_passcode.dart:23:14 - unused_field
warning - The value of the field '_isLoading' isn't used - lib\presentation\passcode\confirm_passcode.dart:23:14 - unused_field
warning - The value of the field '_isLoading' isn't used - lib\presentation\passcode\confirm_passcode.dart:23:14 - unused_field
   info - 'withOpacity' is deprecated and shouldn't be used. Use .withValues() to avoid precision loss - lib\presentation\passcode\confirm_passcode.dart:42:48 - deprecated_member_use
   info - 'withOpacity' is deprecated and shouldn't be used. Use .withValues() to avoid precision loss - lib\presentation\passcode\confirm_passcode.dart:42:48 - deprecated_member_use
   info - 'withOpacity' is deprecated and shouldn't be used. Use .withValues() to avoid precision loss - lib\presentation\passcode\confirm_passcode.dart:42:48 - deprecated_member_use
   info - 'withOpacity' is deprecated and shouldn't be used. Use .withValues() to avoid precision loss - lib\presentation\passcode\confirm_passcode.dart:42:48 - deprecated_member_use
   info - 'withOpacity' is deprecated and shouldn't be used. Use .withValues() to avoid precision loss - lib\presentation\passcode\confirm_passcode.dart:203:35 - deprecated_member_use
   info - 'withOpacity' is deprecated and shouldn't be used. Use .withValues() to avoid precision loss - lib\presentation\passcode\confirm_passcode.dart:203:35 - deprecated_member_use
   info - 'withOpacity' is deprecated and shouldn't be used. Use .withValues() to avoid precision loss - lib\presentation\passcode\confirm_passcode.dart:203:35 - deprecated_member_use
   info - 'withOpacity' is deprecated and shouldn't be used. Use .withValues() to avoid precision loss - lib\presentation\passcode\confirm_passcode.dart:203:35 - deprecated_member_use
  error - The function 'StateNotifierProvider' isn't defined - lib\presentation\passcode\create_passcode.dart:10:26 - undefined_function
  error - The function 'StateNotifierProvider' isn't defined - lib\presentation\passcode\create_passcode.dart:10:26 - undefined_function
  error - The function 'StateNotifierProvider' isn't defined - lib\presentation\passcode\create_passcode.dart:10:26 - undefined_function
  error - The function 'StateNotifierProvider' isn't defined - lib\presentation\passcode\create_passcode.dart:10:26 - undefined_function
   info - Parameter 'key' could be a super parameter - lib\presentation\passcode\create_passcode.dart:15:9 - use_super_parameters
   info - Parameter 'key' could be a super parameter - lib\presentation\passcode\create_passcode.dart:15:9 - use_super_parameters
   info - Parameter 'key' could be a super parameter - lib\presentation\passcode\create_passcode.dart:15:9 - use_super_parameters
   info - Parameter 'key' could be a super parameter - lib\presentation\passcode\create_passcode.dart:15:9 - use_super_parameters
warning - The value of the field '_isLoading' isn't used - lib\presentation\passcode\create_passcode.dart:22:14 - unused_field
warning - The value of the field '_isLoading' isn't used - lib\presentation\passcode\create_passcode.dart:22:14 - unused_field
warning - The value of the field '_isLoading' isn't used - lib\presentation\passcode\create_passcode.dart:22:14 - unused_field
warning - The value of the field '_isLoading' isn't used - lib\presentation\passcode\create_passcode.dart:22:14 - unused_field
   info - 'withOpacity' is deprecated and shouldn't be used. Use .withValues() to avoid precision loss - lib\presentation\passcode\create_passcode.dart:41:42 - deprecated_member_use
   info - 'withOpacity' is deprecated and shouldn't be used. Use .withValues() to avoid precision loss - lib\presentation\passcode\create_passcode.dart:41:42 - deprecated_member_use
   info - 'withOpacity' is deprecated and shouldn't be used. Use .withValues() to avoid precision loss - lib\presentation\passcode\create_passcode.dart:41:42 - deprecated_member_use
   info - 'withOpacity' is deprecated and shouldn't be used. Use .withValues() to avoid precision loss - lib\presentation\passcode\create_passcode.dart:41:42 - deprecated_member_use
   info - 'withOpacity' is deprecated and shouldn't be used. Use .withValues() to avoid precision loss - lib\presentation\passcode\create_passcode.dart:202:35 - deprecated_member_use
   info - 'withOpacity' is deprecated and shouldn't be used. Use .withValues() to avoid precision loss - lib\presentation\passcode\create_passcode.dart:202:35 - deprecated_member_use
   info - 'withOpacity' is deprecated and shouldn't be used. Use .withValues() to avoid precision loss - lib\presentation\passcode\create_passcode.dart:202:35 - deprecated_member_use
   info - 'withOpacity' is deprecated and shouldn't be used. Use .withValues() to avoid precision loss - lib\presentation\passcode\create_passcode.dart:202:35 - deprecated_member_use
   info - Parameter 'key' could be a super parameter - lib\presentation\passcode\numeric_keypad.dart:7:9 - use_super_parameters
   info - Parameter 'key' could be a super parameter - lib\presentation\passcode\numeric_keypad.dart:7:9 - use_super_parameters
   info - Parameter 'key' could be a super parameter - lib\presentation\passcode\numeric_keypad.dart:7:9 - use_super_parameters
   info - Parameter 'key' could be a super parameter - lib\presentation\passcode\numeric_keypad.dart:7:9 - use_super_parameters
   info - Parameter 'key' could be a super parameter - lib\presentation\passcode\passcode_dots.dart:8:9 - use_super_parameters
   info - Parameter 'key' could be a super parameter - lib\presentation\passcode\passcode_dots.dart:8:9 - use_super_parameters
   info - Parameter 'key' could be a super parameter - lib\presentation\passcode\passcode_dots.dart:8:9 - use_super_parameters
   info - Parameter 'key' could be a super parameter - lib\presentation\passcode\passcode_dots.dart:8:9 - use_super_parameters
   info - 'withOpacity' is deprecated and shouldn't be used. Use .withValues() to avoid precision loss - lib\presentation\passcode\passcode_dots.dart:21:36 - deprecated_member_use
   info - 'withOpacity' is deprecated and shouldn't be used. Use .withValues() to avoid precision loss - lib\presentation\passcode\passcode_dots.dart:21:36 - deprecated_member_use
   info - 'withOpacity' is deprecated and shouldn't be used. Use .withValues() to avoid precision loss - lib\presentation\passcode\passcode_dots.dart:21:36 - deprecated_member_use
   info - 'withOpacity' is deprecated and shouldn't be used. Use .withValues() to avoid precision loss - lib\presentation\passcode\passcode_dots.dart:21:36 - deprecated_member_use
  error - The function 'StateNotifierProvider' isn't defined - lib\presentation\passcode\passcode_input.dart:9:26 - undefined_function
  error - The function 'StateNotifierProvider' isn't defined - lib\presentation\passcode\passcode_input.dart:9:26 - undefined_function
  error - The function 'StateNotifierProvider' isn't defined - lib\presentation\passcode\passcode_input.dart:9:26 - undefined_function
   info - Parameter 'key' could be a super parameter - lib\presentation\passcode\passcode_input.dart:15:9 - use_super_parameters
   info - Parameter 'key' could be a super parameter - lib\presentation\passcode\passcode_input.dart:15:9 - use_super_parameters
   info - Parameter 'key' could be a super parameter - lib\presentation\passcode\passcode_input.dart:15:9 - use_super_parameters
warning - The value of the field '_isLoading' isn't used - lib\presentation\passcode\passcode_input.dart:22:14 - unused_field
warning - The value of the field '_isLoading' isn't used - lib\presentation\passcode\passcode_input.dart:22:14 - unused_field
warning - The value of the field '_isLoading' isn't used - lib\presentation\passcode\passcode_input.dart:22:14 - unused_field
   info - 'withOpacity' is deprecated and shouldn't be used. Use .withValues() to avoid precision loss - lib\presentation\passcode\passcode_input.dart:39:48 - deprecated_member_use
   info - 'withOpacity' is deprecated and shouldn't be used. Use .withValues() to avoid precision loss - lib\presentation\passcode\passcode_input.dart:39:48 - deprecated_member_use
   info - 'withOpacity' is deprecated and shouldn't be used. Use .withValues() to avoid precision loss - lib\presentation\passcode\passcode_input.dart:39:48 - deprecated_member_use
   info - 'withOpacity' is deprecated and shouldn't be used. Use .withValues() to avoid precision loss - lib\presentation\passcode\passcode_input.dart:199:35 - deprecated_member_use
   info - 'withOpacity' is deprecated and shouldn't be used. Use .withValues() to avoid precision loss - lib\presentation\passcode\passcode_input.dart:199:35 - deprecated_member_use
   info - 'withOpacity' is deprecated and shouldn't be used. Use .withValues() to avoid precision loss - lib\presentation\passcode\passcode_input.dart:199:35 - deprecated_member_use
  error - Classes can only extend other classes - lib\presentation\passcode\passcode_notifier.dart:4:32 - extends_non_class
  error - Classes can only extend other classes - lib\presentation\passcode\passcode_notifier.dart:4:32 - extends_non_class
  error - Classes can only extend other classes - lib\presentation\passcode\passcode_notifier.dart:4:32 - extends_non_class
  error - Too many positional arguments: 0 expected, but 1 found - lib\presentation\passcode\passcode_notifier.dart:7:13 - extra_positional_arguments
  error - Too many positional arguments: 0 expected, but 1 found - lib\presentation\passcode\passcode_notifier.dart:7:13 - extra_positional_arguments
  error - Too many positional arguments: 0 expected, but 1 found - lib\presentation\passcode\passcode_notifier.dart:7:13 - extra_positional_arguments
  error - Undefined name 'state' - lib\presentation\passcode\passcode_notifier.dart:10:9 - undefined_identifier
  error - Undefined name 'state' - lib\presentation\passcode\passcode_notifier.dart:10:9 - undefined_identifier
  error - Undefined name 'state' - lib\presentation\passcode\passcode_notifier.dart:10:9 - undefined_identifier
  error - Undefined name 'state' - lib\presentation\passcode\passcode_notifier.dart:11:27 - undefined_identifier
  error - Undefined name 'state' - lib\presentation\passcode\passcode_notifier.dart:11:27 - undefined_identifier
  error - Undefined name 'state' - lib\presentation\passcode\passcode_notifier.dart:11:27 - undefined_identifier
  error - Undefined name 'state' - lib\presentation\passcode\passcode_notifier.dart:12:7 - undefined_identifier
  error - Undefined name 'state' - lib\presentation\passcode\passcode_notifier.dart:12:7 - undefined_identifier
  error - Undefined name 'state' - lib\presentation\passcode\passcode_notifier.dart:12:7 - undefined_identifier
  error - Undefined name 'state' - lib\presentation\passcode\passcode_notifier.dart:12:15 - undefined_identifier
  error - Undefined name 'state' - lib\presentation\passcode\passcode_notifier.dart:12:15 - undefined_identifier
  error - Undefined name 'state' - lib\presentation\passcode\passcode_notifier.dart:12:15 - undefined_identifier
  error - Undefined name 'state' - lib\presentation\passcode\passcode_notifier.dart:25:9 - undefined_identifier
  error - Undefined name 'state' - lib\presentation\passcode\passcode_notifier.dart:25:9 - undefined_identifier
  error - Undefined name 'state' - lib\presentation\passcode\passcode_notifier.dart:25:9 - undefined_identifier
  error - Undefined name 'state' - lib\presentation\passcode\passcode_notifier.dart:26:7 - undefined_identifier
  error - Undefined name 'state' - lib\presentation\passcode\passcode_notifier.dart:26:7 - undefined_identifier
  error - Undefined name 'state' - lib\presentation\passcode\passcode_notifier.dart:26:7 - undefined_identifier
  error - Undefined name 'state' - lib\presentation\passcode\passcode_notifier.dart:26:15 - undefined_identifier
  error - Undefined name 'state' - lib\presentation\passcode\passcode_notifier.dart:26:15 - undefined_identifier
  error - Undefined name 'state' - lib\presentation\passcode\passcode_notifier.dart:26:15 - undefined_identifier
  error - Undefined name 'state' - lib\presentation\passcode\passcode_notifier.dart:27:26 - undefined_identifier
  error - Undefined name 'state' - lib\presentation\passcode\passcode_notifier.dart:27:26 - undefined_identifier
  error - Undefined name 'state' - lib\presentation\passcode\passcode_notifier.dart:27:26 - undefined_identifier
  error - Undefined name 'state' - lib\presentation\passcode\passcode_notifier.dart:28:27 - undefined_identifier
  error - Undefined name 'state' - lib\presentation\passcode\passcode_notifier.dart:28:27 - undefined_identifier
  error - Undefined name 'state' - lib\presentation\passcode\passcode_notifier.dart:28:27 - undefined_identifier
  error - Undefined name 'state' - lib\presentation\passcode\passcode_notifier.dart:36:5 - undefined_identifier
  error - Undefined name 'state' - lib\presentation\passcode\passcode_notifier.dart:36:5 - undefined_identifier
  error - Undefined name 'state' - lib\presentation\passcode\passcode_notifier.dart:36:5 - undefined_identifier
  error - Undefined name 'state' - lib\presentation\passcode\passcode_notifier.dart:36:13 - undefined_identifier
  error - Undefined name 'state' - lib\presentation\passcode\passcode_notifier.dart:36:13 - undefined_identifier
  error - Undefined name 'state' - lib\presentation\passcode\passcode_notifier.dart:36:13 - undefined_identifier
  error - Undefined name 'state' - lib\presentation\passcode\passcode_notifier.dart:40:23 - undefined_identifier
  error - Undefined name 'state' - lib\presentation\passcode\passcode_notifier.dart:40:23 - undefined_identifier
  error - Undefined name 'state' - lib\presentation\passcode\passcode_notifier.dart:40:23 - undefined_identifier
  error - Undefined name 'state' - lib\presentation\passcode\passcode_notifier.dart:41:9 - undefined_identifier
  error - Undefined name 'state' - lib\presentation\passcode\passcode_notifier.dart:41:9 - undefined_identifier
  error - Undefined name 'state' - lib\presentation\passcode\passcode_notifier.dart:41:9 - undefined_identifier
  error - Undefined name 'state' - lib\presentation\passcode\passcode_notifier.dart:41:17 - undefined_identifier
  error - Undefined name 'state' - lib\presentation\passcode\passcode_notifier.dart:41:17 - undefined_identifier
  error - Undefined name 'state' - lib\presentation\passcode\passcode_notifier.dart:41:17 - undefined_identifier
  error - Undefined name 'state' - lib\presentation\passcode\passcode_notifier.dart:48:9 - undefined_identifier
  error - Undefined name 'state' - lib\presentation\passcode\passcode_notifier.dart:48:9 - undefined_identifier
  error - Undefined name 'state' - lib\presentation\passcode\passcode_notifier.dart:48:9 - undefined_identifier
  error - Undefined name 'state' - lib\presentation\passcode\passcode_notifier.dart:48:17 - undefined_identifier
  error - Undefined name 'state' - lib\presentation\passcode\passcode_notifier.dart:48:17 - undefined_identifier
  error - Undefined name 'state' - lib\presentation\passcode\passcode_notifier.dart:48:17 - undefined_identifier
  error - Undefined name 'state' - lib\presentation\passcode\passcode_notifier.dart:55:13 - undefined_identifier
  error - Undefined name 'state' - lib\presentation\passcode\passcode_notifier.dart:55:13 - undefined_identifier
  error - Undefined name 'state' - lib\presentation\passcode\passcode_notifier.dart:55:13 - undefined_identifier
  error - Undefined name 'state' - lib\presentation\passcode\passcode_notifier.dart:55:21 - undefined_identifier
  error - Undefined name 'state' - lib\presentation\passcode\passcode_notifier.dart:55:21 - undefined_identifier
  error - Undefined name 'state' - lib\presentation\passcode\passcode_notifier.dart:55:21 - undefined_identifier
  error - Undefined name 'state' - lib\presentation\passcode\passcode_notifier.dart:63:5 - undefined_identifier
  error - Undefined name 'state' - lib\presentation\passcode\passcode_notifier.dart:63:5 - undefined_identifier
  error - Undefined name 'state' - lib\presentation\passcode\passcode_notifier.dart:63:5 - undefined_identifier
  error - Undefined name 'state' - lib\presentation\passcode\passcode_notifier.dart:63:45 - undefined_identifier
  error - Undefined name 'state' - lib\presentation\passcode\passcode_notifier.dart:63:45 - undefined_identifier
  error - Undefined name 'state' - lib\presentation\passcode\passcode_notifier.dart:63:45 - undefined_identifier
   info - Parameter 'key' could be a super parameter - lib\presentation\profile\profile_screen.dart:33:9 - use_super_parameters
   info - Parameter 'key' could be a super parameter - lib\presentation\profile\profile_screen.dart:33:9 - use_super_parameters
   info - Parameter 'key' could be a super parameter - lib\presentation\profile\profile_screen.dart:33:9 - use_super_parameters
warning - The left operand can't be null, so the right operand is never executed - lib\presentation\profile\profile_screen.dart:53:57 - dead_null_aware_expression
warning - The left operand can't be null, so the right operand is never executed - lib\presentation\profile\profile_screen.dart:53:57 - dead_null_aware_expression
warning - The left operand can't be null, so the right operand is never executed - lib\presentation\profile\profile_screen.dart:53:57 - dead_null_aware_expression
   info - 'withOpacity' is deprecated and shouldn't be used. Use .withValues() to avoid precision loss - lib\presentation\profile\profile_screen.dart:241:54 - deprecated_member_use
   info - 'withOpacity' is deprecated and shouldn't be used. Use .withValues() to avoid precision loss - lib\presentation\profile\profile_screen.dart:241:54 - deprecated_member_use
   info - 'withOpacity' is deprecated and shouldn't be used. Use .withValues() to avoid precision loss - lib\presentation\profile\profile_screen.dart:241:54 - deprecated_member_use
   info - 'withOpacity' is deprecated and shouldn't be used. Use .withValues() to avoid precision loss - lib\presentation\profile\profile_screen.dart:245:58 - deprecated_member_use
   info - 'withOpacity' is deprecated and shouldn't be used. Use .withValues() to avoid precision loss - lib\presentation\profile\profile_screen.dart:245:58 - deprecated_member_use
   info - 'withOpacity' is deprecated and shouldn't be used. Use .withValues() to avoid precision loss - lib\presentation\profile\profile_screen.dart:245:58 - deprecated_member_use
   info - 'withOpacity' is deprecated and shouldn't be used. Use .withValues() to avoid precision loss - lib\presentation\profile\profile_screen.dart:321:33 - deprecated_member_use
   info - 'withOpacity' is deprecated and shouldn't be used. Use .withValues() to avoid precision loss - lib\presentation\profile\profile_screen.dart:321:33 - deprecated_member_use
   info - 'withOpacity' is deprecated and shouldn't be used. Use .withValues() to avoid precision loss - lib\presentation\profile\profile_screen.dart:321:33 - deprecated_member_use
   info - 'withOpacity' is deprecated and shouldn't be used. Use .withValues() to avoid precision loss - lib\presentation\profile\profile_screen.dart:333:44 - deprecated_member_use
   info - 'withOpacity' is deprecated and shouldn't be used. Use .withValues() to avoid precision loss - lib\presentation\profile\profile_screen.dart:333:44 - deprecated_member_use
   info - 'withOpacity' is deprecated and shouldn't be used. Use .withValues() to avoid precision loss - lib\presentation\profile\profile_screen.dart:333:44 - deprecated_member_use
   info - 'withOpacity' is deprecated and shouldn't be used. Use .withValues() to avoid precision loss - lib\presentation\profile\profile_screen.dart:426:33 - deprecated_member_use
   info - 'withOpacity' is deprecated and shouldn't be used. Use .withValues() to avoid precision loss - lib\presentation\profile\profile_screen.dart:426:33 - deprecated_member_use
   info - 'withOpacity' is deprecated and shouldn't be used. Use .withValues() to avoid precision loss - lib\presentation\profile\profile_screen.dart:426:33 - deprecated_member_use
   info - 'withOpacity' is deprecated and shouldn't be used. Use .withValues() to avoid precision loss - lib\presentation\profile\profile_screen.dart:534:33 - deprecated_member_use
   info - 'withOpacity' is deprecated and shouldn't be used. Use .withValues() to avoid precision loss - lib\presentation\profile\profile_screen.dart:534:33 - deprecated_member_use
   info - 'withOpacity' is deprecated and shouldn't be used. Use .withValues() to avoid precision loss - lib\presentation\profile\profile_screen.dart:534:33 - deprecated_member_use
   info - 'withOpacity' is deprecated and shouldn't be used. Use .withValues() to avoid precision loss - lib\presentation\profile\profile_screen.dart:588:33 - deprecated_member_use
   info - 'withOpacity' is deprecated and shouldn't be used. Use .withValues() to avoid precision loss - lib\presentation\profile\profile_screen.dart:588:33 - deprecated_member_use
   info - 'withOpacity' is deprecated and shouldn't be used. Use .withValues() to avoid precision loss - lib\presentation\profile\profile_screen.dart:588:33 - deprecated_member_use
   info - 'activeColor' is deprecated and shouldn't be used. Use activeThumbColor instead. This feature was deprecated after v3.31.0-2.0.pre - lib\presentation\profile\profile_screen.dart:629:15 - deprecated_member_use
   info - 'activeColor' is deprecated and shouldn't be used. Use activeThumbColor instead. This feature was deprecated after v3.31.0-2.0.pre - lib\presentation\profile\profile_screen.dart:629:15 - deprecated_member_use
   info - 'activeColor' is deprecated and shouldn't be used. Use activeThumbColor instead. This feature was deprecated after v3.31.0-2.0.pre - lib\presentation\profile\profile_screen.dart:629:15 - deprecated_member_use
   info - 'withOpacity' is deprecated and shouldn't be used. Use .withValues() to avoid precision loss - lib\presentation\profile\profile_screen.dart:649:33 - deprecated_member_use
   info - 'withOpacity' is deprecated and shouldn't be used. Use .withValues() to avoid precision loss - lib\presentation\profile\profile_screen.dart:649:33 - deprecated_member_use
   info - 'withOpacity' is deprecated and shouldn't be used. Use .withValues() to avoid precision loss - lib\presentation\profile\profile_screen.dart:649:33 - deprecated_member_use
warning - The declaration '_formatAmount' isn't referenced - lib\presentation\profile\profile_screen.dart:820:8 - unused_element
warning - The declaration '_formatAmount' isn't referenced - lib\presentation\profile\profile_screen.dart:820:8 - unused_element
warning - The declaration '_formatAmount' isn't referenced - lib\presentation\profile\profile_screen.dart:820:8 - unused_element
   info - Parameter 'key' could be a super parameter - lib\presentation\qrcode\qr_code_screen.dart:10:9 - use_super_parameters
   info - Parameter 'key' could be a super parameter - lib\presentation\qrcode\qr_code_screen.dart:10:9 - use_super_parameters
   info - Parameter 'key' could be a super parameter - lib\presentation\qrcode\qr_code_screen.dart:10:9 - use_super_parameters
   info - 'withOpacity' is deprecated and shouldn't be used. Use .withValues() to avoid precision loss - lib\presentation\qrcode\qr_code_screen.dart:155:33 - deprecated_member_use
   info - 'withOpacity' is deprecated and shouldn't be used. Use .withValues() to avoid precision loss - lib\presentation\qrcode\qr_code_screen.dart:155:33 - deprecated_member_use
   info - 'withOpacity' is deprecated and shouldn't be used. Use .withValues() to avoid precision loss - lib\presentation\qrcode\qr_code_screen.dart:155:33 - deprecated_member_use
   info - 'withOpacity' is deprecated and shouldn't be used. Use .withValues() to avoid precision loss - lib\presentation\qrcode\qr_code_screen.dart:406:57 - deprecated_member_use
   info - 'withOpacity' is deprecated and shouldn't be used. Use .withValues() to avoid precision loss - lib\presentation\qrcode\qr_code_screen.dart:406:57 - deprecated_member_use
   info - 'withOpacity' is deprecated and shouldn't be used. Use .withValues() to avoid precision loss - lib\presentation\qrcode\qr_code_screen.dart:406:57 - deprecated_member_use
warning - The value of the field '_tabs' isn't used - lib\presentation\request\my_request_screen.dart:32:16 - unused_field
warning - The value of the field '_tabs' isn't used - lib\presentation\request\my_request_screen.dart:32:16 - unused_field
warning - The value of the field '_tabs' isn't used - lib\presentation\request\my_request_screen.dart:32:16 - unused_field
   info - 'withOpacity' is deprecated and shouldn't be used. Use .withValues() to avoid precision loss - lib\presentation\request\my_request_screen.dart:74:43 - deprecated_member_use
   info - 'withOpacity' is deprecated and shouldn't be used. Use .withValues() to avoid precision loss - lib\presentation\request\my_request_screen.dart:74:43 - deprecated_member_use
   info - 'withOpacity' is deprecated and shouldn't be used. Use .withValues() to avoid precision loss - lib\presentation\request\my_request_screen.dart:74:43 - deprecated_member_use
   info - 'withOpacity' is deprecated and shouldn't be used. Use .withValues() to avoid precision loss - lib\presentation\request\my_request_screen.dart:524:22 - deprecated_member_use
   info - 'withOpacity' is deprecated and shouldn't be used. Use .withValues() to avoid precision loss - lib\presentation\request\my_request_screen.dart:524:22 - deprecated_member_use
   info - 'withOpacity' is deprecated and shouldn't be used. Use .withValues() to avoid precision loss - lib\presentation\request\my_request_screen.dart:524:22 - deprecated_member_use
   info - 'withOpacity' is deprecated and shouldn't be used. Use .withValues() to avoid precision loss - lib\presentation\request\my_request_screen.dart:526:41 - deprecated_member_use
   info - 'withOpacity' is deprecated and shouldn't be used. Use .withValues() to avoid precision loss - lib\presentation\request\my_request_screen.dart:526:41 - deprecated_member_use
   info - 'withOpacity' is deprecated and shouldn't be used. Use .withValues() to avoid precision loss - lib\presentation\request\my_request_screen.dart:526:41 - deprecated_member_use
   info - 'withOpacity' is deprecated and shouldn't be used. Use .withValues() to avoid precision loss - lib\presentation\request\preview_request_screen.dart:138:38 - deprecated_member_use
   info - 'withOpacity' is deprecated and shouldn't be used. Use .withValues() to avoid precision loss - lib\presentation\request\preview_request_screen.dart:138:38 - deprecated_member_use
   info - 'withOpacity' is deprecated and shouldn't be used. Use .withValues() to avoid precision loss - lib\presentation\request\preview_request_screen.dart:138:38 - deprecated_member_use
   info - 'withOpacity' is deprecated and shouldn't be used. Use .withValues() to avoid precision loss - lib\presentation\request\preview_request_screen.dart:157:40 - deprecated_member_use
   info - 'withOpacity' is deprecated and shouldn't be used. Use .withValues() to avoid precision loss - lib\presentation\request\preview_request_screen.dart:157:40 - deprecated_member_use
   info - 'withOpacity' is deprecated and shouldn't be used. Use .withValues() to avoid precision loss - lib\presentation\request\preview_request_screen.dart:157:40 - deprecated_member_use
   info - 'withOpacity' is deprecated and shouldn't be used. Use .withValues() to avoid precision loss - lib\presentation\request\preview_request_screen.dart:165:42 - deprecated_member_use
   info - 'withOpacity' is deprecated and shouldn't be used. Use .withValues() to avoid precision loss - lib\presentation\request\preview_request_screen.dart:165:42 - deprecated_member_use
   info - 'withOpacity' is deprecated and shouldn't be used. Use .withValues() to avoid precision loss - lib\presentation\request\preview_request_screen.dart:165:42 - deprecated_member_use
   info - 'withOpacity' is deprecated and shouldn't be used. Use .withValues() to avoid precision loss - lib\presentation\request\preview_request_screen.dart:256:41 - deprecated_member_use
   info - 'withOpacity' is deprecated and shouldn't be used. Use .withValues() to avoid precision loss - lib\presentation\request\preview_request_screen.dart:256:41 - deprecated_member_use
   info - 'withOpacity' is deprecated and shouldn't be used. Use .withValues() to avoid precision loss - lib\presentation\request\preview_request_screen.dart:256:41 - deprecated_member_use
   info - 'withOpacity' is deprecated and shouldn't be used. Use .withValues() to avoid precision loss - lib\presentation\request\preview_request_screen.dart:395:33 - deprecated_member_use
   info - 'withOpacity' is deprecated and shouldn't be used. Use .withValues() to avoid precision loss - lib\presentation\request\preview_request_screen.dart:395:33 - deprecated_member_use
   info - 'withOpacity' is deprecated and shouldn't be used. Use .withValues() to avoid precision loss - lib\presentation\request\preview_request_screen.dart:395:33 - deprecated_member_use
   info - 'withOpacity' is deprecated and shouldn't be used. Use .withValues() to avoid precision loss - lib\presentation\request\request_detail_screen.dart:261:29 - deprecated_member_use
   info - 'withOpacity' is deprecated and shouldn't be used. Use .withValues() to avoid precision loss - lib\presentation\request\request_detail_screen.dart:261:29 - deprecated_member_use
   info - 'withOpacity' is deprecated and shouldn't be used. Use .withValues() to avoid precision loss - lib\presentation\request\request_detail_screen.dart:261:29 - deprecated_member_use
   info - 'withOpacity' is deprecated and shouldn't be used. Use .withValues() to avoid precision loss - lib\presentation\request\request_detail_screen.dart:340:33 - deprecated_member_use
   info - 'withOpacity' is deprecated and shouldn't be used. Use .withValues() to avoid precision loss - lib\presentation\request\request_detail_screen.dart:340:33 - deprecated_member_use
   info - 'withOpacity' is deprecated and shouldn't be used. Use .withValues() to avoid precision loss - lib\presentation\request\request_detail_screen.dart:340:33 - deprecated_member_use
   info - 'withOpacity' is deprecated and shouldn't be used. Use .withValues() to avoid precision loss - lib\presentation\request\request_detail_screen.dart:414:33 - deprecated_member_use
   info - 'withOpacity' is deprecated and shouldn't be used. Use .withValues() to avoid precision loss - lib\presentation\request\request_detail_screen.dart:414:33 - deprecated_member_use
   info - 'withOpacity' is deprecated and shouldn't be used. Use .withValues() to avoid precision loss - lib\presentation\request\request_detail_screen.dart:414:33 - deprecated_member_use
   info - 'withOpacity' is deprecated and shouldn't be used. Use .withValues() to avoid precision loss - lib\presentation\request\request_detail_screen.dart:923:48 - deprecated_member_use
   info - 'withOpacity' is deprecated and shouldn't be used. Use .withValues() to avoid precision loss - lib\presentation\request\request_detail_screen.dart:923:48 - deprecated_member_use
   info - 'withOpacity' is deprecated and shouldn't be used. Use .withValues() to avoid precision loss - lib\presentation\request\request_detail_screen.dart:923:48 - deprecated_member_use
   info - 'withOpacity' is deprecated and shouldn't be used. Use .withValues() to avoid precision loss - lib\presentation\request\request_menu_screen.dart:118:37 - deprecated_member_use
   info - 'withOpacity' is deprecated and shouldn't be used. Use .withValues() to avoid precision loss - lib\presentation\request\request_menu_screen.dart:118:37 - deprecated_member_use
   info - 'withOpacity' is deprecated and shouldn't be used. Use .withValues() to avoid precision loss - lib\presentation\request\request_menu_screen.dart:118:37 - deprecated_member_use
warning - Unused import: 'package:kudipay/presentation/request/request_money_screen.dart' - lib\presentation\request\request_money_main_screen.dart:7:8 - unused_import
warning - Unused import: 'package:kudipay/presentation/request/request_money_screen.dart' - lib\presentation\request\request_money_main_screen.dart:7:8 - unused_import
warning - Unused import: 'package:kudipay/presentation/request/request_money_screen.dart' - lib\presentation\request\request_money_main_screen.dart:7:8 - unused_import
   info - 'withOpacity' is deprecated and shouldn't be used. Use .withValues() to avoid precision loss - lib\presentation\request\request_money_main_screen.dart:170:33 - deprecated_member_use
   info - 'withOpacity' is deprecated and shouldn't be used. Use .withValues() to avoid precision loss - lib\presentation\request\request_money_main_screen.dart:170:33 - deprecated_member_use
   info - 'withOpacity' is deprecated and shouldn't be used. Use .withValues() to avoid precision loss - lib\presentation\request\request_money_main_screen.dart:170:33 - deprecated_member_use
   info - 'withOpacity' is deprecated and shouldn't be used. Use .withValues() to avoid precision loss - lib\presentation\request\request_money_main_screen.dart:216:34 - deprecated_member_use
   info - 'withOpacity' is deprecated and shouldn't be used. Use .withValues() to avoid precision loss - lib\presentation\request\request_money_main_screen.dart:216:34 - deprecated_member_use
   info - 'withOpacity' is deprecated and shouldn't be used. Use .withValues() to avoid precision loss - lib\presentation\request\request_money_main_screen.dart:216:34 - deprecated_member_use
   info - 'withOpacity' is deprecated and shouldn't be used. Use .withValues() to avoid precision loss - lib\presentation\request\request_money_main_screen.dart:368:45 - deprecated_member_use
   info - 'withOpacity' is deprecated and shouldn't be used. Use .withValues() to avoid precision loss - lib\presentation\request\request_money_main_screen.dart:368:45 - deprecated_member_use
   info - 'withOpacity' is deprecated and shouldn't be used. Use .withValues() to avoid precision loss - lib\presentation\request\request_money_main_screen.dart:368:45 - deprecated_member_use
   info - 'withOpacity' is deprecated and shouldn't be used. Use .withValues() to avoid precision loss - lib\presentation\request\request_money_main_screen.dart:403:54 - deprecated_member_use
   info - 'withOpacity' is deprecated and shouldn't be used. Use .withValues() to avoid precision loss - lib\presentation\request\request_money_main_screen.dart:403:54 - deprecated_member_use
   info - 'withOpacity' is deprecated and shouldn't be used. Use .withValues() to avoid precision loss - lib\presentation\request\request_money_main_screen.dart:403:54 - deprecated_member_use
warning - Unused import: 'package:kudipay/presentation/request/select_recipient_screen.dart' - lib\presentation\request\request_money_screen.dart:7:8 - unused_import
warning - Unused import: 'package:kudipay/presentation/request/select_recipient_screen.dart' - lib\presentation\request\request_money_screen.dart:7:8 - unused_import
warning - Unused import: 'package:kudipay/presentation/request/select_recipient_screen.dart' - lib\presentation\request\request_money_screen.dart:7:8 - unused_import
   info - 'value' is deprecated and shouldn't be used. Use initialValue instead. This will set the initial value for the form field. This feature was deprecated after v3.33.0-1.0.pre - lib\presentation\request\request_money_screen.dart:266:19 - deprecated_member_use
   info - 'value' is deprecated and shouldn't be used. Use initialValue instead. This will set the initial value for the form field. This feature was deprecated after v3.33.0-1.0.pre - lib\presentation\request\request_money_screen.dart:266:19 - deprecated_member_use
   info - 'value' is deprecated and shouldn't be used. Use initialValue instead. This will set the initial value for the form field. This feature was deprecated after v3.33.0-1.0.pre - lib\presentation\request\request_money_screen.dart:266:19 - deprecated_member_use
   info - 'activeColor' is deprecated and shouldn't be used. Use activeThumbColor instead. This feature was deprecated after v3.31.0-2.0.pre - lib\presentation\request\request_money_screen.dart:484:23 - deprecated_member_use
   info - 'activeColor' is deprecated and shouldn't be used. Use activeThumbColor instead. This feature was deprecated after v3.31.0-2.0.pre - lib\presentation\request\request_money_screen.dart:484:23 - deprecated_member_use
   info - 'activeColor' is deprecated and shouldn't be used. Use activeThumbColor instead. This feature was deprecated after v3.31.0-2.0.pre - lib\presentation\request\request_money_screen.dart:484:23 - deprecated_member_use
   info - 'withOpacity' is deprecated and shouldn't be used. Use .withValues() to avoid precision loss - lib\presentation\request\request_money_screen.dart:499:35 - deprecated_member_use
   info - 'withOpacity' is deprecated and shouldn't be used. Use .withValues() to avoid precision loss - lib\presentation\request\request_money_screen.dart:499:35 - deprecated_member_use
   info - 'withOpacity' is deprecated and shouldn't be used. Use .withValues() to avoid precision loss - lib\presentation\request\request_money_screen.dart:499:35 - deprecated_member_use
warning - Unused import: 'package:intl/intl.dart' - lib\presentation\request\request_sent_screen.dart:3:8 - unused_import
warning - Unused import: 'package:intl/intl.dart' - lib\presentation\request\request_sent_screen.dart:3:8 - unused_import
   info - 'withOpacity' is deprecated and shouldn't be used. Use .withValues() to avoid precision loss - lib\presentation\request\request_sent_screen.dart:214:35 - deprecated_member_use
   info - 'withOpacity' is deprecated and shouldn't be used. Use .withValues() to avoid precision loss - lib\presentation\request\request_sent_screen.dart:214:35 - deprecated_member_use
warning - Unused import: 'package:kudipay/formatting/widget/contact_avatar.dart' - lib\presentation\request\select_recipient_screen.dart:5:8 - unused_import
warning - Unused import: 'package:kudipay/formatting/widget/contact_avatar.dart' - lib\presentation\request\select_recipient_screen.dart:5:8 - unused_import
warning - Unused import: 'package:kudipay/presentation/request/preview_request_screen.dart' - lib\presentation\request\select_recipient_screen.dart:8:8 - unused_import
warning - Unused import: 'package:kudipay/presentation/request/preview_request_screen.dart' - lib\presentation\request\select_recipient_screen.dart:8:8 - unused_import
   info - 'withOpacity' is deprecated and shouldn't be used. Use .withValues() to avoid precision loss - lib\presentation\request\select_recipient_screen.dart:372:33 - deprecated_member_use
   info - 'withOpacity' is deprecated and shouldn't be used. Use .withValues() to avoid precision loss - lib\presentation\request\select_recipient_screen.dart:372:33 - deprecated_member_use
   info - The import of 'package:kudipay/provider/auth/auth_provider.dart' is unnecessary because all of the used elements are also provided by the import of 'package:kudipay/provider/provider.dart' - lib\presentation\selfie\selfie_capture_screen.dart:5:8 - unnecessary_import
   info - The import of 'package:kudipay/provider/auth/auth_provider.dart' is unnecessary because all of the used elements are also provided by the import of 'package:kudipay/provider/provider.dart' - lib\presentation\selfie\selfie_capture_screen.dart:5:8 - unnecessary_import
   info - Parameter 'key' could be a super parameter - lib\presentation\selfie\selfie_capture_screen.dart:14:9 - use_super_parameters
   info - Parameter 'key' could be a super parameter - lib\presentation\selfie\selfie_capture_screen.dart:14:9 - use_super_parameters
   info - 'withOpacity' is deprecated and shouldn't be used. Use .withValues() to avoid precision loss - lib\presentation\selfie\selfie_capture_screen.dart:240:41 - deprecated_member_use
   info - 'withOpacity' is deprecated and shouldn't be used. Use .withValues() to avoid precision loss - lib\presentation\selfie\selfie_capture_screen.dart:240:41 - deprecated_member_use
   info - 'withOpacity' is deprecated and shouldn't be used. Use .withValues() to avoid precision loss - lib\presentation\selfie\selfie_capture_screen.dart:296:35 - deprecated_member_use
   info - 'withOpacity' is deprecated and shouldn't be used. Use .withValues() to avoid precision loss - lib\presentation\selfie\selfie_capture_screen.dart:296:35 - deprecated_member_use
   info - 'withOpacity' is deprecated and shouldn't be used. Use .withValues() to avoid precision loss - lib\presentation\selfie\selfie_capture_screen.dart:334:42 - deprecated_member_use
   info - 'withOpacity' is deprecated and shouldn't be used. Use .withValues() to avoid precision loss - lib\presentation\selfie\selfie_capture_screen.dart:334:42 - deprecated_member_use
   info - Parameter 'key' could be a super parameter - lib\presentation\selfie\selfie_instruction.dart:7:9 - use_super_parameters
   info - Parameter 'key' could be a super parameter - lib\presentation\selfie\selfie_instruction.dart:7:9 - use_super_parameters
  error - Classes can only extend other classes - lib\presentation\selfie\selfie_notifier.dart:6:30 - extends_non_class
  error - Classes can only extend other classes - lib\presentation\selfie\selfie_notifier.dart:6:30 - extends_non_class
  error - Too many positional arguments: 0 expected, but 1 found - lib\presentation\selfie\selfie_notifier.dart:7:28 - extra_positional_arguments
  error - Too many positional arguments: 0 expected, but 1 found - lib\presentation\selfie\selfie_notifier.dart:7:28 - extra_positional_arguments
  error - Undefined name 'state' - lib\presentation\selfie\selfie_notifier.dart:10:5 - undefined_identifier
  error - Undefined name 'state' - lib\presentation\selfie\selfie_notifier.dart:10:5 - undefined_identifier
  error - Undefined name 'state' - lib\presentation\selfie\selfie_notifier.dart:10:13 - undefined_identifier
  error - Undefined name 'state' - lib\presentation\selfie\selfie_notifier.dart:10:13 - undefined_identifier
  error - Undefined name 'state' - lib\presentation\selfie\selfie_notifier.dart:14:5 - undefined_identifier
  error - Undefined name 'state' - lib\presentation\selfie\selfie_notifier.dart:14:5 - undefined_identifier
  error - Undefined name 'state' - lib\presentation\selfie\selfie_notifier.dart:14:13 - undefined_identifier
  error - Undefined name 'state' - lib\presentation\selfie\selfie_notifier.dart:14:13 - undefined_identifier
  error - Undefined name 'state' - lib\presentation\selfie\selfie_notifier.dart:18:5 - undefined_identifier
  error - Undefined name 'state' - lib\presentation\selfie\selfie_notifier.dart:18:5 - undefined_identifier
  error - Undefined name 'state' - lib\presentation\selfie\selfie_notifier.dart:18:13 - undefined_identifier
  error - Undefined name 'state' - lib\presentation\selfie\selfie_notifier.dart:18:13 - undefined_identifier
  error - Undefined name 'state' - lib\presentation\selfie\selfie_notifier.dart:22:5 - undefined_identifier
  error - Undefined name 'state' - lib\presentation\selfie\selfie_notifier.dart:22:5 - undefined_identifier
  error - Undefined name 'state' - lib\presentation\selfie\selfie_notifier.dart:22:13 - undefined_identifier
  error - Undefined name 'state' - lib\presentation\selfie\selfie_notifier.dart:22:13 - undefined_identifier
  error - Undefined name 'state' - lib\presentation\selfie\selfie_notifier.dart:35:9 - undefined_identifier
  error - Undefined name 'state' - lib\presentation\selfie\selfie_notifier.dart:35:9 - undefined_identifier
  error - Undefined name 'state' - lib\presentation\selfie\selfie_notifier.dart:35:17 - undefined_identifier
  error - Undefined name 'state' - lib\presentation\selfie\selfie_notifier.dart:35:17 - undefined_identifier
  error - Undefined name 'state' - lib\presentation\selfie\selfie_notifier.dart:41:9 - undefined_identifier
  error - Undefined name 'state' - lib\presentation\selfie\selfie_notifier.dart:41:9 - undefined_identifier
  error - Undefined name 'state' - lib\presentation\selfie\selfie_notifier.dart:41:17 - undefined_identifier
  error - Undefined name 'state' - lib\presentation\selfie\selfie_notifier.dart:41:17 - undefined_identifier
  error - Undefined name 'state' - lib\presentation\selfie\selfie_notifier.dart:47:7 - undefined_identifier
  error - Undefined name 'state' - lib\presentation\selfie\selfie_notifier.dart:47:7 - undefined_identifier
  error - Undefined name 'state' - lib\presentation\selfie\selfie_notifier.dart:47:15 - undefined_identifier
  error - Undefined name 'state' - lib\presentation\selfie\selfie_notifier.dart:47:15 - undefined_identifier
  error - Undefined name 'state' - lib\presentation\selfie\selfie_notifier.dart:72:5 - undefined_identifier
  error - Undefined name 'state' - lib\presentation\selfie\selfie_notifier.dart:72:5 - undefined_identifier
  error - The method 'StateProvider' isn't defined for the type '_SignUpScreenState' - lib\presentation\signup\signup.dart:73:34 - undefined_method
  error - The method 'StateProvider' isn't defined for the type '_SignUpScreenState' - lib\presentation\signup\signup.dart:73:34 - undefined_method
   info - 'withOpacity' is deprecated and shouldn't be used. Use .withValues() to avoid precision loss - lib\presentation\signup\signup.dart:879:33 - deprecated_member_use
   info - 'withOpacity' is deprecated and shouldn't be used. Use .withValues() to avoid precision loss - lib\presentation\signup\signup.dart:879:33 - deprecated_member_use
   info - Parameter 'key' could be a super parameter - lib\presentation\signup\signup_more_details.dart:10:9 - use_super_parameters
   info - Parameter 'key' could be a super parameter - lib\presentation\signup\signup_more_details.dart:10:9 - use_super_parameters
   info - 'value' is deprecated and shouldn't be used. Use initialValue instead. This will set the initial value for the form field. This feature was deprecated after v3.33.0-1.0.pre - lib\presentation\signup\signup_more_details.dart:247:25 - deprecated_member_use
   info - 'value' is deprecated and shouldn't be used. Use initialValue instead. This will set the initial value for the form field. This feature was deprecated after v3.33.0-1.0.pre - lib\presentation\signup\signup_more_details.dart:247:25 - deprecated_member_use
   info - 'withOpacity' is deprecated and shouldn't be used. Use .withValues() to avoid precision loss - lib\presentation\signup\signup_verify.dart:324:57 - deprecated_member_use
   info - 'withOpacity' is deprecated and shouldn't be used. Use .withValues() to avoid precision loss - lib\presentation\signup\signup_verify.dart:324:57 - deprecated_member_use
   info - The import of 'package:flutter/services.dart' is unnecessary because all of the used elements are also provided by the import of 'package:flutter/material.dart' - lib\presentation\support\support_screen.dart:2:8 - unnecessary_import
   info - The import of 'package:flutter/services.dart' is unnecessary because all of the used elements are also provided by the import of 'package:flutter/material.dart' - lib\presentation\support\support_screen.dart:2:8 - unnecessary_import
warning - Unused import: 'package:kudipay/mock/mock_api_data.dart' - lib\presentation\support\support_screen.dart:6:8 - unused_import
warning - Unused import: 'package:kudipay/mock/mock_api_data.dart' - lib\presentation\support\support_screen.dart:6:8 - unused_import
warning - A value for optional parameter 'articleCount' isn't ever given - lib\presentation\support\support_screen.dart:20:10 - unused_element_parameter
warning - A value for optional parameter 'articleCount' isn't ever given - lib\presentation\support\support_screen.dart:20:10 - unused_element_parameter
   info - Parameter 'key' could be a super parameter - lib\presentation\support\support_screen.dart:41:9 - use_super_parameters
   info - Parameter 'key' could be a super parameter - lib\presentation\support\support_screen.dart:41:9 - use_super_parameters
warning - The declaration '_showReportSheet' isn't referenced - lib\presentation\support\support_screen.dart:553:8 - unused_element
warning - The declaration '_showReportSheet' isn't referenced - lib\presentation\support\support_screen.dart:553:8 - unused_element
   info - 'withOpacity' is deprecated and shouldn't be used. Use .withValues() to avoid precision loss - lib\presentation\support\support_screen.dart:712:64 - deprecated_member_use
   info - 'withOpacity' is deprecated and shouldn't be used. Use .withValues() to avoid precision loss - lib\presentation\support\support_screen.dart:712:64 - deprecated_member_use
  error - The function 'StateProvider' isn't defined - lib\presentation\ticket\features\tickets\presentation\providers\tickets_provider.dart:14:5 - undefined_function
warning - The value of the local variable 'screenSize' isn't used - lib\presentation\ticket\features\tickets\presentation\screens\tickets_screen.dart:17:11 - unused_local_variable
   info - 'withOpacity' is deprecated and shouldn't be used. Use .withValues() to avoid precision loss - lib\presentation\ticket\features\tickets\presentation\widgets\empty_tickets_state.dart:19:40 - deprecated_member_use
   info - 'withOpacity' is deprecated and shouldn't be used. Use .withValues() to avoid precision loss - lib\presentation\ticket\features\tickets\presentation\widgets\ticket_card.dart:28:35 - deprecated_member_use
   info - 'withOpacity' is deprecated and shouldn't be used. Use .withValues() to avoid precision loss - lib\presentation\ticket\features\tickets\presentation\widgets\ticket_card.dart:39:44 - deprecated_member_use
   info - 'withOpacity' is deprecated and shouldn't be used. Use .withValues() to avoid precision loss - lib\presentation\ticket\features\tickets\presentation\widgets\ticket_card.dart:40:47 - deprecated_member_use
   info - 'withOpacity' is deprecated and shouldn't be used. Use .withValues() to avoid precision loss - lib\presentation\ticket\features\tickets\presentation\widgets\ticket_status_filter.dart:50:52 - deprecated_member_use
   info - 'withOpacity' is deprecated and shouldn't be used. Use .withValues() to avoid precision loss - lib\presentation\tier\tier_management_screen.dart:80:43 - deprecated_member_use
   info - 'withOpacity' is deprecated and shouldn't be used. Use .withValues() to avoid precision loss - lib\presentation\tier\tier_management_screen.dart:87:31 - deprecated_member_use
   info - 'withOpacity' is deprecated and shouldn't be used. Use .withValues() to avoid precision loss - lib\presentation\tier\tier_management_screen.dart:101:39 - deprecated_member_use
   info - 'withOpacity' is deprecated and shouldn't be used. Use .withValues() to avoid precision loss - lib\presentation\tier\tier_management_screen.dart:119:45 - deprecated_member_use
   info - 'withOpacity' is deprecated and shouldn't be used. Use .withValues() to avoid precision loss - lib\presentation\tier\tier_management_screen.dart:135:45 - deprecated_member_use
   info - 'withOpacity' is deprecated and shouldn't be used. Use .withValues() to avoid precision loss - lib\presentation\tier\tier_management_screen.dart:156:33 - deprecated_member_use
   info - 'withOpacity' is deprecated and shouldn't be used. Use .withValues() to avoid precision loss - lib\presentation\tier\tier_management_screen.dart:181:39 - deprecated_member_use
   info - 'withOpacity' is deprecated and shouldn't be used. Use .withValues() to avoid precision loss - lib\presentation\tier\tier_management_screen.dart:231:33 - deprecated_member_use
   info - 'withOpacity' is deprecated and shouldn't be used. Use .withValues() to avoid precision loss - lib\presentation\tier\tier_selection_screen.dart:65:48 - deprecated_member_use
   info - 'withOpacity' is deprecated and shouldn't be used. Use .withValues() to avoid precision loss - lib\presentation\tier\tier_selection_screen.dart:124:33 - deprecated_member_use
   info - 'withOpacity' is deprecated and shouldn't be used. Use .withValues() to avoid precision loss - lib\presentation\tier\tier_selection_screen.dart:136:33 - deprecated_member_use
   info - 'withOpacity' is deprecated and shouldn't be used. Use .withValues() to avoid precision loss - lib\presentation\tier\tier_selection_screen.dart:148:39 - deprecated_member_use
warning - Unused import: 'package:intl/intl.dart' - lib\presentation\tier\upgrade_success_screen.dart:3:8 - unused_import
   info - 'withOpacity' is deprecated and shouldn't be used. Use .withValues() to avoid precision loss - lib\presentation\tier\upgrade_success_screen.dart:119:35 - deprecated_member_use
warning - The value of the field '_teal' isn't used - lib\presentation\tier\upgrade_tier_screen.dart:15:22 - unused_field
   info - 'withOpacity' is deprecated and shouldn't be used. Use .withValues() to avoid precision loss - lib\presentation\tier\upgrade_tier_screen.dart:374:45 - deprecated_member_use
   info - Don't use 'BuildContext's across async gaps - lib\presentation\tier\upload_document_screen.dart:46:28 - use_build_context_synchronously
   info - Don't use 'BuildContext's across async gaps - lib\presentation\tier\upload_document_screen.dart:65:28 - use_build_context_synchronously
   info - 'value' is deprecated and shouldn't be used. Use initialValue instead. This will set the initial value for the form field. This feature was deprecated after v3.33.0-1.0.pre - lib\presentation\tier\upload_document_screen.dart:198:17 - deprecated_member_use
   info - 'withOpacity' is deprecated and shouldn't be used. Use .withValues() to avoid precision loss - lib\presentation\tier\upload_document_screen.dart:341:35 - deprecated_member_use
  error - The function 'StateProvider' isn't defined - lib\presentation\transaction\transaction_filter_screen.dart:85:5 - undefined_function
   info - 'withOpacity' is deprecated and shouldn't be used. Use .withValues() to avoid precision loss - lib\presentation\transaction\transaction_filter_screen.dart:430:45 - deprecated_member_use
   info - 'withOpacity' is deprecated and shouldn't be used. Use .withValues() to avoid precision loss - lib\presentation\transaction\transaction_filter_screen.dart:500:31 - deprecated_member_use
   info - Parameter 'key' could be a super parameter - lib\presentation\transaction\transaction_screen.dart:12:9 - use_super_parameters
   info - 'withOpacity' is deprecated and shouldn't be used. Use .withValues() to avoid precision loss - lib\presentation\transaction\transaction_screen.dart:308:33 - deprecated_member_use
   info - 'withOpacity' is deprecated and shouldn't be used. Use .withValues() to avoid precision loss - lib\presentation\transaction\transaction_screen.dart:393:56 - deprecated_member_use
   info - 'groupValue' is deprecated and shouldn't be used. Use a RadioGroup ancestor to manage group value instead. This feature was deprecated after v3.32.0-0.0.pre - lib\presentation\transaction\transaction_screen.dart:514:21 - deprecated_member_use
   info - 'onChanged' is deprecated and shouldn't be used. Use RadioGroup to handle value change instead. This feature was deprecated after v3.32.0-0.0.pre - lib\presentation\transaction\transaction_screen.dart:516:21 - deprecated_member_use
   info - 'groupValue' is deprecated and shouldn't be used. Use a RadioGroup ancestor to manage group value instead. This feature was deprecated after v3.32.0-0.0.pre - lib\presentation\transaction\transaction_screen.dart:527:21 - deprecated_member_use
   info - 'onChanged' is deprecated and shouldn't be used. Use RadioGroup to handle value change instead. This feature was deprecated after v3.32.0-0.0.pre - lib\presentation\transaction\transaction_screen.dart:529:21 - deprecated_member_use
   info - 'groupValue' is deprecated and shouldn't be used. Use a RadioGroup ancestor to manage group value instead. This feature was deprecated after v3.32.0-0.0.pre - lib\presentation\transaction\transaction_screen.dart:540:21 - deprecated_member_use
   info - 'onChanged' is deprecated and shouldn't be used. Use RadioGroup to handle value change instead. This feature was deprecated after v3.32.0-0.0.pre - lib\presentation\transaction\transaction_screen.dart:542:21 - deprecated_member_use
   info - 'groupValue' is deprecated and shouldn't be used. Use a RadioGroup ancestor to manage group value instead. This feature was deprecated after v3.32.0-0.0.pre - lib\presentation\transaction\transaction_screen.dart:553:21 - deprecated_member_use
   info - 'onChanged' is deprecated and shouldn't be used. Use RadioGroup to handle value change instead. This feature was deprecated after v3.32.0-0.0.pre - lib\presentation\transaction\transaction_screen.dart:555:21 - deprecated_member_use
   info - Parameter 'key' could be a super parameter - lib\presentation\transaction\transaction_success.dart:11:9 - use_super_parameters
   info - 'withOpacity' is deprecated and shouldn't be used. Use .withValues() to avoid precision loss - lib\presentation\transaction\transaction_success.dart:100:33 - deprecated_member_use
   info - 'withOpacity' is deprecated and shouldn't be used. Use .withValues() to avoid precision loss - lib\presentation\transaction\transaction_success.dart:192:33 - deprecated_member_use
   info - Parameter 'key' could be a super parameter - lib\presentation\transactionpin\transaction_pin_screen.dart:11:9 - use_super_parameters
   info - 'WillPopScope' is deprecated and shouldn't be used. Use PopScope instead. The Android predictive back feature will not work with WillPopScope. This feature was deprecated after v3.12.0-1.0.pre - lib\presentation\transactionpin\transaction_pin_screen.dart:37:12 - deprecated_member_use
   info - 'withOpacity' is deprecated and shouldn't be used. Use .withValues() to avoid precision loss - lib\presentation\transactionpin\transaction_pin_screen.dart:154:37 - deprecated_member_use
   info - 'withOpacity' is deprecated and shouldn't be used. Use .withValues() to avoid precision loss - lib\presentation\transactionpin\transaction_pin_screen.dart:235:26 - deprecated_member_use
   info - 'withOpacity' is deprecated and shouldn't be used. Use .withValues() to avoid precision loss - lib\presentation\transactionpin\transaction_pin_screen.dart:351:52 - deprecated_member_use
   info - Parameter 'key' could be a super parameter - lib\presentation\transfer\bulk_transfer\bulk_transfer_detail_screen.dart:12:9 - use_super_parameters
   info - 'withOpacity' is deprecated and shouldn't be used. Use .withValues() to avoid precision loss - lib\presentation\transfer\bulk_transfer\bulk_transfer_detail_screen.dart:70:41 - deprecated_member_use
   info - 'withOpacity' is deprecated and shouldn't be used. Use .withValues() to avoid precision loss - lib\presentation\transfer\bulk_transfer\bulk_transfer_detail_screen.dart:164:41 - deprecated_member_use
   info - 'withOpacity' is deprecated and shouldn't be used. Use .withValues() to avoid precision loss - lib\presentation\transfer\bulk_transfer\bulk_transfer_detail_screen.dart:222:43 - deprecated_member_use
   info - Parameter 'key' could be a super parameter - lib\presentation\transfer\bulk_transfer\bulk_transfer_file_validation_screen.dart:17:9 - use_super_parameters
   info - 'withOpacity' is deprecated and shouldn't be used. Use .withValues() to avoid precision loss - lib\presentation\transfer\bulk_transfer\bulk_transfer_file_validation_screen.dart:243:58 - deprecated_member_use
   info - 'withOpacity' is deprecated and shouldn't be used. Use .withValues() to avoid precision loss - lib\presentation\transfer\bulk_transfer\bulk_transfer_file_validation_screen.dart:256:49 - deprecated_member_use
   info - 'withOpacity' is deprecated and shouldn't be used. Use .withValues() to avoid precision loss - lib\presentation\transfer\bulk_transfer\bulk_transfer_file_validation_screen.dart:477:33 - deprecated_member_use
   info - Parameter 'key' could be a super parameter - lib\presentation\transfer\bulk_transfer\bulk_transfer_file_validation_screen.dart:579:9 - use_super_parameters
   info - 'withOpacity' is deprecated and shouldn't be used. Use .withValues() to avoid precision loss - lib\presentation\transfer\bulk_transfer\bulk_transfer_file_validation_screen.dart:641:49 - deprecated_member_use
   info - 'withOpacity' is deprecated and shouldn't be used. Use .withValues() to avoid precision loss - lib\presentation\transfer\bulk_transfer\bulk_transfer_file_validation_screen.dart:642:49 - deprecated_member_use
   info - Parameter 'key' could be a super parameter - lib\presentation\transfer\bulk_transfer\bulk_transfer_otp_sheet.dart:21:9 - use_super_parameters
   info - Parameter 'key' could be a super parameter - lib\presentation\transfer\bulk_transfer\bulk_transfer_pin_dialog.dart:8:9 - use_super_parameters
   info - Parameter 'key' could be a super parameter - lib\presentation\transfer\bulk_transfer\bulk_transfer_preview.dart:10:9 - use_super_parameters
   info - 'withOpacity' is deprecated and shouldn't be used. Use .withValues() to avoid precision loss - lib\presentation\transfer\bulk_transfer\bulk_transfer_preview.dart:105:58 - deprecated_member_use
   info - 'withOpacity' is deprecated and shouldn't be used. Use .withValues() to avoid precision loss - lib\presentation\transfer\bulk_transfer\bulk_transfer_preview.dart:118:49 - deprecated_member_use
   info - 'withOpacity' is deprecated and shouldn't be used. Use .withValues() to avoid precision loss - lib\presentation\transfer\bulk_transfer\bulk_transfer_preview.dart:145:47 - deprecated_member_use
   info - 'withOpacity' is deprecated and shouldn't be used. Use .withValues() to avoid precision loss - lib\presentation\transfer\bulk_transfer\bulk_transfer_preview.dart:366:33 - deprecated_member_use
   info - Parameter 'key' could be a super parameter - lib\presentation\transfer\bulk_transfer\bulk_transfer_screen.dart:10:9 - use_super_parameters
   info - 'withOpacity' is deprecated and shouldn't be used. Use .withValues() to avoid precision loss - lib\presentation\transfer\bulk_transfer\bulk_transfer_screen.dart:224:33 - deprecated_member_use
   info - 'withOpacity' is deprecated and shouldn't be used. Use .withValues() to avoid precision loss - lib\presentation\transfer\bulk_transfer\bulk_transfer_screen.dart:266:43 - deprecated_member_use
   info - Parameter 'key' could be a super parameter - lib\presentation\transfer\bulk_transfer\bulk_transfer_success.dart:11:9 - use_super_parameters
   info - 'activeColor' is deprecated and shouldn't be used. Use activeThumbColor instead. This feature was deprecated after v3.31.0-2.0.pre - lib\presentation\transfer\bulk_transfer\bulk_transfer_success.dart:203:21 - deprecated_member_use
   info - Parameter 'key' could be a super parameter - lib\presentation\transfer\bulk_transfer\bulk_transfer_template_screen.dart:10:9 - use_super_parameters
   info - Unnecessary use of 'toList' in a spread - lib\presentation\transfer\bulk_transfer\bulk_transfer_template_screen.dart:133:18 - unnecessary_to_list_in_spreads
   info - Parameter 'key' could be a super parameter - lib\presentation\transfer\bulk_transfer\bulk_transfer_template_screen.dart:215:9 - use_super_parameters
   info - 'withOpacity' is deprecated and shouldn't be used. Use .withValues() to avoid precision loss - lib\presentation\transfer\bulk_transfer\bulk_transfer_template_screen.dart:238:33 - deprecated_member_use
   info - Parameter 'key' could be a super parameter - lib\presentation\transfer\bulk_transfer\bulk_transfer_upload_file_screen.dart:12:9 - use_super_parameters
   info - Don't use 'BuildContext's across async gaps - lib\presentation\transfer\bulk_transfer\bulk_transfer_upload_file_screen.dart:286:28 - use_build_context_synchronously
   info - Don't use 'BuildContext's across async gaps, guarded by an unrelated 'mounted' check - lib\presentation\transfer\bulk_transfer\bulk_transfer_upload_file_screen.dart:290:30 - use_build_context_synchronously
  error - The name 'CsvToListConverter' isn't a class - lib\presentation\transfer\bulk_transfer\bulk_transfer_upload_file_screen.dart:329:43 - creation_with_non_type
   info - Don't use 'BuildContext's across async gaps, guarded by an unrelated 'mounted' check - lib\presentation\transfer\bulk_transfer\bulk_transfer_upload_file_screen.dart:339:23 - use_build_context_synchronously
   info - Don't use 'BuildContext's across async gaps, guarded by an unrelated 'mounted' check - lib\presentation\transfer\bulk_transfer\bulk_transfer_upload_file_screen.dart:345:11 - use_build_context_synchronously
   info - Don't use 'BuildContext's across async gaps, guarded by an unrelated 'mounted' check - lib\presentation\transfer\bulk_transfer\bulk_transfer_upload_file_screen.dart:359:23 - use_build_context_synchronously
   info - Don't use 'BuildContext's across async gaps, guarded by an unrelated 'mounted' check - lib\presentation\transfer\bulk_transfer\bulk_transfer_upload_file_screen.dart:363:30 - use_build_context_synchronously
   info - Parameter 'key' could be a super parameter - lib\presentation\transfer\single_transfer\add_recipient_screen.dart:12:9 - use_super_parameters
warning - The value of the local variable 'isEqualSplit' isn't used - lib\presentation\transfer\single_transfer\add_recipient_screen.dart:37:11 - unused_local_variable
   info - 'withOpacity' is deprecated and shouldn't be used. Use .withValues() to avoid precision loss - lib\presentation\transfer\single_transfer\add_recipient_screen.dart:146:33 - deprecated_member_use
   info - 'withOpacity' is deprecated and shouldn't be used. Use .withValues() to avoid precision loss - lib\presentation\transfer\single_transfer\add_recipient_screen.dart:316:48 - deprecated_member_use
   info - Unnecessary use of 'toList' in a spread - lib\presentation\transfer\single_transfer\add_recipient_screen.dart:364:12 - unnecessary_to_list_in_spreads
   info - 'withOpacity' is deprecated and shouldn't be used. Use .withValues() to avoid precision loss - lib\presentation\transfer\single_transfer\add_recipient_screen.dart:431:33 - deprecated_member_use
   info - 'withOpacity' is deprecated and shouldn't be used. Use .withValues() to avoid precision loss - lib\presentation\transfer\single_transfer\add_recipient_screen.dart:522:33 - deprecated_member_use
   info - 'activeColor' is deprecated and shouldn't be used. Use activeThumbColor instead. This feature was deprecated after v3.31.0-2.0.pre - lib\presentation\transfer\single_transfer\add_recipient_screen.dart:568:17 - deprecated_member_use
   info - 'withOpacity' is deprecated and shouldn't be used. Use .withValues() to avoid precision loss - lib\presentation\transfer\single_transfer\add_recipient_screen.dart:758:33 - deprecated_member_use
   info - Parameter 'key' could be a super parameter - lib\presentation\transfer\single_transfer\add_recipient_screen.dart:844:9 - use_super_parameters
   info - 'withOpacity' is deprecated and shouldn't be used. Use .withValues() to avoid precision loss - lib\presentation\transfer\single_transfer\add_recipient_screen.dart:952:50 - deprecated_member_use
   info - Parameter 'key' could be a super parameter - lib\presentation\transfer\single_transfer\bank_selection_bottom_sheet.dart:39:9 - use_super_parameters
   info - Parameter 'key' could be a super parameter - lib\presentation\transfer\single_transfer\confirm_transfer_bottom_sheet.dart:9:9 - use_super_parameters
   info - 'withOpacity' is deprecated and shouldn't be used. Use .withValues() to avoid precision loss - lib\presentation\transfer\single_transfer\confirm_transfer_bottom_sheet.dart:236:51 - deprecated_member_use
   info - Parameter 'key' could be a super parameter - lib\presentation\transfer\single_transfer\otp_verification_bottom_sheet.dart:15:9 - use_super_parameters
   info - Parameter 'key' could be a super parameter - lib\presentation\transfer\single_transfer\pin_entry_dialogue.dart:10:9 - use_super_parameters
   info - Parameter 'key' could be a super parameter - lib\presentation\transfer\single_transfer\pin_entry_dialogue.dart:47:9 - use_super_parameters
   info - Parameter 'key' could be a super parameter - lib\presentation\transfer\single_transfer\schedule_transfer_screen.dart:9:9 - use_super_parameters
   info - 'withOpacity' is deprecated and shouldn't be used. Use .withValues() to avoid precision loss - lib\presentation\transfer\single_transfer\schedule_transfer_screen.dart:158:41 - deprecated_member_use
   info - 'withOpacity' is deprecated and shouldn't be used. Use .withValues() to avoid precision loss - lib\presentation\transfer\single_transfer\schedule_transfer_screen.dart:197:41 - deprecated_member_use
   info - 'withOpacity' is deprecated and shouldn't be used. Use .withValues() to avoid precision loss - lib\presentation\transfer\single_transfer\schedule_transfer_screen.dart:297:41 - deprecated_member_use
   info - 'value' is deprecated and shouldn't be used. Use initialValue instead. This will set the initial value for the form field. This feature was deprecated after v3.33.0-1.0.pre - lib\presentation\transfer\single_transfer\schedule_transfer_screen.dart:315:21 - deprecated_member_use
   info - 'withOpacity' is deprecated and shouldn't be used. Use .withValues() to avoid precision loss - lib\presentation\transfer\single_transfer\schedule_transfer_screen.dart:362:41 - deprecated_member_use
   info - 'activeColor' is deprecated and shouldn't be used. Use activeThumbColor instead. This feature was deprecated after v3.31.0-2.0.pre - lib\presentation\transfer\single_transfer\schedule_transfer_screen.dart:385:21 - deprecated_member_use
   info - Parameter 'key' could be a super parameter - lib\presentation\transfer\single_transfer\transaction_detail.dart:11:9 - use_super_parameters
   info - 'withOpacity' is deprecated and shouldn't be used. Use .withValues() to avoid precision loss - lib\presentation\transfer\single_transfer\transaction_detail.dart:40:43 - deprecated_member_use
   info - Parameter 'key' could be a super parameter - lib\presentation\transfer\single_transfer\transaction_review.dart:9:9 - use_super_parameters
   info - 'withOpacity' is deprecated and shouldn't be used. Use .withValues() to avoid precision loss - lib\presentation\transfer\single_transfer\transaction_review.dart:201:51 - deprecated_member_use
warning - Unused import: 'package:kudipay/presentation/transfer/single_transfer/schedule_transfer_screen.dart' - lib\presentation\transfer\single_transfer\transfer_amount_screen.dart:7:8 - unused_import
   info - Parameter 'key' could be a super parameter - lib\presentation\transfer\single_transfer\transfer_amount_screen.dart:12:9 - use_super_parameters
   info - 'withOpacity' is deprecated and shouldn't be used. Use .withValues() to avoid precision loss - lib\presentation\transfer\single_transfer\transfer_amount_screen.dart:451:33 - deprecated_member_use
   info - 'value' is deprecated and shouldn't be used. Use initialValue instead. This will set the initial value for the form field. This feature was deprecated after v3.33.0-1.0.pre - lib\presentation\transfer\single_transfer\transfer_amount_screen.dart:470:13 - deprecated_member_use
   info - 'withOpacity' is deprecated and shouldn't be used. Use .withValues() to avoid precision loss - lib\presentation\transfer\single_transfer\transfer_amount_screen.dart:523:33 - deprecated_member_use
   info - Parameter 'key' could be a super parameter - lib\presentation\transfer\single_transfer\transfer_menu_screen.dart:9:9 - use_super_parameters
   info - 'withOpacity' is deprecated and shouldn't be used. Use .withValues() to avoid precision loss - lib\presentation\transfer\single_transfer\transfer_menu_screen.dart:114:37 - deprecated_member_use
   info - The import of 'package:kudipay/provider/bill/bill_provider.dart' is unnecessary because all of the used elements are also provided by the import of 'package:kudipay/provider/provider.dart' - lib\presentation\transfer\single_transfer\transfer_receipt_screen.dart:8:8 - unnecessary_import
   info - Parameter 'key' could be a super parameter - lib\presentation\transfer\single_transfer\transfer_receipt_screen.dart:14:9 - use_super_parameters
   info - 'withOpacity' is deprecated and shouldn't be used. Use .withValues() to avoid precision loss - lib\presentation\transfer\single_transfer\transfer_receipt_screen.dart:736:33 - deprecated_member_use
warning - Unused import: 'package:kudipay/provider/provider_pack.dart' - lib\presentation\transfer\single_transfer\transfer_success_dialogue.dart:7:8 - unused_import
   info - Parameter 'key' could be a super parameter - lib\presentation\transfer\single_transfer\transfer_success_dialogue.dart:12:9 - use_super_parameters
   info - 'activeColor' is deprecated and shouldn't be used. Use activeThumbColor instead. This feature was deprecated after v3.31.0-2.0.pre - lib\presentation\transfer\single_transfer\transfer_success_dialogue.dart:164:23 - deprecated_member_use
   info - 'withOpacity' is deprecated and shouldn't be used. Use .withValues() to avoid precision loss - lib\presentation\transfer\single_transfer\transfer_success_dialogue.dart:166:51 - deprecated_member_use
   info - Parameter 'key' could be a super parameter - lib\presentation\tribe\choose_tribe.dart:10:9 - use_super_parameters
   info - 'withOpacity' is deprecated and shouldn't be used. Use .withValues() to avoid precision loss - lib\presentation\tribe\choose_tribe.dart:225:47 - deprecated_member_use
   info - The constant name 'BVN' isn't a lowerCamelCase identifier - lib\provider\Identity_verify\identity_verify_provider.dart:581:3 - constant_identifier_names
   info - The constant name 'NIN' isn't a lowerCamelCase identifier - lib\provider\Identity_verify\identity_verify_provider.dart:582:3 - constant_identifier_names
   info - The file name 'P2P_transfer_provider.dart' isn't a lower_case_with_underscores identifier - lib\provider\P2P_transfer\P2P_transfer_provider.dart:1:1 - file_names
warning - Unused import: 'package:flutter_riverpod/flutter_riverpod.dart' - lib\provider\agent\agent_registration_provider.dart:2:8 - unused_import
warning - Unused import: 'package:kudipay/model/user/user_info.dart' - lib\provider\auth\auth_provider.dart:7:8 - unused_import
   info - Don't invoke 'print' in production code - lib\provider\auth\auth_provider.dart:257:7 - avoid_print
warning - Unused import: 'package:flutter_riverpod/flutter_riverpod.dart' - lib\provider\cable_tv\cable_tv_provider.dart:6:8 - unused_import
warning - Unused import: 'package:flutter_riverpod/flutter_riverpod.dart' - lib\provider\cashout\cashout_provider.dart:1:8 - unused_import
warning - Unused import: 'package:flutter_riverpod/flutter_riverpod.dart' - lib\provider\electricity\electricity_provider.dart:6:8 - unused_import
  error - 'SelfieNotifier' doesn't conform to the bound 'StateNotifier<SelfieState>' of the type parameter 'NotifierT' - lib\provider\kyc\kyc_provider.dart:22:27 - type_argument_not_matching_bounds
  error - 'AddressNotifier' doesn't conform to the bound 'StateNotifier<AddressData>' of the type parameter 'NotifierT' - lib\provider\kyc\kyc_provider.dart:29:47 - type_argument_not_matching_bounds
  error - Couldn't infer type parameter 'E'.

Tried to infer 'dynamic' for 'E' which doesn't work:
  Return type declared as 'List<E>'
              used where  'Iterable<Future<_>>' is required.
The type 'dynamic' was inferred from:
  Parameter 'element' declared as     'E'
                      but argument is 'dynamic'.
  Parameter 'element' declared as     'E'
                      but argument is 'Future<void>'.

Consider passing explicit type argument(s) to the generic.

 - lib\provider\refresh\refresh_provider.dart:100:25 - could_not_infer
  error - The argument type 'List<dynamic>' can't be assigned to the parameter type 'Iterable<Future<dynamic>>'.  - lib\provider\refresh\refresh_provider.dart:100:25 - argument_type_not_assignable
warning - Unused import: 'package:flutter_riverpod/flutter_riverpod.dart' - lib\provider\request\request_provider.dart:5:8 - unused_import
   info - The private field _selectedContacts could be 'final' - lib\provider\request\request_provider.dart:15:17 - prefer_final_fields
  error - 'SelfieNotifier' doesn't conform to the bound 'StateNotifier<SelfieState>' of the type parameter 'NotifierT' - lib\provider\selfie\selfie_provider.dart:12:27 - type_argument_not_matching_bounds
  error - 'AddressNotifier' doesn't conform to the bound 'StateNotifier<AddressData>' of the type parameter 'NotifierT' - lib\provider\selfie\selfie_provider.dart:18:47 - type_argument_not_matching_bounds
  error - Classes can only extend other classes - lib\provider\tier\tier_provider.dart:78:28 - extends_non_class
  error - Too many positional arguments: 0 expected, but 1 found - lib\provider\tier\tier_provider.dart:82:15 - extra_positional_arguments
  error - Undefined name 'state' - lib\provider\tier\tier_provider.dart:97:5 - undefined_identifier
  error - Undefined name 'state' - lib\provider\tier\tier_provider.dart:97:13 - undefined_identifier
  error - Undefined name 'state' - lib\provider\tier\tier_provider.dart:103:5 - undefined_identifier
  error - Undefined name 'state' - lib\provider\tier\tier_provider.dart:103:13 - undefined_identifier
  error - Undefined name 'state' - lib\provider\tier\tier_provider.dart:128:5 - undefined_identifier
  error - Undefined name 'state' - lib\provider\tier\tier_provider.dart:128:13 - undefined_identifier
  error - Undefined name 'state' - lib\provider\tier\tier_provider.dart:131:7 - undefined_identifier
  error - Undefined name 'state' - lib\provider\tier\tier_provider.dart:131:15 - undefined_identifier
  error - Undefined name 'state' - lib\provider\tier\tier_provider.dart:137:7 - undefined_identifier
  error - Undefined name 'state' - lib\provider\tier\tier_provider.dart:137:15 - undefined_identifier
  error - Undefined name 'state' - lib\provider\tier\tier_provider.dart:146:26 - undefined_identifier
  error - Undefined name 'state' - lib\provider\tier\tier_provider.dart:147:7 - undefined_identifier
  error - Undefined name 'state' - lib\provider\tier\tier_provider.dart:147:15 - undefined_identifier
  error - Undefined name 'state' - lib\provider\tier\tier_provider.dart:151:5 - undefined_identifier
  error - Undefined name 'state' - lib\provider\tier\tier_provider.dart:151:13 - undefined_identifier
  error - Undefined name 'state' - lib\provider\tier\tier_provider.dart:157:7 - undefined_identifier
  error - Undefined name 'state' - lib\provider\tier\tier_provider.dart:157:15 - undefined_identifier
  error - Undefined name 'state' - lib\provider\tier\tier_provider.dart:165:7 - undefined_identifier
  error - Undefined name 'state' - lib\provider\tier\tier_provider.dart:165:15 - undefined_identifier
  error - Undefined name 'state' - lib\provider\tier\tier_provider.dart:176:58 - undefined_identifier
  error - Undefined name 'state' - lib\provider\tier\tier_provider.dart:181:7 - undefined_identifier
  error - Undefined name 'state' - lib\provider\tier\tier_provider.dart:181:15 - undefined_identifier
  error - Undefined name 'state' - lib\provider\tier\tier_provider.dart:185:7 - undefined_identifier
  error - Undefined name 'state' - lib\provider\tier\tier_provider.dart:185:15 - undefined_identifier
  error - Undefined name 'state' - lib\provider\tier\tier_provider.dart:193:12 - undefined_identifier
  error - Undefined name 'state' - lib\provider\tier\tier_provider.dart:202:7 - undefined_identifier
  error - Undefined name 'state' - lib\provider\tier\tier_provider.dart:204:7 - undefined_identifier
  error - Undefined name 'state' - lib\provider\tier\tier_provider.dart:204:15 - undefined_identifier
  error - The function 'StateNotifierProvider' isn't defined - lib\provider\tier\tier_provider.dart:217:22 - undefined_function
  error - Classes can only extend other classes - lib\provider\transaction\transaction_provider.dart:377:35 - extends_non_class
  error - Too many positional arguments: 0 expected, but 1 found - lib\provider\transaction\transaction_provider.dart:380:46 - extra_positional_arguments
  error - Undefined name 'state' - lib\provider\transaction\transaction_provider.dart:387:7 - undefined_identifier
  error - Undefined name 'state' - lib\provider\transaction\transaction_provider.dart:389:7 - undefined_identifier
  error - Undefined name 'state' - lib\provider\transaction\transaction_provider.dart:389:15 - undefined_identifier
  error - Undefined name 'state' - lib\provider\transaction\transaction_provider.dart:398:7 - undefined_identifier
  error - Undefined name 'state' - lib\provider\transaction\transaction_provider.dart:404:7 - undefined_identifier
  error - Undefined name 'state' - lib\provider\transaction\transaction_provider.dart:404:15 - undefined_identifier
  error - Undefined name 'state' - lib\provider\transaction\transaction_provider.dart:412:9 - undefined_identifier
  error - Undefined name 'state' - lib\provider\transaction\transaction_provider.dart:412:29 - undefined_identifier
  error - Undefined name 'state' - lib\provider\transaction\transaction_provider.dart:416:17 - undefined_identifier
  error - Undefined name 'state' - lib\provider\transaction\transaction_provider.dart:420:7 - undefined_identifier
  error - Undefined name 'state' - lib\provider\transaction\transaction_provider.dart:420:15 - undefined_identifier
  error - Undefined name 'state' - lib\provider\transaction\transaction_provider.dart:421:27 - undefined_identifier
  error - Undefined name 'state' - lib\provider\transaction\transaction_provider.dart:425:7 - undefined_identifier
  error - Undefined name 'state' - lib\provider\transaction\transaction_provider.dart:425:15 - undefined_identifier
  error - Undefined name 'state' - lib\provider\transaction\transaction_provider.dart:435:5 - undefined_identifier
  error - Undefined name 'state' - lib\provider\transaction\transaction_provider.dart:435:13 - undefined_identifier
  error - Undefined name 'state' - lib\provider\transaction\transaction_provider.dart:439:7 - undefined_identifier
  error - Undefined name 'state' - lib\provider\transaction\transaction_provider.dart:445:7 - undefined_identifier
  error - Undefined name 'state' - lib\provider\transaction\transaction_provider.dart:445:15 - undefined_identifier
  error - Undefined name 'state' - lib\provider\transaction\transaction_provider.dart:464:7 - undefined_identifier
  error - Undefined name 'state' - lib\provider\transaction\transaction_provider.dart:464:15 - undefined_identifier
  error - The function 'StateNotifierProvider' isn't defined - lib\provider\transaction\transaction_provider.dart:471:5 - undefined_function
  error - The function 'StateProvider' isn't defined - lib\provider\transaction\transaction_provider.dart:506:5 - undefined_function
  error - The function 'StateProvider' isn't defined - lib\provider\transaction\transaction_provider.dart:606:29 - undefined_function
  error - Classes can only extend other classes - lib\provider\transactionpin\transaction_pin_provider.dart:45:34 - extends_non_class
  error - Too many positional arguments: 0 expected, but 1 found - lib\provider\transactionpin\transaction_pin_provider.dart:47:45 - extra_positional_arguments
  error - Undefined name 'state' - lib\provider\transactionpin\transaction_pin_provider.dart:53:9 - undefined_identifier
  error - Undefined name 'state' - lib\provider\transactionpin\transaction_pin_provider.dart:53:50 - undefined_identifier
  error - Undefined name 'state' - lib\provider\transactionpin\transaction_pin_provider.dart:54:20 - undefined_identifier
  error - Undefined name 'state' - lib\provider\transactionpin\transaction_pin_provider.dart:55:5 - undefined_identifier
  error - Undefined name 'state' - lib\provider\transactionpin\transaction_pin_provider.dart:55:13 - undefined_identifier
  error - Undefined name 'state' - lib\provider\transactionpin\transaction_pin_provider.dart:62:9 - undefined_identifier
  error - Undefined name 'state' - lib\provider\transactionpin\transaction_pin_provider.dart:62:37 - undefined_identifier
  error - Undefined name 'state' - lib\provider\transactionpin\transaction_pin_provider.dart:63:5 - undefined_identifier
  error - Undefined name 'state' - lib\provider\transactionpin\transaction_pin_provider.dart:63:13 - undefined_identifier
  error - Undefined name 'state' - lib\provider\transactionpin\transaction_pin_provider.dart:64:19 - undefined_identifier
  error - Undefined name 'state' - lib\provider\transactionpin\transaction_pin_provider.dart:64:49 - undefined_identifier
  error - Undefined name 'state' - lib\provider\transactionpin\transaction_pin_provider.dart:70:10 - undefined_identifier
  error - Undefined name 'state' - lib\provider\transactionpin\transaction_pin_provider.dart:71:7 - undefined_identifier
  error - Undefined name 'state' - lib\provider\transactionpin\transaction_pin_provider.dart:71:15 - undefined_identifier
  error - Undefined name 'state' - lib\provider\transactionpin\transaction_pin_provider.dart:73:18 - undefined_identifier
  error - Undefined name 'state' - lib\provider\transactionpin\transaction_pin_provider.dart:74:9 - undefined_identifier
  error - Undefined name 'state' - lib\provider\transactionpin\transaction_pin_provider.dart:74:17 - undefined_identifier
  error - Undefined name 'state' - lib\provider\transactionpin\transaction_pin_provider.dart:77:27 - undefined_identifier
  error - Undefined name 'state' - lib\provider\transactionpin\transaction_pin_provider.dart:77:35 - undefined_identifier
  error - Undefined name 'state' - lib\provider\transactionpin\transaction_pin_provider.dart:80:13 - undefined_identifier
  error - Undefined name 'state' - lib\provider\transactionpin\transaction_pin_provider.dart:80:21 - undefined_identifier
  error - Undefined name 'state' - lib\provider\transactionpin\transaction_pin_provider.dart:82:31 - undefined_identifier
  error - Undefined name 'state' - lib\provider\transactionpin\transaction_pin_provider.dart:82:39 - undefined_identifier
  error - Undefined name 'state' - lib\provider\transactionpin\transaction_pin_provider.dart:87:9 - undefined_identifier
  error - Undefined name 'state' - lib\provider\transactionpin\transaction_pin_provider.dart:87:17 - undefined_identifier
  error - Undefined name 'state' - lib\provider\transactionpin\transaction_pin_provider.dart:89:27 - undefined_identifier
  error - Undefined name 'state' - lib\provider\transactionpin\transaction_pin_provider.dart:89:35 - undefined_identifier
  error - Undefined name 'state' - lib\provider\transactionpin\transaction_pin_provider.dart:95:19 - undefined_identifier
warning - The method doesn't override an inherited method - lib\provider\transactionpin\transaction_pin_provider.dart:98:8 - override_on_non_overriding_member
  error - The method 'dispose' isn't defined in a superclass of 'TxPinSetupNotifier' - lib\provider\transactionpin\transaction_pin_provider.dart:100:11 - undefined_super_member
  error - The function 'StateNotifierProvider' isn't defined - lib\provider\transactionpin\transaction_pin_provider.dart:104:28 - undefined_function
  error - Classes can only extend other classes - lib\provider\transfer\bulk_transfer_provider.dart:6:36 - extends_non_class
  error - Too many positional arguments: 0 expected, but 1 found - lib\provider\transfer\bulk_transfer_provider.dart:7:34 - extra_positional_arguments
  error - Undefined name 'state' - lib\provider\transfer\bulk_transfer_provider.dart:11:5 - undefined_identifier
  error - Undefined name 'state' - lib\provider\transfer\bulk_transfer_provider.dart:11:13 - undefined_identifier
  error - Undefined name 'state' - lib\provider\transfer\bulk_transfer_provider.dart:12:23 - undefined_identifier
  error - Undefined name 'state' - lib\provider\transfer\bulk_transfer_provider.dart:18:5 - undefined_identifier
  error - Undefined name 'state' - lib\provider\transfer\bulk_transfer_provider.dart:18:13 - undefined_identifier
  error - Undefined name 'state' - lib\provider\transfer\bulk_transfer_provider.dart:19:19 - undefined_identifier
  error - Undefined name 'state' - lib\provider\transfer\bulk_transfer_provider.dart:26:31 - undefined_identifier
  error - Undefined name 'state' - lib\provider\transfer\bulk_transfer_provider.dart:30:5 - undefined_identifier
  error - Undefined name 'state' - lib\provider\transfer\bulk_transfer_provider.dart:30:13 - undefined_identifier
  error - Undefined name 'state' - lib\provider\transfer\bulk_transfer_provider.dart:35:5 - undefined_identifier
  error - Undefined name 'state' - lib\provider\transfer\bulk_transfer_provider.dart:35:13 - undefined_identifier
  error - Undefined name 'state' - lib\provider\transfer\bulk_transfer_provider.dart:40:5 - undefined_identifier
  error - Undefined name 'state' - lib\provider\transfer\bulk_transfer_provider.dart:40:13 - undefined_identifier
  error - Undefined name 'state' - lib\provider\transfer\bulk_transfer_provider.dart:45:5 - undefined_identifier
  error - Undefined name 'state' - lib\provider\transfer\bulk_transfer_provider.dart:45:13 - undefined_identifier
  error - Undefined name 'state' - lib\provider\transfer\bulk_transfer_provider.dart:54:5 - undefined_identifier
  error - Undefined name 'state' - lib\provider\transfer\bulk_transfer_provider.dart:54:13 - undefined_identifier
  error - Undefined name 'state' - lib\provider\transfer\bulk_transfer_provider.dart:63:5 - undefined_identifier
  error - Undefined name 'state' - lib\provider\transfer\bulk_transfer_provider.dart:63:13 - undefined_identifier
  error - Undefined name 'state' - lib\provider\transfer\bulk_transfer_provider.dart:68:5 - undefined_identifier
  error - Undefined name 'state' - lib\provider\transfer\bulk_transfer_provider.dart:73:5 - undefined_identifier
  error - Undefined name 'state' - lib\provider\transfer\bulk_transfer_provider.dart:73:13 - undefined_identifier
  error - Undefined name 'state' - lib\provider\transfer\bulk_transfer_provider.dart:83:10 - undefined_identifier
  error - Undefined name 'state' - lib\provider\transfer\bulk_transfer_provider.dart:84:7 - undefined_identifier
  error - Undefined name 'state' - lib\provider\transfer\bulk_transfer_provider.dart:84:15 - undefined_identifier
  error - Undefined name 'state' - lib\provider\transfer\bulk_transfer_provider.dart:88:5 - undefined_identifier
  error - Undefined name 'state' - lib\provider\transfer\bulk_transfer_provider.dart:88:13 - undefined_identifier
  error - Undefined name 'state' - lib\provider\transfer\bulk_transfer_provider.dart:103:22 - undefined_identifier
  error - Undefined name 'state' - lib\provider\transfer\bulk_transfer_provider.dart:103:43 - undefined_identifier
  error - Undefined name 'state' - lib\provider\transfer\bulk_transfer_provider.dart:107:9 - undefined_identifier
  error - Undefined name 'state' - lib\provider\transfer\bulk_transfer_provider.dart:107:17 - undefined_identifier
  error - Undefined name 'state' - lib\provider\transfer\bulk_transfer_provider.dart:113:7 - undefined_identifier
  error - Undefined name 'state' - lib\provider\transfer\bulk_transfer_provider.dart:113:15 - undefined_identifier
  error - The function 'StateNotifierProvider' isn't defined - lib\provider\transfer\bulk_transfer_provider.dart:120:5 - undefined_function
  error - Classes can only extend other classes - lib\provider\wallet\wallet_provider.dart:82:30 - extends_non_class
  error - Too many positional arguments: 0 expected, but 1 found - lib\provider\wallet\wallet_provider.dart:83:28 - extra_positional_arguments
  error - Undefined name 'state' - lib\provider\wallet\wallet_provider.dart:88:5 - undefined_identifier
  error - Undefined name 'state' - lib\provider\wallet\wallet_provider.dart:88:13 - undefined_identifier
  error - Undefined name 'state' - lib\provider\wallet\wallet_provider.dart:98:7 - undefined_identifier
  error - Undefined name 'state' - lib\provider\wallet\wallet_provider.dart:98:15 - undefined_identifier
  error - Undefined name 'state' - lib\provider\wallet\wallet_provider.dart:107:7 - undefined_identifier
  error - Undefined name 'state' - lib\provider\wallet\wallet_provider.dart:107:15 - undefined_identifier
  error - Undefined name 'state' - lib\provider\wallet\wallet_provider.dart:112:9 - undefined_identifier
  error - Undefined name 'state' - lib\provider\wallet\wallet_provider.dart:113:5 - undefined_identifier
  error - Undefined name 'state' - lib\provider\wallet\wallet_provider.dart:113:13 - undefined_identifier
  error - Undefined name 'state' - lib\provider\wallet\wallet_provider.dart:121:7 - undefined_identifier
  error - Undefined name 'state' - lib\provider\wallet\wallet_provider.dart:121:15 - undefined_identifier
  error - Undefined name 'state' - lib\provider\wallet\wallet_provider.dart:129:7 - undefined_identifier
  error - Undefined name 'state' - lib\provider\wallet\wallet_provider.dart:129:15 - undefined_identifier
  error - Undefined name 'state' - lib\provider\wallet\wallet_provider.dart:135:9 - undefined_identifier
  error - Undefined name 'state' - lib\provider\wallet\wallet_provider.dart:136:7 - undefined_identifier
  error - Undefined name 'state' - lib\provider\wallet\wallet_provider.dart:136:15 - undefined_identifier
  error - Undefined name 'state' - lib\provider\wallet\wallet_provider.dart:136:39 - undefined_identifier
  error - The function 'StateNotifierProvider' isn't defined - lib\provider\wallet\wallet_provider.dart:141:24 - undefined_function
warning - Unused import: 'dart:convert' - lib\services\api_services.dart:5:8 - unused_import
warning - Unused import: 'dart:io' - lib\services\bill_service.dart:27:8 - unused_import
warning - Unused import: 'package:http/http.dart' - lib\services\bill_service.dart:28:8 - unused_import
warning - Unused import: 'dart:convert' - lib\services\bill_service.dart:29:8 - unused_import
warning - The declaration '_headers' isn't referenced - lib\services\bill_service.dart:65:27 - unused_element
warning - The declaration '_generateRequestId' isn't referenced - lib\services\bill_service.dart:364:10 - unused_element
  error - A value of type 'bool' can't be returned from the function 'displayName' because it has a return type of 'String' - lib\services\connectivity_service.dart:131:19 - return_of_invalid_type
  error - The name 'PermissionStatus' is defined in the libraries 'package:flutter_contacts/models/permissions/permission_status.dart (via package:flutter_contacts/flutter_contacts.dart)' and 'package:permission_handler_platform_interface/permission_handler_platform_interface.dart (via package:permission_handler/permission_handler.dart)' - lib\services\contact_service.dart:120:38 - ambiguous_import
   info - Statements in an if should be enclosed in a block - lib\services\contact_service.dart:123:7 - curly_braces_in_flow_control_structures
  error - The method 'getContacts' isn't defined for the type 'FlutterContacts' - lib\services\contact_service.dart:140:47 - undefined_method
  error - The argument type 'Label<PhoneLabel>' can't be assigned to the parameter type 'PhoneLabel'.  - lib\services\contact_service.dart:262:27 - argument_type_not_assignable
  error - There's no constant named 'fax' in 'PhoneLabel' - lib\services\contact_service.dart:365:23 - undefined_enum_constant
warning - Unused import: 'dart:convert' - lib\services\email_change_services.dart:1:8 - unused_import
warning - Unused import: 'package:http/http.dart' - lib\services\email_change_services.dart:2:8 - unused_import
   info - Don't invoke 'print' in production code - lib\services\email_change_services.dart:118:7 - avoid_print
   info - 'desiredAccuracy' is deprecated and shouldn't be used. use settings parameter with AndroidSettings, AppleSettings, WebSettings, or LocationSettings - lib\services\geo_service.dart:46:7 - deprecated_member_use
   info - 'timeLimit' is deprecated and shouldn't be used. use settings parameter with AndroidSettings, AppleSettings, WebSettings, or LocationSettings - lib\services\geo_service.dart:47:7 - deprecated_member_use
warning - Unused import: 'dart:convert' - lib\services\id_verification_services.dart:3:8 - unused_import
warning - Unused import: 'package:http/http.dart' - lib\services\id_verification_services.dart:6:8 - unused_import
   info - The constant name 'BVN' isn't a lowerCamelCase identifier - lib\services\id_verification_services.dart:11:3 - constant_identifier_names
   info - The constant name 'NIN' isn't a lowerCamelCase identifier - lib\services\id_verification_services.dart:12:3 - constant_identifier_names
warning - Unused import: 'package:http/http.dart' - lib\services\notification_preference_services.dart:2:8 - unused_import
warning - The value of the field '_storageService' isn't used - lib\services\notification_preference_services.dart:11:24 - unused_field
   info - Don't invoke 'print' in production code - lib\services\notification_preference_services.dart:105:7 - avoid_print
   info - Don't invoke 'print' in production code - lib\services\notification_preference_services.dart:118:7 - avoid_print
   info - 'encryptedSharedPreferences' is deprecated and shouldn't be used. EncryptedSharedPreferences is deprecated and will be removed in v11. The Jetpack Security library is deprecated by Google. Your data will be automatically migrated to custom ciphers on first access. Remove this parameter - it will be ignored - lib\services\storage_services.dart:54:7 - deprecated_member_use
   info - 'encryptedSharedPreferences' is deprecated and shouldn't be used. EncryptedSharedPreferences is deprecated and will be removed in v11. The Jetpack Security library is deprecated by Google. Your data will be automatically migrated to custom ciphers on first access. Remove this parameter - it will be ignored - lib\services\transaction_pin_service.dart:30:30 - deprecated_member_use
warning - The value of the local variable 'validPasscode3' isn't used - test\storage_service_pin_test.dart:30:9 - unused_local_variable

flutter : 1731 issues found. (ran in 914.7s)
At line:1 char:1
+ flutter analyze > errors.txt 2>&1
+ ~~~~~~~~~~~~~~~~~~~~~~~~~~~~~~~~~
    + CategoryInfo          : NotSpecified: (1731 issues found. (ran in 914.7s):String) [], RemoteException
    + FullyQualifiedErrorId : NativeCommandError
 
